../Core/Src/main.c:103:19:PK_X	16	static
../Core/Src/main.c:104:19:CAR_X	16	static
../Core/Src/main.c:105:19:CAR_Y	16	static
../Core/Src/main.c:106:19:SEM_X	16	static
../Core/Src/main.c:107:19:SEM_Y_UP_LABEL	4	static
../Core/Src/main.c:108:19:SEM_Y_DOWN_LABEL	4	static
../Core/Src/main.c:110:20:UI_Clear	16	static
../Core/Src/main.c:111:20:UI_TextSmall	32	static
../Core/Src/main.c:113:13:UI_TextCenteredOffset	40	static
../Core/Src/main.c:117:20:UI_Bitmap	40	static
../Core/Src/main.c:119:24:rd565HL	16	static
../Core/Src/main.c:120:24:wr565HL	16	static
../Core/Src/main.c:165:13:Scale565_HL_to_HL	56	static
../Core/Src/main.c:179:13:Assets_PrepareScaled	16	static
../Core/Src/main.c:188:13:Compose_Car_Over_Slot	48	static
../Core/Src/main.c:202:13:DrawSlotBase	32	static
../Core/Src/main.c:206:13:DrawCarOverlay	48	static
../Core/Src/main.c:213:13:DrawSemLabel	48	static
../Core/Src/main.c:219:13:DrawParqueoSlot_All	24	static
../Core/Src/main.c:226:13:DrawPanelDigit	32	static
../Core/Src/main.c:234:20:bit_is_set	16	static
../Core/Src/main.c:236:13:UI_RefreshDiff	48	static
../Core/Src/main.c:258:13:I2C_WriteReg	32	static
../Core/Src/main.c:261:13:I2C_ReadReg	32	static
../Core/Src/main.c:266:23:read_pin	16	static
../Core/Src/main.c:273:23:pack_P5P8	16	static
../Core/Src/main.c:280:16:ReadIR_P5P8	16	static
../Core/Src/main.c:300:5:main	40	static
../Core/Src/main.c:362:6:SystemClock_Config	88	static
../Core/Src/main.c:391:13:MX_I2C1_Init	8	static
../Core/Src/main.c:405:13:MX_SPI1_Init	8	static
../Core/Src/main.c:422:13:MX_TIM11_Init	8	static
../Core/Src/main.c:433:13:MX_USART2_UART_Init	8	static
../Core/Src/main.c:446:13:MX_GPIO_Init	48	static
../Core/Src/main.c:485:6:Error_Handler	4	static,ignoring_inline_asm
