Archive member included to satisfy reference by file (symbol)

C:/Users/mario/OneDrive/Documentos/GitHub/STM32CubeIDE_1.19.0/STM32CubeIDE/plugins/com.st.stm32cube.ide.mcu.externaltools.gnu-tools-for-stm32.13.3.rel1.win32_1.0.0.202411081344/tools/bin/../lib/gcc/arm-none-eabi/13.3.1/../../../../arm-none-eabi/lib/thumb/v7e-m+fp/hard\libc_nano.a(libc_a-exit.o)
                              C:/Users/mario/OneDrive/Documentos/GitHub/STM32CubeIDE_1.19.0/STM32CubeIDE/plugins/com.st.stm32cube.ide.mcu.externaltools.gnu-tools-for-stm32.13.3.rel1.win32_1.0.0.202411081344/tools/bin/../lib/gcc/arm-none-eabi/13.3.1/../../../../arm-none-eabi/lib/thumb/v7e-m+fp/hard/crt0.o (exit)
C:/Users/mario/OneDrive/Documentos/GitHub/STM32CubeIDE_1.19.0/STM32CubeIDE/plugins/com.st.stm32cube.ide.mcu.externaltools.gnu-tools-for-stm32.13.3.rel1.win32_1.0.0.202411081344/tools/bin/../lib/gcc/arm-none-eabi/13.3.1/../../../../arm-none-eabi/lib/thumb/v7e-m+fp/hard\libc_nano.a(libc_a-findfp.o)
                              C:/Users/mario/OneDrive/Documentos/GitHub/STM32CubeIDE_1.19.0/STM32CubeIDE/plugins/com.st.stm32cube.ide.mcu.externaltools.gnu-tools-for-stm32.13.3.rel1.win32_1.0.0.202411081344/tools/bin/../lib/gcc/arm-none-eabi/13.3.1/../../../../arm-none-eabi/lib/thumb/v7e-m+fp/hard\libc_nano.a(libc_a-exit.o) (__stdio_exit_handler)
C:/Users/mario/OneDrive/Documentos/GitHub/STM32CubeIDE_1.19.0/STM32CubeIDE/plugins/com.st.stm32cube.ide.mcu.externaltools.gnu-tools-for-stm32.13.3.rel1.win32_1.0.0.202411081344/tools/bin/../lib/gcc/arm-none-eabi/13.3.1/../../../../arm-none-eabi/lib/thumb/v7e-m+fp/hard\libc_nano.a(libc_a-fwalk.o)
                              C:/Users/mario/OneDrive/Documentos/GitHub/STM32CubeIDE_1.19.0/STM32CubeIDE/plugins/com.st.stm32cube.ide.mcu.externaltools.gnu-tools-for-stm32.13.3.rel1.win32_1.0.0.202411081344/tools/bin/../lib/gcc/arm-none-eabi/13.3.1/../../../../arm-none-eabi/lib/thumb/v7e-m+fp/hard\libc_nano.a(libc_a-findfp.o) (_fwalk_sglue)
C:/Users/mario/OneDrive/Documentos/GitHub/STM32CubeIDE_1.19.0/STM32CubeIDE/plugins/com.st.stm32cube.ide.mcu.externaltools.gnu-tools-for-stm32.13.3.rel1.win32_1.0.0.202411081344/tools/bin/../lib/gcc/arm-none-eabi/13.3.1/../../../../arm-none-eabi/lib/thumb/v7e-m+fp/hard\libc_nano.a(libc_a-stdio.o)
                              C:/Users/mario/OneDrive/Documentos/GitHub/STM32CubeIDE_1.19.0/STM32CubeIDE/plugins/com.st.stm32cube.ide.mcu.externaltools.gnu-tools-for-stm32.13.3.rel1.win32_1.0.0.202411081344/tools/bin/../lib/gcc/arm-none-eabi/13.3.1/../../../../arm-none-eabi/lib/thumb/v7e-m+fp/hard\libc_nano.a(libc_a-findfp.o) (__sread)
C:/Users/mario/OneDrive/Documentos/GitHub/STM32CubeIDE_1.19.0/STM32CubeIDE/plugins/com.st.stm32cube.ide.mcu.externaltools.gnu-tools-for-stm32.13.3.rel1.win32_1.0.0.202411081344/tools/bin/../lib/gcc/arm-none-eabi/13.3.1/../../../../arm-none-eabi/lib/thumb/v7e-m+fp/hard\libc_nano.a(libc_a-memset.o)
                              C:/Users/mario/OneDrive/Documentos/GitHub/STM32CubeIDE_1.19.0/STM32CubeIDE/plugins/com.st.stm32cube.ide.mcu.externaltools.gnu-tools-for-stm32.13.3.rel1.win32_1.0.0.202411081344/tools/bin/../lib/gcc/arm-none-eabi/13.3.1/../../../../arm-none-eabi/lib/thumb/v7e-m+fp/hard/crt0.o (memset)
C:/Users/mario/OneDrive/Documentos/GitHub/STM32CubeIDE_1.19.0/STM32CubeIDE/plugins/com.st.stm32cube.ide.mcu.externaltools.gnu-tools-for-stm32.13.3.rel1.win32_1.0.0.202411081344/tools/bin/../lib/gcc/arm-none-eabi/13.3.1/../../../../arm-none-eabi/lib/thumb/v7e-m+fp/hard\libc_nano.a(libc_a-strncpy.o)
                              ./Core/Src/main.o (strncpy)
C:/Users/mario/OneDrive/Documentos/GitHub/STM32CubeIDE_1.19.0/STM32CubeIDE/plugins/com.st.stm32cube.ide.mcu.externaltools.gnu-tools-for-stm32.13.3.rel1.win32_1.0.0.202411081344/tools/bin/../lib/gcc/arm-none-eabi/13.3.1/../../../../arm-none-eabi/lib/thumb/v7e-m+fp/hard\libc_nano.a(libc_a-closer.o)
                              C:/Users/mario/OneDrive/Documentos/GitHub/STM32CubeIDE_1.19.0/STM32CubeIDE/plugins/com.st.stm32cube.ide.mcu.externaltools.gnu-tools-for-stm32.13.3.rel1.win32_1.0.0.202411081344/tools/bin/../lib/gcc/arm-none-eabi/13.3.1/../../../../arm-none-eabi/lib/thumb/v7e-m+fp/hard\libc_nano.a(libc_a-stdio.o) (_close_r)
C:/Users/mario/OneDrive/Documentos/GitHub/STM32CubeIDE_1.19.0/STM32CubeIDE/plugins/com.st.stm32cube.ide.mcu.externaltools.gnu-tools-for-stm32.13.3.rel1.win32_1.0.0.202411081344/tools/bin/../lib/gcc/arm-none-eabi/13.3.1/../../../../arm-none-eabi/lib/thumb/v7e-m+fp/hard\libc_nano.a(libc_a-reent.o)
                              C:/Users/mario/OneDrive/Documentos/GitHub/STM32CubeIDE_1.19.0/STM32CubeIDE/plugins/com.st.stm32cube.ide.mcu.externaltools.gnu-tools-for-stm32.13.3.rel1.win32_1.0.0.202411081344/tools/bin/../lib/gcc/arm-none-eabi/13.3.1/../../../../arm-none-eabi/lib/thumb/v7e-m+fp/hard\libc_nano.a(libc_a-closer.o) (errno)
[...]
Memory Configuration

Name             Origin             Length             Attributes
RAM              0x20000000         0x00020000         xrw
FLASH            0x08000000         0x00080000         xr
*default*        0x00000000         0xffffffff

Linker script and memory map

LOAD C:/Users/mario/OneDrive/Documentos/GitHub/STM32CubeIDE_1.19.0/STM32CubeIDE/plugins/com.st.stm32cube.ide.mcu.externaltools.gnu-tools-for-stm32.13.3.rel1.win32_1.0.0.202411081344/tools/bin/../lib/gcc/arm-none-eabi/13.3.1/thumb/v7e-m+fp/hard/crti.o
LOAD C:/Users/mario/OneDrive/Documentos/GitHub/STM32CubeIDE_1.19.0/STM32CubeIDE/plugins/com.st.stm32cube.ide.mcu.externaltools.gnu-tools-for-stm32.13.3.rel1.win32_1.0.0.202411081344/tools/bin/../lib/gcc/arm-none-eabi/13.3.1/thumb/v7e-m+fp/hard/crtbegin.o
LOAD C:/Users/mario/OneDrive/Documentos/GitHub/STM32CubeIDE_1.19.0/STM32CubeIDE/plugins/com.st.stm32cube.ide.mcu.externaltools.gnu-tools-for-stm32.13.3.rel1.win32_1.0.0.202411081344/tools/bin/../lib/gcc/arm-none-eabi/13.3.1/../../../../arm-none-eabi/lib/thumb/v7e-m+fp/hard/crt0.o
LOAD ./Core/Src/main.o
LOAD ./Core/Src/stm32f4xx_hal_msp.o
LOAD ./Core/Src/stm32f4xx_it.o
LOAD ./Core/Src/syscalls.o
LOAD ./Core/Src/sysmem.o
LOAD ./Core/Src/system_stm32f4xx.o
LOAD ./Core/Startup/startup_stm32f446retx.o
LOAD ./Drivers/STM32F4xx_HAL_Driver/Src/stm32f4xx_hal.o
LOAD ./Drivers/STM32F4xx_HAL_Driver/Src/stm32f4xx_hal_cortex.o
LOAD ./Drivers/STM32F4xx_HAL_Driver/Src/stm32f4xx_hal_dma.o
LOAD ./Drivers/STM32F4xx_HAL_Driver/Src/stm32f4xx_hal_dma_ex.o
LOAD ./Drivers/STM32F4xx_HAL_Driver/Src/stm32f4xx_hal_exti.o
LOAD ./Drivers/STM32F4xx_HAL_Driver/Src/stm32f4xx_hal_flash.o
LOAD ./Drivers/STM32F4xx_HAL_Driver/Src/stm32f4xx_hal_flash_ex.o
LOAD ./Drivers/STM32F4xx_HAL_Driver/Src/stm32f4xx_hal_flash_ramfunc.o
LOAD ./Drivers/STM32F4xx_HAL_Driver/Src/stm32f4xx_hal_gpio.o
LOAD ./Drivers/STM32F4xx_HAL_Driver/Src/stm32f4xx_hal_pwr.o
LOAD ./Drivers/STM32F4xx_HAL_Driver/Src/stm32f4xx_hal_pwr_ex.o
LOAD ./Drivers/STM32F4xx_HAL_Driver/Src/stm32f4xx_hal_rcc.o
LOAD ./Drivers/STM32F4xx_HAL_Driver/Src/stm32f4xx_hal_rcc_ex.o
LOAD ./Drivers/STM32F4xx_HAL_Driver/Src/stm32f4xx_hal_uart.o
START GROUP
LOAD C:/Users/mario/OneDrive/Documentos/GitHub/STM32CubeIDE_1.19.0/STM32CubeIDE/plugins/com.st.stm32cube.ide.mcu.externaltools.gnu-tools-for-stm32.13.3.rel1.win32_1.0.0.202411081344/tools/bin/../lib/gcc/arm-none-eabi/13.3.1/../../../../arm-none-eabi/lib/thumb/v7e-m+fp/hard\libc_nano.a
LOAD C:/Users/mario/OneDrive/Documentos/GitHub/STM32CubeIDE_1.19.0/STM32CubeIDE/plugins/com.st.stm32cube.ide.mcu.externaltools.gnu-tools-for-stm32.13.3.rel1.win32_1.0.0.202411081344/tools/bin/../lib/gcc/arm-none-eabi/13.3.1/../../../../arm-none-eabi/lib/thumb/v7e-m+fp/hard\libm.a
END GROUP
START GROUP
LOAD C:/Users/mario/OneDrive/Documentos/GitHub/STM32CubeIDE_1.19.0/STM32CubeIDE/plugins/com.st.stm32cube.ide.mcu.externaltools.gnu-tools-for-stm32.13.3.rel1.win32_1.0.0.202411081344/tools/bin/../lib/gcc/arm-none-eabi/13.3.1/thumb/v7e-m+fp/hard\libgcc.a
LOAD C:/Users/mario/OneDrive/Documentos/GitHub/STM32CubeIDE_1.19.0/STM32CubeIDE/plugins/com.st.stm32cube.ide.mcu.externaltools.gnu-tools-for-stm32.13.3.rel1.win32_1.0.0.202411081344/tools/bin/../lib/gcc/arm-none-eabi/13.3.1/../../../../arm-none-eabi/lib/thumb/v7e-m+fp/hard\libc_nano.a
END GROUP
START GROUP
LOAD C:/Users/mario/OneDrive/Documentos/GitHub/STM32CubeIDE_1.19.0/STM32CubeIDE/plugins/com.st.stm32cube.ide.mcu.externaltools.gnu-tools-for-stm32.13.3.rel1.win32_1.0.0.202411081344/tools/bin/../lib/gcc/arm-none-eabi/13.3.1/thumb/v7e-m+fp/hard\libgcc.a
LOAD C:/Users/mario/OneDrive/Documentos/GitHub/STM32CubeIDE_1.19.0/STM32CubeIDE/plugins/com.st.stm32cube.ide.mcu.externaltools.gnu-tools-for-stm32.13.3.rel1.win32_1.0.0.202411081344/tools/bin/../lib/gcc/arm-none-eabi/13.3.1/../../../../arm-none-eabi/lib/thumb/v7e-m+fp/hard\libc_nano.a
LOAD C:/Users/mario/OneDrive/Documentos/GitHub/STM32CubeIDE_1.19.0/STM32CubeIDE/plugins/com.st.stm32cube.ide.mcu.externaltools.gnu-tools-for-stm32.13.3.rel1.win32_1.0.0.202411081344/tools/bin/../lib/gcc/arm-none-eabi/13.3.1/../../../../arm-none-eabi/lib/thumb/v7e-m+fp/hard\libnosys.a
END GROUP
START GROUP
LOAD C:/Users/mario/OneDrive/Documentos/GitHub/STM32CubeIDE_1.19.0/STM32CubeIDE/plugins/com.st.stm32cube.ide.mcu.externaltools.gnu-tools-for-stm32.13.3.rel1.win32_1.0.0.202411081344/tools/bin/../lib/gcc/arm-none-eabi/13.3.1/thumb/v7e-m+fp/hard\libgcc.a
LOAD C:/Users/mario/OneDrive/Documentos/GitHub/STM32CubeIDE_1.19.0/STM32CubeIDE/plugins/com.st.stm32cube.ide.mcu.externaltools.gnu-tools-for-stm32.13.3.rel1.win32_1.0.0.202411081344/tools/bin/../lib/gcc/arm-none-eabi/13.3.1/../../../../arm-none-eabi/lib/thumb/v7e-m+fp/hard\libc_nano.a
LOAD C:/Users/mario/OneDrive/Documentos/GitHub/STM32CubeIDE_1.19.0/STM32CubeIDE/plugins/com.st.stm32cube.ide.mcu.externaltools.gnu-tools-for-stm32.13.3.rel1.win32_1.0.0.202411081344/tools/bin/../lib/gcc/arm-none-eabi/13.3.1/../../../../arm-none-eabi/lib/thumb/v7e-m+fp/hard\libnosys.a
END GROUP
LOAD C:/Users/mario/OneDrive/Documentos/GitHub/STM32CubeIDE_1.19.0/STM32CubeIDE/plugins/com.st.stm32cube.ide.mcu.externaltools.gnu-tools-for-stm32.13.3.rel1.win32_1.0.0.202411081344/tools/bin/../lib/gcc/arm-none-eabi/13.3.1/thumb/v7e-m+fp/hard/crtend.o
LOAD C:/Users/mario/OneDrive/Documentos/GitHub/STM32CubeIDE_1.19.0/STM32CubeIDE/plugins/com.st.stm32cube.ide.mcu.externaltools.gnu-tools-for-stm32.13.3.rel1.win32_1.0.0.202411081344/tools/bin/../lib/gcc/arm-none-eabi/13.3.1/thumb/v7e-m+fp/hard/crtn.o
                0x20020000                        _estack = (ORIGIN (RAM) + LENGTH (RAM))
                0x00000200                        _Min_Heap_Size = 0x200
                0x00000400                        _Min_Stack_Size = 0x400

.isr_vector     0x08000000      0x1c4
                0x08000000                        . = ALIGN (0x4)
 *(.isr_vector)
 .isr_vector    0x08000000      0x1c4 ./Core/Startup/startup_stm32f446retx.o
                0x08000000                g_pfnVectors
                0x080001c4                        . = ALIGN (0x4)

.text           0x080001c4     0x2f14
                0x080001c4                        . = ALIGN (0x4)
 *(.text)
 .text          0x080001c4       0x40 C:/Users/mario/OneDrive/Documentos/GitHub/STM32CubeIDE_1.19.0/STM32CubeIDE/plugins/com.st.stm32cube.ide.mcu.externaltools.gnu-tools-for-stm32.13.3.rel1.win32_1.0.0.202411081344/tools/bin/../lib/gcc/arm-none-eabi/13.3.1/thumb/v7e-m+fp/hard/crtbegin.o
 .text          0x08000204       0x10 C:/Users/mario/OneDrive/Documentos/GitHub/STM32CubeIDE_1.19.0/STM32CubeIDE/plugins/com.st.stm32cube.ide.mcu.externaltools.gnu-tools-for-stm32.13.3.rel1.win32_1.0.0.202411081344/tools/bin/../lib/gcc/arm-none-eabi/13.3.1/../../../../arm-none-eabi/lib/thumb/v7e-m+fp/hard\libc_nano.a(libc_a-strlen.o)
                0x08000204                strlen
 .text          0x08000214       0x30 C:/Users/mario/OneDrive/Documentos/GitHub/STM32CubeIDE_1.19.0/STM32CubeIDE/plugins/com.st.stm32cube.ide.mcu.externaltools.gnu-tools-for-stm32.13.3.rel1.win32_1.0.0.202411081344/tools/bin/../lib/gcc/arm-none-eabi/13.3.1/thumb/v7e-m+fp/hard\libgcc.a(_aeabi_uldivmod.o)
                0x08000214                __aeabi_uldivmod
 .text          0x08000244      0x2f8 C:/Users/mario/OneDrive/Documentos/GitHub/STM32CubeIDE_1.19.0/STM32CubeIDE/plugins/com.st.stm32cube.ide.mcu.externaltools.gnu-tools-for-stm32.13.3.rel1.win32_1.0.0.202411081344/tools/bin/../lib/gcc/arm-none-eabi/13.3.1/thumb/v7e-m+fp/hard\libgcc.a(_udivmoddi4.o)
                0x08000244                __udivmoddi4
 .text          0x0800053c        0x4 C:/Users/mario/OneDrive/Documentos/GitHub/STM32CubeIDE_1.19.0/STM32CubeIDE/plugins/com.st.stm32cube.ide.mcu.externaltools.gnu-tools-for-stm32.13.3.rel1.win32_1.0.0.202411081344/tools/bin/../lib/gcc/arm-none-eabi/13.3.1/thumb/v7e-m+fp/hard\libgcc.a(_dvmd_tls.o)
                0x0800053c                __aeabi_idiv0
                0x0800053c                __aeabi_ldiv0
 *(.text*)
 .text.map_action
                0x08000540       0xb0 ./Core/Src/main.o
 .text.main     0x080005f0       0x30 ./Core/Src/main.o
                0x080005f0                main
 .text.SystemClock_Config
                0x08000620       0xdc ./Core/Src/main.o
                0x08000620                SystemClock_Config
 .text.MX_USART2_UART_Init
                0x080006fc       0x54 ./Core/Src/main.o
 .text.MX_USART3_UART_Init
                0x08000750       0x54 ./Core/Src/main.o
 .text.MX_GPIO_Init
                0x080007a4       0xdc ./Core/Src/main.o
 .text.HAL_UART_RxCpltCallback
                0x08000880       0x88 ./Core/Src/main.o
                0x08000880                HAL_UART_RxCpltCallback
 .text.HAL_UART_ErrorCallback
                0x08000908       0x30 ./Core/Src/main.o
                0x08000908                HAL_UART_ErrorCallback
 .text.Error_Handler
                0x08000938        0xc ./Core/Src/main.o
                0x08000938                Error_Handler
 .text.HAL_MspInit
                0x08000944       0x50 ./Core/Src/stm32f4xx_hal_msp.o
                0x08000944                HAL_MspInit
 .text.HAL_UART_MspInit
                0x08000994      0x15c ./Core/Src/stm32f4xx_hal_msp.o
                0x08000994                HAL_UART_MspInit
 .text.NMI_Handler
                0x08000af0        0x8 ./Core/Src/stm32f4xx_it.o
                0x08000af0                NMI_Handler
 .text.HardFault_Handler
                0x08000af8        0x8 ./Core/Src/stm32f4xx_it.o
                0x08000af8                HardFault_Handler
 .text.MemManage_Handler
                0x08000b00        0x8 ./Core/Src/stm32f4xx_it.o
                0x08000b00                MemManage_Handler
 .text.BusFault_Handler
                0x08000b08        0x8 ./Core/Src/stm32f4xx_it.o
                0x08000b08                BusFault_Handler
 .text.UsageFault_Handler
                0x08000b10        0x8 ./Core/Src/stm32f4xx_it.o
                0x08000b10                UsageFault_Handler
 .text.SVC_Handler
                0x08000b18        0xe ./Core/Src/stm32f4xx_it.o
                0x08000b18                SVC_Handler
 .text.DebugMon_Handler
                0x08000b26        0xe ./Core/Src/stm32f4xx_it.o
                0x08000b26                DebugMon_Handler
 .text.PendSV_Handler
                0x08000b34        0xe ./Core/Src/stm32f4xx_it.o
                0x08000b34                PendSV_Handler
 .text.SysTick_Handler
                0x08000b42        0xc ./Core/Src/stm32f4xx_it.o
                0x08000b42                SysTick_Handler
 *fill*         0x08000b4e        0x2 
 .text.USART2_IRQHandler
                0x08000b50       0x14 ./Core/Src/stm32f4xx_it.o
                0x08000b50                USART2_IRQHandler
 .text.USART3_IRQHandler
                0x08000b64       0x14 ./Core/Src/stm32f4xx_it.o
                0x08000b64                USART3_IRQHandler
 .text.SystemInit
                0x08000b78       0x24 ./Core/Src/system_stm32f4xx.o
                0x08000b78                SystemInit
 .text.Reset_Handler
                0x08000b9c       0x50 ./Core/Startup/startup_stm32f446retx.o
                0x08000b9c                Reset_Handler
 .text.Default_Handler
                0x08000bec        0x2 ./Core/Startup/startup_stm32f446retx.o
                0x08000bec                RTC_Alarm_IRQHandler
                0x08000bec                EXTI2_IRQHandler
                0x08000bec                TIM8_CC_IRQHandler
                0x08000bec                FMPI2C1_EV_IRQHandler
                0x08000bec                SPI4_IRQHandler
                0x08000bec                TIM1_CC_IRQHandler
                0x08000bec                DMA2_Stream5_IRQHandler
                0x08000bec                DMA1_Stream5_IRQHandler
                0x08000bec                PVD_IRQHandler
                0x08000bec                SDIO_IRQHandler
                0x08000bec                TAMP_STAMP_IRQHandler
                0x08000bec                CAN2_RX1_IRQHandler
                0x08000bec                EXTI3_IRQHandler
                0x08000bec                TIM8_TRG_COM_TIM14_IRQHandler
                0x08000bec                TIM1_UP_TIM10_IRQHandler
                0x08000bec                TIM8_UP_TIM13_IRQHandler
                0x08000bec                I2C3_ER_IRQHandler
                0x08000bec                EXTI0_IRQHandler
                0x08000bec                I2C2_EV_IRQHandler
                0x08000bec                DMA1_Stream2_IRQHandler
                0x08000bec                CAN1_RX0_IRQHandler
                0x08000bec                FPU_IRQHandler
                0x08000bec                OTG_HS_WKUP_IRQHandler
                0x08000bec                CAN2_SCE_IRQHandler
                0x08000bec                DMA2_Stream2_IRQHandler
                0x08000bec                SPI1_IRQHandler
                0x08000bec                TIM6_DAC_IRQHandler
                0x08000bec                TIM1_BRK_TIM9_IRQHandler
                0x08000bec                DCMI_IRQHandler
                0x08000bec                CAN2_RX0_IRQHandler
                0x08000bec                DMA2_Stream3_IRQHandler
                0x08000bec                SAI2_IRQHandler
                0x08000bec                USART6_IRQHandler
                0x08000bec                CAN1_RX1_IRQHandler
                0x08000bec                UART5_IRQHandler
                0x08000bec                DMA2_Stream0_IRQHandler
                0x08000bec                TIM4_IRQHandler
                0x08000bec                QUADSPI_IRQHandler
                0x08000bec                I2C1_EV_IRQHandler
                0x08000bec                DMA1_Stream6_IRQHandler
                0x08000bec                DMA1_Stream1_IRQHandler
                0x08000bec                UART4_IRQHandler
                0x08000bec                TIM3_IRQHandler
                0x08000bec                RCC_IRQHandler
                0x08000bec                TIM8_BRK_TIM12_IRQHandler
                0x08000bec                Default_Handler
                0x08000bec                CEC_IRQHandler
                0x08000bec                EXTI15_10_IRQHandler
                0x08000bec                ADC_IRQHandler
                0x08000bec                DMA1_Stream7_IRQHandler
                0x08000bec                TIM7_IRQHandler
                0x08000bec                CAN2_TX_IRQHandler
                0x08000bec                TIM5_IRQHandler
                0x08000bec                DMA2_Stream7_IRQHandler
                0x08000bec                I2C3_EV_IRQHandler
                0x08000bec                EXTI9_5_IRQHandler
                0x08000bec                RTC_WKUP_IRQHandler
                0x08000bec                SPDIF_RX_IRQHandler
                0x08000bec                SPI2_IRQHandler
                0x08000bec                OTG_HS_EP1_IN_IRQHandler
                0x08000bec                DMA1_Stream0_IRQHandler
                0x08000bec                CAN1_TX_IRQHandler
                0x08000bec                FMPI2C1_ER_IRQHandler
                0x08000bec                EXTI4_IRQHandler
                0x08000bec                OTG_HS_EP1_OUT_IRQHandler
                0x08000bec                WWDG_IRQHandler
                0x08000bec                TIM2_IRQHandler
                0x08000bec                OTG_FS_WKUP_IRQHandler
                0x08000bec                TIM1_TRG_COM_TIM11_IRQHandler
                0x08000bec                OTG_HS_IRQHandler
                0x08000bec                EXTI1_IRQHandler
                0x08000bec                I2C2_ER_IRQHandler
                0x08000bec                DMA2_Stream1_IRQHandler
                0x08000bec                CAN1_SCE_IRQHandler
                0x08000bec                FLASH_IRQHandler
                0x08000bec                DMA2_Stream4_IRQHandler
                0x08000bec                USART1_IRQHandler
                0x08000bec                OTG_FS_IRQHandler
                0x08000bec                SPI3_IRQHandler
                0x08000bec                DMA1_Stream4_IRQHandler
                0x08000bec                I2C1_ER_IRQHandler
                0x08000bec                FMC_IRQHandler
                0x08000bec                DMA2_Stream6_IRQHandler
                0x08000bec                SAI1_IRQHandler
                0x08000bec                DMA1_Stream3_IRQHandler
 *fill*         0x08000bee        0x2 
 .text.HAL_Init
                0x08000bf0       0x44 ./Drivers/STM32F4xx_HAL_Driver/Src/stm32f4xx_hal.o
                0x08000bf0                HAL_Init
 .text.HAL_InitTick
                0x08000c34       0x60 ./Drivers/STM32F4xx_HAL_Driver/Src/stm32f4xx_hal.o
                0x08000c34                HAL_InitTick
 .text.HAL_IncTick
                0x08000c94       0x28 ./Drivers/STM32F4xx_HAL_Driver/Src/stm32f4xx_hal.o
                0x08000c94                HAL_IncTick
 .text.HAL_GetTick
                0x08000cbc       0x18 ./Drivers/STM32F4xx_HAL_Driver/Src/stm32f4xx_hal.o
                0x08000cbc                HAL_GetTick
 .text.__NVIC_SetPriorityGrouping
                0x08000cd4       0x48 ./Drivers/STM32F4xx_HAL_Driver/Src/stm32f4xx_hal_cortex.o
 .text.__NVIC_GetPriorityGrouping
                0x08000d1c       0x1c ./Drivers/STM32F4xx_HAL_Driver/Src/stm32f4xx_hal_cortex.o
 .text.__NVIC_EnableIRQ
                0x08000d38       0x3c ./Drivers/STM32F4xx_HAL_Driver/Src/stm32f4xx_hal_cortex.o
 .text.__NVIC_SetPriority
                0x08000d74       0x54 ./Drivers/STM32F4xx_HAL_Driver/Src/stm32f4xx_hal_cortex.o
 .text.NVIC_EncodePriority
                0x08000dc8       0x66 ./Drivers/STM32F4xx_HAL_Driver/Src/stm32f4xx_hal_cortex.o
 *fill*         0x08000e2e        0x2 
 .text.SysTick_Config
                0x08000e30       0x44 ./Drivers/STM32F4xx_HAL_Driver/Src/stm32f4xx_hal_cortex.o
 .text.HAL_NVIC_SetPriorityGrouping
                0x08000e74       0x16 ./Drivers/STM32F4xx_HAL_Driver/Src/stm32f4xx_hal_cortex.o
                0x08000e74                HAL_NVIC_SetPriorityGrouping
 .text.HAL_NVIC_SetPriority
                0x08000e8a       0x38 ./Drivers/STM32F4xx_HAL_Driver/Src/stm32f4xx_hal_cortex.o
                0x08000e8a                HAL_NVIC_SetPriority
 .text.HAL_NVIC_EnableIRQ
                0x08000ec2       0x1c ./Drivers/STM32F4xx_HAL_Driver/Src/stm32f4xx_hal_cortex.o
                0x08000ec2                HAL_NVIC_EnableIRQ
 .text.HAL_SYSTICK_Config
                0x08000ede       0x18 ./Drivers/STM32F4xx_HAL_Driver/Src/stm32f4xx_hal_cortex.o
                0x08000ede                HAL_SYSTICK_Config
 .text.HAL_DMA_Abort
                0x08000ef6       0xe0 ./Drivers/STM32F4xx_HAL_Driver/Src/stm32f4xx_hal_dma.o
                0x08000ef6                HAL_DMA_Abort
 .text.HAL_DMA_Abort_IT
                0x08000fd6       0x44 ./Drivers/STM32F4xx_HAL_Driver/Src/stm32f4xx_hal_dma.o
                0x08000fd6                HAL_DMA_Abort_IT
 *fill*         0x0800101a        0x2 
 .text.HAL_GPIO_Init
                0x0800101c      0x328 ./Drivers/STM32F4xx_HAL_Driver/Src/stm32f4xx_hal_gpio.o
                0x0800101c                HAL_GPIO_Init
 .text.HAL_GPIO_WritePin
                0x08001344       0x32 ./Drivers/STM32F4xx_HAL_Driver/Src/stm32f4xx_hal_gpio.o
                0x08001344                HAL_GPIO_WritePin
 .text.HAL_GPIO_TogglePin
                0x08001376       0x34 ./Drivers/STM32F4xx_HAL_Driver/Src/stm32f4xx_hal_gpio.o
                0x08001376                HAL_GPIO_TogglePin
 *fill*         0x080013aa        0x2 
 .text.HAL_RCC_ClockConfig
                0x080013ac      0x1cc ./Drivers/STM32F4xx_HAL_Driver/Src/stm32f4xx_hal_rcc.o
                0x080013ac                HAL_RCC_ClockConfig
 .text.HAL_RCC_GetHCLKFreq
                0x08001578       0x18 ./Drivers/STM32F4xx_HAL_Driver/Src/stm32f4xx_hal_rcc.o
                0x08001578                HAL_RCC_GetHCLKFreq
 .text.HAL_RCC_GetPCLK1Freq
                0x08001590       0x28 ./Drivers/STM32F4xx_HAL_Driver/Src/stm32f4xx_hal_rcc.o
                0x08001590                HAL_RCC_GetPCLK1Freq
 .text.HAL_RCC_GetPCLK2Freq
                0x080015b8       0x28 ./Drivers/STM32F4xx_HAL_Driver/Src/stm32f4xx_hal_rcc.o
                0x080015b8                HAL_RCC_GetPCLK2Freq
 .text.HAL_RCC_GetSysClockFreq
                0x080015e0      0x460 ./Drivers/STM32F4xx_HAL_Driver/Src/stm32f4xx_hal_rcc_ex.o
                0x080015e0                HAL_RCC_GetSysClockFreq
 .text.HAL_RCC_OscConfig
                0x08001a40      0x53c ./Drivers/STM32F4xx_HAL_Driver/Src/stm32f4xx_hal_rcc_ex.o
                0x08001a40                HAL_RCC_OscConfig
 .text.HAL_UART_Init
                0x08001f7c       0xa0 ./Drivers/STM32F4xx_HAL_Driver/Src/stm32f4xx_hal_uart.o
                0x08001f7c                HAL_UART_Init
 .text.HAL_UART_Transmit
                0x0800201c      0x116 ./Drivers/STM32F4xx_HAL_Driver/Src/stm32f4xx_hal_uart.o
                0x0800201c                HAL_UART_Transmit
 .text.HAL_UART_Receive_IT
                0x08002132       0x4a ./Drivers/STM32F4xx_HAL_Driver/Src/stm32f4xx_hal_uart.o
                0x08002132                HAL_UART_Receive_IT
 .text.HAL_UART_IRQHandler
                0x0800217c      0x554 ./Drivers/STM32F4xx_HAL_Driver/Src/stm32f4xx_hal_uart.o
                0x0800217c                HAL_UART_IRQHandler
 .text.HAL_UART_TxCpltCallback
                0x080026d0       0x14 ./Drivers/STM32F4xx_HAL_Driver/Src/stm32f4xx_hal_uart.o
                0x080026d0                HAL_UART_TxCpltCallback
 .text.HAL_UARTEx_RxEventCallback
                0x080026e4       0x18 ./Drivers/STM32F4xx_HAL_Driver/Src/stm32f4xx_hal_uart.o
                0x080026e4                HAL_UARTEx_RxEventCallback
 .text.UART_WaitOnFlagUntilTimeout
                0x080026fc       0xb2 ./Drivers/STM32F4xx_HAL_Driver/Src/stm32f4xx_hal_uart.o
 .text.UART_Start_Receive_IT
                0x080027ae       0x74 ./Drivers/STM32F4xx_HAL_Driver/Src/stm32f4xx_hal_uart.o
                0x080027ae                UART_Start_Receive_IT
 .text.UART_EndRxTransfer
                0x08002822       0xc6 ./Drivers/STM32F4xx_HAL_Driver/Src/stm32f4xx_hal_uart.o
 .text.UART_DMAAbortOnError
                0x080028e8       0x22 ./Drivers/STM32F4xx_HAL_Driver/Src/stm32f4xx_hal_uart.o
 .text.UART_Transmit_IT
                0x0800290a       0xa0 ./Drivers/STM32F4xx_HAL_Driver/Src/stm32f4xx_hal_uart.o
 .text.UART_EndTransmit_IT
                0x080029aa       0x30 ./Drivers/STM32F4xx_HAL_Driver/Src/stm32f4xx_hal_uart.o
 .text.UART_Receive_IT
                0x080029da      0x17c ./Drivers/STM32F4xx_HAL_Driver/Src/stm32f4xx_hal_uart.o
 *fill*         0x08002b56        0x2 
 .text.UART_SetConfig
                0x08002b58      0x4e8 ./Drivers/STM32F4xx_HAL_Driver/Src/stm32f4xx_hal_uart.o
 .text.memset   0x08003040       0x10 C:/Users/mario/OneDrive/Documentos/GitHub/STM32CubeIDE_1.19.0/STM32CubeIDE/plugins/com.st.stm32cube.ide.mcu.externaltools.gnu-tools-for-stm32.13.3.rel1.win32_1.0.0.202411081344/tools/bin/../lib/gcc/arm-none-eabi/13.3.1/../../../../arm-none-eabi/lib/thumb/v7e-m+fp/hard\libc_nano.a(libc_a-memset.o)
                0x08003040                memset
 .text.strncpy  0x08003050       0x26 C:/Users/mario/OneDrive/Documentos/GitHub/STM32CubeIDE_1.19.0/STM32CubeIDE/plugins/com.st.stm32cube.ide.mcu.externaltools.gnu-tools-for-stm32.13.3.rel1.win32_1.0.0.202411081344/tools/bin/../lib/gcc/arm-none-eabi/13.3.1/../../../../arm-none-eabi/lib/thumb/v7e-m+fp/hard\libc_nano.a(libc_a-strncpy.o)
                0x08003050                strncpy
 *fill*         0x08003076        0x2 
 .text.__libc_init_array
                0x08003078       0x48 C:/Users/mario/OneDrive/Documentos/GitHub/STM32CubeIDE_1.19.0/STM32CubeIDE/plugins/com.st.stm32cube.ide.mcu.externaltools.gnu-tools-for-stm32.13.3.rel1.win32_1.0.0.202411081344/tools/bin/../lib/gcc/arm-none-eabi/13.3.1/../../../../arm-none-eabi/lib/thumb/v7e-m+fp/hard\libc_nano.a(libc_a-init.o)
                0x08003078                __libc_init_array
 *(.glue_7)
 .glue_7        0x080030c0        0x0 linker stubs
 *(.glue_7t)
 .glue_7t       0x080030c0        0x0 linker stubs
 *(.eh_frame)
 .eh_frame      0x080030c0        0x0 C:/Users/mario/OneDrive/Documentos/GitHub/STM32CubeIDE_1.19.0/STM32CubeIDE/plugins/com.st.stm32cube.ide.mcu.externaltools.gnu-tools-for-stm32.13.3.rel1.win32_1.0.0.202411081344/tools/bin/../lib/gcc/arm-none-eabi/13.3.1/thumb/v7e-m+fp/hard/crtbegin.o
 *(.init)
 .init          0x080030c0        0x4 C:/Users/mario/OneDrive/Documentos/GitHub/STM32CubeIDE_1.19.0/STM32CubeIDE/plugins/com.st.stm32cube.ide.mcu.externaltools.gnu-tools-for-stm32.13.3.rel1.win32_1.0.0.202411081344/tools/bin/../lib/gcc/arm-none-eabi/13.3.1/thumb/v7e-m+fp/hard/crti.o
                0x080030c0                _init
 .init          0x080030c4        0x8 C:/Users/mario/OneDrive/Documentos/GitHub/STM32CubeIDE_1.19.0/STM32CubeIDE/plugins/com.st.stm32cube.ide.mcu.externaltools.gnu-tools-for-stm32.13.3.rel1.win32_1.0.0.202411081344/tools/bin/../lib/gcc/arm-none-eabi/13.3.1/thumb/v7e-m+fp/hard/crtn.o
 *(.fini)
 .fini          0x080030cc        0x4 C:/Users/mario/OneDrive/Documentos/GitHub/STM32CubeIDE_1.19.0/STM32CubeIDE/plugins/com.st.stm32cube.ide.mcu.externaltools.gnu-tools-for-stm32.13.3.rel1.win32_1.0.0.202411081344/tools/bin/../lib/gcc/arm-none-eabi/13.3.1/thumb/v7e-m+fp/hard/crti.o
                0x080030cc                _fini
 .fini          0x080030d0        0x8 C:/Users/mario/OneDrive/Documentos/GitHub/STM32CubeIDE_1.19.0/STM32CubeIDE/plugins/com.st.stm32cube.ide.mcu.externaltools.gnu-tools-for-stm32.13.3.rel1.win32_1.0.0.202411081344/tools/bin/../lib/gcc/arm-none-eabi/13.3.1/thumb/v7e-m+fp/hard/crtn.o
                0x080030d8                        . = ALIGN (0x4)
                0x080030d8                        _etext = .

.vfp11_veneer   0x080030d8        0x0
 .vfp11_veneer  0x080030d8        0x0 linker stubs

.v4_bx          0x080030d8        0x0
 .v4_bx         0x080030d8        0x0 linker stubs

.iplt           0x080030d8        0x0
 .iplt          0x080030d8        0x0 C:/Users/mario/OneDrive/Documentos/GitHub/STM32CubeIDE_1.19.0/STM32CubeIDE/plugins/com.st.stm32cube.ide.mcu.externaltools.gnu-tools-for-stm32.13.3.rel1.win32_1.0.0.202411081344/tools/bin/../lib/gcc/arm-none-eabi/13.3.1/thumb/v7e-m+fp/hard/crtbegin.o

.rodata         0x080030d8       0x6c
                0x080030d8                        . = ALIGN (0x4)
 *(.rodata)
 .rodata        0x080030d8       0x52 ./Core/Src/main.o
 *(.rodata*)
 *fill*         0x0800312a        0x2 
 .rodata.AHBPrescTable
                0x0800312c       0x10 ./Core/Src/system_stm32f4xx.o
                0x0800312c                AHBPrescTable
 .rodata.APBPrescTable
                0x0800313c        0x8 ./Core/Src/system_stm32f4xx.o
                0x0800313c                APBPrescTable
                0x08003144                        . = ALIGN (0x4)

.ARM.extab      0x08003144        0x0
                0x08003144                        . = ALIGN (0x4)
 *(.ARM.extab* .gnu.linkonce.armextab.*)
                0x08003144                        . = ALIGN (0x4)

.ARM            0x08003144        0x8
                0x08003144                        . = ALIGN (0x4)
                0x08003144                        __exidx_start = .
 *(.ARM.exidx*)
 .ARM.exidx     0x08003144        0x8 C:/Users/mario/OneDrive/Documentos/GitHub/STM32CubeIDE_1.19.0/STM32CubeIDE/plugins/com.st.stm32cube.ide.mcu.externaltools.gnu-tools-for-stm32.13.3.rel1.win32_1.0.0.202411081344/tools/bin/../lib/gcc/arm-none-eabi/13.3.1/../../../../arm-none-eabi/lib/thumb/v7e-m+fp/hard\libc_nano.a(libc_a-strlen.o)
 .ARM.exidx     0x0800314c        0x0 C:/Users/mario/OneDrive/Documentos/GitHub/STM32CubeIDE_1.19.0/STM32CubeIDE/plugins/com.st.stm32cube.ide.mcu.externaltools.gnu-tools-for-stm32.13.3.rel1.win32_1.0.0.202411081344/tools/bin/../lib/gcc/arm-none-eabi/13.3.1/thumb/v7e-m+fp/hard\libgcc.a(_udivmoddi4.o)
                                  0x8 (size before relaxing)
                0x0800314c                        __exidx_end = .
                0x0800314c                        . = ALIGN (0x4)

.preinit_array  0x0800314c        0x0
                0x0800314c                        . = ALIGN (0x4)
                0x0800314c                        PROVIDE (__preinit_array_start = .)
 *(.preinit_array*)
                0x0800314c                        PROVIDE (__preinit_array_end = .)
                0x0800314c                        . = ALIGN (0x4)

.init_array     0x0800314c        0x4
                0x0800314c                        . = ALIGN (0x4)
                0x0800314c                        PROVIDE (__init_array_start = .)
 *(SORT_BY_NAME(.init_array.*))
 *(.init_array*)
 .init_array    0x0800314c        0x4 C:/Users/mario/OneDrive/Documentos/GitHub/STM32CubeIDE_1.19.0/STM32CubeIDE/plugins/com.st.stm32cube.ide.mcu.externaltools.gnu-tools-for-stm32.13.3.rel1.win32_1.0.0.202411081344/tools/bin/../lib/gcc/arm-none-eabi/13.3.1/thumb/v7e-m+fp/hard/crtbegin.o
                0x08003150                        PROVIDE (__init_array_end = .)
                0x08003150                        . = ALIGN (0x4)

.fini_array     0x08003150        0x4
                0x08003150                        . = ALIGN (0x4)
                [!provide]                        PROVIDE (__fini_array_start = .)
 *(SORT_BY_NAME(.fini_array.*))
 *(.fini_array*)
 .fini_array    0x08003150        0x4 C:/Users/mario/OneDrive/Documentos/GitHub/STM32CubeIDE_1.19.0/STM32CubeIDE/plugins/com.st.stm32cube.ide.mcu.externaltools.gnu-tools-for-stm32.13.3.rel1.win32_1.0.0.202411081344/tools/bin/../lib/gcc/arm-none-eabi/13.3.1/thumb/v7e-m+fp/hard/crtbegin.o
                [!provide]                        PROVIDE (__fini_array_end = .)
                0x08003154                        . = ALIGN (0x4)
                0x08003154                        _sidata = LOADADDR (.data)

.rel.dyn        0x08003154        0x0
 .rel.iplt      0x08003154        0x0 C:/Users/mario/OneDrive/Documentos/GitHub/STM32CubeIDE_1.19.0/STM32CubeIDE/plugins/com.st.stm32cube.ide.mcu.externaltools.gnu-tools-for-stm32.13.3.rel1.win32_1.0.0.202411081344/tools/bin/../lib/gcc/arm-none-eabi/13.3.1/thumb/v7e-m+fp/hard/crtbegin.o

.data           0x20000000        0xc load address 0x08003154
                0x20000000                        . = ALIGN (0x4)
                0x20000000                        _sdata = .
 *(.data)
 *(.data*)
 .data.SystemCoreClock
                0x20000000        0x4 ./Core/Src/system_stm32f4xx.o
                0x20000000                SystemCoreClock
 .data.uwTickPrio
                0x20000004        0x4 ./Drivers/STM32F4xx_HAL_Driver/Src/stm32f4xx_hal.o
                0x20000004                uwTickPrio
 .data.uwTickFreq
                0x20000008        0x1 ./Drivers/STM32F4xx_HAL_Driver/Src/stm32f4xx_hal.o
                0x20000008                uwTickFreq
 *(.RamFunc)
 *(.RamFunc*)
                0x2000000c                        . = ALIGN (0x4)
 *fill*         0x20000009        0x3 
                0x2000000c                        _edata = .

.igot.plt       0x2000000c        0x0 load address 0x08003160
 .igot.plt      0x2000000c        0x0 C:/Users/mario/OneDrive/Documentos/GitHub/STM32CubeIDE_1.19.0/STM32CubeIDE/plugins/com.st.stm32cube.ide.mcu.externaltools.gnu-tools-for-stm32.13.3.rel1.win32_1.0.0.202411081344/tools/bin/../lib/gcc/arm-none-eabi/13.3.1/thumb/v7e-m+fp/hard/crtbegin.o
                0x2000000c                        . = ALIGN (0x4)

.bss            0x2000000c       0xc8 load address 0x08003160
                0x2000000c                        _sbss = .
                0x2000000c                        __bss_start__ = _sbss
 *(.bss)
 .bss           0x2000000c       0x1c C:/Users/mario/OneDrive/Documentos/GitHub/STM32CubeIDE_1.19.0/STM32CubeIDE/plugins/com.st.stm32cube.ide.mcu.externaltools.gnu-tools-for-stm32.13.3.rel1.win32_1.0.0.202411081344/tools/bin/../lib/gcc/arm-none-eabi/13.3.1/thumb/v7e-m+fp/hard/crtbegin.o
 *(.bss*)
 .bss.huart2    0x20000028       0x48 ./Core/Src/main.o
                0x20000028                huart2
 .bss.huart3    0x20000070       0x48 ./Core/Src/main.o
                0x20000070                huart3
 .bss.rx3       0x200000b8        0x1 ./Core/Src/main.o
                0x200000b8                rx3
 .bss.last_rx3  0x200000b9        0x1 ./Core/Src/main.o
                0x200000b9                last_rx3
 *fill*         0x200000ba        0x2 
 .bss.last_msg  0x200000bc       0x14 ./Core/Src/main.o
                0x200000bc                last_msg
 .bss.uwTick    0x200000d0        0x4 ./Drivers/STM32F4xx_HAL_Driver/Src/stm32f4xx_hal.o
                0x200000d0                uwTick
 *(COMMON)
                0x200000d4                        . = ALIGN (0x4)
                0x200000d4                        _ebss = .
                0x200000d4                        __bss_end__ = _ebss

._user_heap_stack
                0x200000d4      0x604 load address 0x08003160
                0x200000d8                        . = ALIGN (0x8)
 *fill*         0x200000d4        0x4 
                [!provide]                        PROVIDE (end = .)
                0x200000d8                        PROVIDE (_end = .)
                0x200002d8                        . = (. + _Min_Heap_Size)
 *fill*         0x200000d8      0x200 
                0x200006d8                        . = (. + _Min_Stack_Size)
 *fill*         0x200002d8      0x400 
                0x200006d8                        . = ALIGN (0x8)

/DISCARD/
 libc.a(*)
 libm.a(*)
 libgcc.a(*)

.ARM.attributes
                0x00000000       0x30
 *(.ARM.attributes)
 .ARM.attributes
                0x00000000       0x22 C:/Users/mario/OneDrive/Documentos/GitHub/STM32CubeIDE_1.19.0/STM32CubeIDE/plugins/com.st.stm32cube.ide.mcu.externaltools.gnu-tools-for-stm32.13.3.rel1.win32_1.0.0.202411081344/tools/bin/../lib/gcc/arm-none-eabi/13.3.1/thumb/v7e-m+fp/hard/crti.o
 .ARM.attributes
                0x00000022       0x34 C:/Users/mario/OneDrive/Documentos/GitHub/STM32CubeIDE_1.19.0/STM32CubeIDE/plugins/com.st.stm32cube.ide.mcu.externaltools.gnu-tools-for-stm32.13.3.rel1.win32_1.0.0.202411081344/tools/bin/../lib/gcc/arm-none-eabi/13.3.1/thumb/v7e-m+fp/hard/crtbegin.o
 .ARM.attributes
                0x00000056       0x34 ./Core/Src/main.o
 .ARM.attributes
                0x0000008a       0x34 ./Core/Src/stm32f4xx_hal_msp.o
 .ARM.attributes
                0x000000be       0x34 ./Core/Src/stm32f4xx_it.o
 .ARM.attributes
                0x000000f2       0x34 ./Core/Src/system_stm32f4xx.o
 .ARM.attributes
                0x00000126       0x21 ./Core/Startup/startup_stm32f446retx.o
 .ARM.attributes
                0x00000147       0x34 ./Drivers/STM32F4xx_HAL_Driver/Src/stm32f4xx_hal.o
 .ARM.attributes
                0x0000017b       0x34 ./Drivers/STM32F4xx_HAL_Driver/Src/stm32f4xx_hal_cortex.o
 .ARM.attributes
                0x000001af       0x34 ./Drivers/STM32F4xx_HAL_Driver/Src/stm32f4xx_hal_dma.o
 .ARM.attributes
                0x000001e3       0x34 ./Drivers/STM32F4xx_HAL_Driver/Src/stm32f4xx_hal_gpio.o
 .ARM.attributes
                0x00000217       0x34 ./Drivers/STM32F4xx_HAL_Driver/Src/stm32f4xx_hal_rcc.o
 .ARM.attributes
                0x0000024b       0x34 ./Drivers/STM32F4xx_HAL_Driver/Src/stm32f4xx_hal_rcc_ex.o
 .ARM.attributes
                0x0000027f       0x34 ./Drivers/STM32F4xx_HAL_Driver/Src/stm32f4xx_hal_uart.o
 .ARM.attributes
                0x000002b3       0x34 C:/Users/mario/OneDrive/Documentos/GitHub/STM32CubeIDE_1.19.0/STM32CubeIDE/plugins/com.st.stm32cube.ide.mcu.externaltools.gnu-tools-for-stm32.13.3.rel1.win32_1.0.0.202411081344/tools/bin/../lib/gcc/arm-none-eabi/13.3.1/../../../../arm-none-eabi/lib/thumb/v7e-m+fp/hard\libc_nano.a(libc_a-memset.o)
 .ARM.attributes
                0x000002e7       0x34 C:/Users/mario/OneDrive/Documentos/GitHub/STM32CubeIDE_1.19.0/STM32CubeIDE/plugins/com.st.stm32cube.ide.mcu.externaltools.gnu-tools-for-stm32.13.3.rel1.win32_1.0.0.202411081344/tools/bin/../lib/gcc/arm-none-eabi/13.3.1/../../../../arm-none-eabi/lib/thumb/v7e-m+fp/hard\libc_nano.a(libc_a-strncpy.o)
 .ARM.attributes
                0x0000031b       0x34 C:/Users/mario/OneDrive/Documentos/GitHub/STM32CubeIDE_1.19.0/STM32CubeIDE/plugins/com.st.stm32cube.ide.mcu.externaltools.gnu-tools-for-stm32.13.3.rel1.win32_1.0.0.202411081344/tools/bin/../lib/gcc/arm-none-eabi/13.3.1/../../../../arm-none-eabi/lib/thumb/v7e-m+fp/hard\libc_nano.a(libc_a-init.o)
 .ARM.attributes
                0x0000034f       0x17 C:/Users/mario/OneDrive/Documentos/GitHub/STM32CubeIDE_1.19.0/STM32CubeIDE/plugins/com.st.stm32cube.ide.mcu.externaltools.gnu-tools-for-stm32.13.3.rel1.win32_1.0.0.202411081344/tools/bin/../lib/gcc/arm-none-eabi/13.3.1/../../../../arm-none-eabi/lib/thumb/v7e-m+fp/hard\libc_nano.a(libc_a-strlen.o)
 .ARM.attributes
                0x00000366       0x22 C:/Users/mario/OneDrive/Documentos/GitHub/STM32CubeIDE_1.19.0/STM32CubeIDE/plugins/com.st.stm32cube.ide.mcu.externaltools.gnu-tools-for-stm32.13.3.rel1.win32_1.0.0.202411081344/tools/bin/../lib/gcc/arm-none-eabi/13.3.1/thumb/v7e-m+fp/hard\libgcc.a(_aeabi_uldivmod.o)
 .ARM.attributes
                0x00000388       0x34 C:/Users/mario/OneDrive/Documentos/GitHub/STM32CubeIDE_1.19.0/STM32CubeIDE/plugins/com.st.stm32cube.ide.mcu.externaltools.gnu-tools-for-stm32.13.3.rel1.win32_1.0.0.202411081344/tools/bin/../lib/gcc/arm-none-eabi/13.3.1/thumb/v7e-m+fp/hard\libgcc.a(_udivmoddi4.o)
 .ARM.attributes
                0x000003bc       0x22 C:/Users/mario/OneDrive/Documentos/GitHub/STM32CubeIDE_1.19.0/STM32CubeIDE/plugins/com.st.stm32cube.ide.mcu.externaltools.gnu-tools-for-stm32.13.3.rel1.win32_1.0.0.202411081344/tools/bin/../lib/gcc/arm-none-eabi/13.3.1/thumb/v7e-m+fp/hard\libgcc.a(_dvmd_tls.o)
 .ARM.attributes
                0x000003de       0x22 C:/Users/mario/OneDrive/Documentos/GitHub/STM32CubeIDE_1.19.0/STM32CubeIDE/plugins/com.st.stm32cube.ide.mcu.externaltools.gnu-tools-for-stm32.13.3.rel1.win32_1.0.0.202411081344/tools/bin/../lib/gcc/arm-none-eabi/13.3.1/thumb/v7e-m+fp/hard/crtn.o
OUTPUT(Lab06_Dig2.elf elf32-littlearm)
LOAD linker stubs
LOAD C:/Users/mario/OneDrive/Documentos/GitHub/STM32CubeIDE_1.19.0/STM32CubeIDE/plugins/com.st.stm32cube.ide.mcu.externaltools.gnu-tools-for-stm32.13.3.rel1.win32_1.0.0.202411081344/tools/bin/../lib/gcc/arm-none-eabi/13.3.1/../../../../arm-none-eabi/lib/thumb/v7e-m+fp/hard\libc.a
LOAD C:/Users/mario/OneDrive/Documentos/GitHub/STM32CubeIDE_1.19.0/STM32CubeIDE/plugins/com.st.stm32cube.ide.mcu.externaltools.gnu-tools-for-stm32.13.3.rel1.win32_1.0.0.202411081344/tools/bin/../lib/gcc/arm-none-eabi/13.3.1/../../../../arm-none-eabi/lib/thumb/v7e-m+fp/hard\libm.a
LOAD C:/Users/mario/OneDrive/Documentos/GitHub/STM32CubeIDE_1.19.0/STM32CubeIDE/plugins/com.st.stm32cube.ide.mcu.externaltools.gnu-tools-for-stm32.13.3.rel1.win32_1.0.0.202411081344/tools/bin/../lib/gcc/arm-none-eabi/13.3.1/thumb/v7e-m+fp/hard\libgcc.a

.debug_info     0x00000000     0x8e13
 .debug_info    0x00000000      0xd59 ./Core/Src/main.o
 .debug_info    0x00000d59      0xc0b ./Core/Src/stm32f4xx_hal_msp.o
 .debug_info    0x00001964      0x651 ./Core/Src/stm32f4xx_it.o
 .debug_info    0x00001fb5      0x54a ./Core/Src/system_stm32f4xx.o
 .debug_info    0x000024ff       0x30 ./Core/Startup/startup_stm32f446retx.o
 .debug_info    0x0000252f      0x99a ./Drivers/STM32F4xx_HAL_Driver/Src/stm32f4xx_hal.o
 .debug_info    0x00002ec9      0xdaa ./Drivers/STM32F4xx_HAL_Driver/Src/stm32f4xx_hal_cortex.o
 .debug_info    0x00003c73      0x8e7 ./Drivers/STM32F4xx_HAL_Driver/Src/stm32f4xx_hal_dma.o
 .debug_info    0x0000455a      0x70b ./Drivers/STM32F4xx_HAL_Driver/Src/stm32f4xx_hal_gpio.o
 .debug_info    0x00004c65      0x8ff ./Drivers/STM32F4xx_HAL_Driver/Src/stm32f4xx_hal_rcc.o
 .debug_info    0x00005564      0x960 ./Drivers/STM32F4xx_HAL_Driver/Src/stm32f4xx_hal_rcc_ex.o
 .debug_info    0x00005ec4     0x2f4f ./Drivers/STM32F4xx_HAL_Driver/Src/stm32f4xx_hal_uart.o

.debug_abbrev   0x00000000     0x1874
 .debug_abbrev  0x00000000      0x2b4 ./Core/Src/main.o
 .debug_abbrev  0x000002b4      0x1cc ./Core/Src/stm32f4xx_hal_msp.o
 .debug_abbrev  0x00000480      0x177 ./Core/Src/stm32f4xx_it.o
 .debug_abbrev  0x000005f7      0x11a ./Core/Src/system_stm32f4xx.o
 .debug_abbrev  0x00000711       0x24 ./Core/Startup/startup_stm32f446retx.o
 .debug_abbrev  0x00000735      0x214 ./Drivers/STM32F4xx_HAL_Driver/Src/stm32f4xx_hal.o
 .debug_abbrev  0x00000949      0x31d ./Drivers/STM32F4xx_HAL_Driver/Src/stm32f4xx_hal_cortex.o
 .debug_abbrev  0x00000c66      0x264 ./Drivers/STM32F4xx_HAL_Driver/Src/stm32f4xx_hal_dma.o
 .debug_abbrev  0x00000eca      0x1d4 ./Drivers/STM32F4xx_HAL_Driver/Src/stm32f4xx_hal_gpio.o
 .debug_abbrev  0x0000109e      0x2b7 ./Drivers/STM32F4xx_HAL_Driver/Src/stm32f4xx_hal_rcc.o
 .debug_abbrev  0x00001355      0x211 ./Drivers/STM32F4xx_HAL_Driver/Src/stm32f4xx_hal_rcc_ex.o
 .debug_abbrev  0x00001566      0x30e ./Drivers/STM32F4xx_HAL_Driver/Src/stm32f4xx_hal_uart.o

.debug_aranges  0x00000000      0x760
 .debug_aranges
                0x00000000       0x60 ./Core/Src/main.o
 .debug_aranges
                0x00000060       0x30 ./Core/Src/stm32f4xx_hal_msp.o
 .debug_aranges
                0x00000090       0x70 ./Core/Src/stm32f4xx_it.o
 .debug_aranges
                0x00000100       0x28 ./Core/Src/system_stm32f4xx.o
 .debug_aranges
                0x00000128       0x28 ./Core/Startup/startup_stm32f446retx.o
 .debug_aranges
                0x00000150       0xf0 ./Drivers/STM32F4xx_HAL_Driver/Src/stm32f4xx_hal.o
 .debug_aranges
                0x00000240      0x130 ./Drivers/STM32F4xx_HAL_Driver/Src/stm32f4xx_hal_cortex.o
 .debug_aranges
                0x00000370       0x90 ./Drivers/STM32F4xx_HAL_Driver/Src/stm32f4xx_hal_dma.o
 .debug_aranges
                0x00000400       0x58 ./Drivers/STM32F4xx_HAL_Driver/Src/stm32f4xx_hal_gpio.o
 .debug_aranges
                0x00000458       0x88 ./Drivers/STM32F4xx_HAL_Driver/Src/stm32f4xx_hal_rcc.o
 .debug_aranges
                0x000004e0       0x78 ./Drivers/STM32F4xx_HAL_Driver/Src/stm32f4xx_hal_rcc_ex.o
 .debug_aranges
                0x00000558      0x208 ./Drivers/STM32F4xx_HAL_Driver/Src/stm32f4xx_hal_uart.o

.debug_rnglists
                0x00000000      0x5a7
 .debug_rnglists
                0x00000000       0x47 ./Core/Src/main.o
 .debug_rnglists
                0x00000047       0x20 ./Core/Src/stm32f4xx_hal_msp.o
 .debug_rnglists
                0x00000067       0x4f ./Core/Src/stm32f4xx_it.o
 .debug_rnglists
                0x000000b6       0x1a ./Core/Src/system_stm32f4xx.o
 .debug_rnglists
                0x000000d0       0x19 ./Core/Startup/startup_stm32f446retx.o
 .debug_rnglists
                0x000000e9       0xaf ./Drivers/STM32F4xx_HAL_Driver/Src/stm32f4xx_hal.o
 .debug_rnglists
                0x00000198       0xe0 ./Drivers/STM32F4xx_HAL_Driver/Src/stm32f4xx_hal_cortex.o
 .debug_rnglists
                0x00000278       0x70 ./Drivers/STM32F4xx_HAL_Driver/Src/stm32f4xx_hal_dma.o
 .debug_rnglists
                0x000002e8       0x3f ./Drivers/STM32F4xx_HAL_Driver/Src/stm32f4xx_hal_gpio.o
 .debug_rnglists
                0x00000327       0x66 ./Drivers/STM32F4xx_HAL_Driver/Src/stm32f4xx_hal_rcc.o
 .debug_rnglists
                0x0000038d       0x5e ./Drivers/STM32F4xx_HAL_Driver/Src/stm32f4xx_hal_rcc_ex.o
 .debug_rnglists
                0x000003eb      0x1bc ./Drivers/STM32F4xx_HAL_Driver/Src/stm32f4xx_hal_uart.o

.debug_macro    0x00000000    0x20c8d
 .debug_macro   0x00000000      0x297 ./Core/Src/main.o
 .debug_macro   0x00000297      0xad8 ./Core/Src/main.o
 .debug_macro   0x00000d6f      0x295 ./Core/Src/main.o
 .debug_macro   0x00001004       0x2e ./Core/Src/main.o
 .debug_macro   0x00001032       0x28 ./Core/Src/main.o
 .debug_macro   0x0000105a       0x22 ./Core/Src/main.o
 .debug_macro   0x0000107c       0x8e ./Core/Src/main.o
 .debug_macro   0x0000110a       0x51 ./Core/Src/main.o
 .debug_macro   0x0000115b      0x103 ./Core/Src/main.o
 .debug_macro   0x0000125e       0x6a ./Core/Src/main.o
 .debug_macro   0x000012c8      0x1df ./Core/Src/main.o
 .debug_macro   0x000014a7       0x1c ./Core/Src/main.o
 .debug_macro   0x000014c3       0x22 ./Core/Src/main.o
 .debug_macro   0x000014e5       0xfb ./Core/Src/main.o
 .debug_macro   0x000015e0     0x1011 ./Core/Src/main.o
 .debug_macro   0x000025f1      0x11f ./Core/Src/main.o
 .debug_macro   0x00002710    0x1675e ./Core/Src/main.o
 .debug_macro   0x00018e6e       0x6d ./Core/Src/main.o
 .debug_macro   0x00018edb     0x3693 ./Core/Src/main.o
 .debug_macro   0x0001c56e      0x190 ./Core/Src/main.o
 .debug_macro   0x0001c6fe       0x5c ./Core/Src/main.o
 .debug_macro   0x0001c75a      0xca5 ./Core/Src/main.o
 .debug_macro   0x0001d3ff      0x9e9 ./Core/Src/main.o
 .debug_macro   0x0001dde8      0x115 ./Core/Src/main.o
 .debug_macro   0x0001defd      0x1a0 ./Core/Src/main.o
 .debug_macro   0x0001e09d       0xa5 ./Core/Src/main.o
 .debug_macro   0x0001e142      0x16d ./Core/Src/main.o
 .debug_macro   0x0001e2af      0x287 ./Core/Src/main.o
 .debug_macro   0x0001e536       0x5f ./Core/Src/main.o
 .debug_macro   0x0001e595      0x236 ./Core/Src/main.o
 .debug_macro   0x0001e7cb      0x132 ./Core/Src/main.o
 .debug_macro   0x0001e8fd      0x29c ./Core/Src/main.o
 .debug_macro   0x0001eb99       0x2e ./Core/Src/main.o
 .debug_macro   0x0001ebc7      0x127 ./Core/Src/main.o
 .debug_macro   0x0001ecee       0xe8 ./Core/Src/main.o
 .debug_macro   0x0001edd6       0x89 ./Core/Src/main.o
 .debug_macro   0x0001ee5f      0x2aa ./Core/Src/main.o
 .debug_macro   0x0001f109      0x126 ./Core/Src/main.o
 .debug_macro   0x0001f22f       0x58 ./Core/Src/main.o
 .debug_macro   0x0001f287       0x61 ./Core/Src/main.o
 .debug_macro   0x0001f2e8       0x2a ./Core/Src/main.o
 .debug_macro   0x0001f312       0x43 ./Core/Src/main.o
 .debug_macro   0x0001f355       0x34 ./Core/Src/main.o
 .debug_macro   0x0001f389      0x370 ./Core/Src/main.o
 .debug_macro   0x0001f6f9       0x16 ./Core/Src/main.o
 .debug_macro   0x0001f70f       0x4a ./Core/Src/main.o
 .debug_macro   0x0001f759       0x34 ./Core/Src/main.o
 .debug_macro   0x0001f78d       0x10 ./Core/Src/main.o
 .debug_macro   0x0001f79d       0x58 ./Core/Src/main.o
 .debug_macro   0x0001f7f5       0x8e ./Core/Src/main.o
 .debug_macro   0x0001f883       0x1c ./Core/Src/main.o
 .debug_macro   0x0001f89f      0x185 ./Core/Src/main.o
 .debug_macro   0x0001fa24       0x10 ./Core/Src/main.o
 .debug_macro   0x0001fa34       0x3c ./Core/Src/main.o
 .debug_macro   0x0001fa70       0x20 ./Core/Src/main.o
 .debug_macro   0x0001fa90      0x1c9 ./Core/Src/stm32f4xx_hal_msp.o
 .debug_macro   0x0001fc59      0x1d3 ./Core/Src/stm32f4xx_it.o
 .debug_macro   0x0001fe2c      0x1ba ./Core/Src/system_stm32f4xx.o
 .debug_macro   0x0001ffe6      0x21a ./Drivers/STM32F4xx_HAL_Driver/Src/stm32f4xx_hal.o
 .debug_macro   0x00020200      0x1ba ./Drivers/STM32F4xx_HAL_Driver/Src/stm32f4xx_hal_cortex.o
 .debug_macro   0x000203ba      0x1c0 ./Drivers/STM32F4xx_HAL_Driver/Src/stm32f4xx_hal_dma.o
 .debug_macro   0x0002057a      0x1c0 ./Drivers/STM32F4xx_HAL_Driver/Src/stm32f4xx_hal_gpio.o
 .debug_macro   0x0002073a      0x1de ./Drivers/STM32F4xx_HAL_Driver/Src/stm32f4xx_hal_rcc.o
 .debug_macro   0x00020918      0x1ba ./Drivers/STM32F4xx_HAL_Driver/Src/stm32f4xx_hal_rcc_ex.o
 .debug_macro   0x00020ad2      0x1bb ./Drivers/STM32F4xx_HAL_Driver/Src/stm32f4xx_hal_uart.o

.debug_line     0x00000000     0x9bc9
 .debug_line    0x00000000      0xa43 ./Core/Src/main.o
 .debug_line    0x00000a43      0x7ad ./Core/Src/stm32f4xx_hal_msp.o
 .debug_line    0x000011f0      0x7f4 ./Core/Src/stm32f4xx_it.o
 .debug_line    0x000019e4      0x78b ./Core/Src/system_stm32f4xx.o
 .debug_line    0x0000216f       0x7a ./Core/Startup/startup_stm32f446retx.o
 .debug_line    0x000021e9      0xa07 ./Drivers/STM32F4xx_HAL_Driver/Src/stm32f4xx_hal.o
 .debug_line    0x00002bf0      0xcd7 ./Drivers/STM32F4xx_HAL_Driver/Src/stm32f4xx_hal_cortex.o
 .debug_line    0x000038c7      0xf73 ./Drivers/STM32F4xx_HAL_Driver/Src/stm32f4xx_hal_dma.o
 .debug_line    0x0000483a      0xb4b ./Drivers/STM32F4xx_HAL_Driver/Src/stm32f4xx_hal_gpio.o
 .debug_line    0x00005385      0xe22 ./Drivers/STM32F4xx_HAL_Driver/Src/stm32f4xx_hal_rcc.o
 .debug_line    0x000061a7     0x14d3 ./Drivers/STM32F4xx_HAL_Driver/Src/stm32f4xx_hal_rcc_ex.o
 .debug_line    0x0000767a     0x254f ./Drivers/STM32F4xx_HAL_Driver/Src/stm32f4xx_hal_uart.o

.debug_str      0x00000000    0xc7f21
 .debug_str     0x00000000    0xc7f21 ./Core/Src/main.o
                              0xc618d (size before relaxing)
 .debug_str     0x000c7f21    0xc3291 ./Core/Src/stm32f4xx_hal_msp.o
 .debug_str     0x000c7f21    0xc2c0a ./Core/Src/stm32f4xx_it.o
 .debug_str     0x000c7f21    0xc276a ./Core/Src/system_stm32f4xx.o
 .debug_str     0x000c7f21       0x7f ./Core/Startup/startup_stm32f446retx.o
 .debug_str     0x000c7f21    0xc332f ./Drivers/STM32F4xx_HAL_Driver/Src/stm32f4xx_hal.o
 .debug_str     0x000c7f21    0xc3086 ./Drivers/STM32F4xx_HAL_Driver/Src/stm32f4xx_hal_cortex.o
 .debug_str     0x000c7f21    0xc2b5f ./Drivers/STM32F4xx_HAL_Driver/Src/stm32f4xx_hal_dma.o
 .debug_str     0x000c7f21    0xc28e5 ./Drivers/STM32F4xx_HAL_Driver/Src/stm32f4xx_hal_gpio.o
 .debug_str     0x000c7f21    0xc2ba3 ./Drivers/STM32F4xx_HAL_Driver/Src/stm32f4xx_hal_rcc.o
 .debug_str     0x000c7f21    0xc2bd6 ./Drivers/STM32F4xx_HAL_Driver/Src/stm32f4xx_hal_rcc_ex.o
 .debug_str     0x000c7f21    0xc315a ./Drivers/STM32F4xx_HAL_Driver/Src/stm32f4xx_hal_uart.o

.comment        0x00000000       0x43
 .comment       0x00000000       0x43 ./Core/Src/main.o
                                 0x44 (size before relaxing)
 .comment       0x00000043       0x44 ./Core/Src/stm32f4xx_hal_msp.o
 .comment       0x00000043       0x44 ./Core/Src/stm32f4xx_it.o
 .comment       0x00000043       0x44 ./Core/Src/system_stm32f4xx.o
 .comment       0x00000043       0x44 ./Drivers/STM32F4xx_HAL_Driver/Src/stm32f4xx_hal.o
 .comment       0x00000043       0x44 ./Drivers/STM32F4xx_HAL_Driver/Src/stm32f4xx_hal_cortex.o
 .comment       0x00000043       0x44 ./Drivers/STM32F4xx_HAL_Driver/Src/stm32f4xx_hal_dma.o
 .comment       0x00000043       0x44 ./Drivers/STM32F4xx_HAL_Driver/Src/stm32f4xx_hal_gpio.o
 .comment       0x00000043       0x44 ./Drivers/STM32F4xx_HAL_Driver/Src/stm32f4xx_hal_rcc.o
 .comment       0x00000043       0x44 ./Drivers/STM32F4xx_HAL_Driver/Src/stm32f4xx_hal_rcc_ex.o
 .comment       0x00000043       0x44 ./Drivers/STM32F4xx_HAL_Driver/Src/stm32f4xx_hal_uart.o

.debug_frame    0x00000000     0x1d60
 .debug_frame   0x00000000      0x134 ./Core/Src/main.o
 .debug_frame   0x00000134       0x7c ./Core/Src/stm32f4xx_hal_msp.o
 .debug_frame   0x000001b0      0x13c ./Core/Src/stm32f4xx_it.o
 .debug_frame   0x000002ec       0x58 ./Core/Src/system_stm32f4xx.o
 .debug_frame   0x00000344      0x374 ./Drivers/STM32F4xx_HAL_Driver/Src/stm32f4xx_hal.o
 .debug_frame   0x000006b8      0x508 ./Drivers/STM32F4xx_HAL_Driver/Src/stm32f4xx_hal_cortex.o
 .debug_frame   0x00000bc0      0x250 ./Drivers/STM32F4xx_HAL_Driver/Src/stm32f4xx_hal_dma.o
 .debug_frame   0x00000e10      0x14c ./Drivers/STM32F4xx_HAL_Driver/Src/stm32f4xx_hal_gpio.o
 .debug_frame   0x00000f5c      0x1f4 ./Drivers/STM32F4xx_HAL_Driver/Src/stm32f4xx_hal_rcc.o
 .debug_frame   0x00001150      0x1e8 ./Drivers/STM32F4xx_HAL_Driver/Src/stm32f4xx_hal_rcc_ex.o
 .debug_frame   0x00001338      0x954 ./Drivers/STM32F4xx_HAL_Driver/Src/stm32f4xx_hal_uart.o
 .debug_frame   0x00001c8c       0x20 C:/Users/mario/OneDrive/Documentos/GitHub/STM32CubeIDE_1.19.0/STM32CubeIDE/plugins/com.st.stm32cube.ide.mcu.externaltools.gnu-tools-for-stm32.13.3.rel1.win32_1.0.0.202411081344/tools/bin/../lib/gcc/arm-none-eabi/13.3.1/../../../../arm-none-eabi/lib/thumb/v7e-m+fp/hard\libc_nano.a(libc_a-memset.o)
 .debug_frame   0x00001cac       0x28 C:/Users/mario/OneDrive/Documentos/GitHub/STM32CubeIDE_1.19.0/STM32CubeIDE/plugins/com.st.stm32cube.ide.mcu.externaltools.gnu-tools-for-stm32.13.3.rel1.win32_1.0.0.202411081344/tools/bin/../lib/gcc/arm-none-eabi/13.3.1/../../../../arm-none-eabi/lib/thumb/v7e-m+fp/hard\libc_nano.a(libc_a-strncpy.o)
 .debug_frame   0x00001cd4       0x2c C:/Users/mario/OneDrive/Documentos/GitHub/STM32CubeIDE_1.19.0/STM32CubeIDE/plugins/com.st.stm32cube.ide.mcu.externaltools.gnu-tools-for-stm32.13.3.rel1.win32_1.0.0.202411081344/tools/bin/../lib/gcc/arm-none-eabi/13.3.1/../../../../arm-none-eabi/lib/thumb/v7e-m+fp/hard\libc_nano.a(libc_a-init.o)
 .debug_frame   0x00001d00       0x2c C:/Users/mario/OneDrive/Documentos/GitHub/STM32CubeIDE_1.19.0/STM32CubeIDE/plugins/com.st.stm32cube.ide.mcu.externaltools.gnu-tools-for-stm32.13.3.rel1.win32_1.0.0.202411081344/tools/bin/../lib/gcc/arm-none-eabi/13.3.1/thumb/v7e-m+fp/hard\libgcc.a(_aeabi_uldivmod.o)
 .debug_frame   0x00001d2c       0x34 C:/Users/mario/OneDrive/Documentos/GitHub/STM32CubeIDE_1.19.0/STM32CubeIDE/plugins/com.st.stm32cube.ide.mcu.externaltools.gnu-tools-for-stm32.13.3.rel1.win32_1.0.0.202411081344/tools/bin/../lib/gcc/arm-none-eabi/13.3.1/thumb/v7e-m+fp/hard\libgcc.a(_udivmoddi4.o)

.debug_line_str
                0x00000000       0x63
 .debug_line_str
                0x00000000       0x63 ./Core/Startup/startup_stm32f446retx.o
