../Core/Src/main.c:100:20:RectIntersects	24	static
../Core/Src/main.c:108:20:DrawTextC	32	static
../Core/Src/main.c:113:20:UI_FillRect	40	static
../Core/Src/main.c:267:13:GoToPlay	64	static
../Core/Src/main.c:316:5:main	88	static,ignoring_inline_asm
../Core/Src/main.c:408:13:Map_Generate	56	static
../Core/Src/main.c:429:13:Map_Draw	24	static
../Core/Src/main.c:436:13:DrawBlackTile	32	static
../Core/Src/main.c:443:13:PatchFromMap	64	static
../Core/Src/main.c:457:13:RectCollidesMap	48	static
../Core/Src/main.c:470:13:HUD_Draw	32	static
../Core/Src/main.c:484:13:HUD_RedrawIfOverlapped	56	static
../Core/Src/main.c:502:13:Banana_ResizeTo	112	static
../Core/Src/main.c:525:13:LifeIcon_ResizeTo	112	static
../Core/Src/main.c:549:13:Bananas_Add	32	static
../Core/Src/main.c:557:13:Bananas_Init	16	static
../Core/Src/main.c:577:13:Bananas_DrawAll	32	static
../Core/Src/main.c:584:13:Bananas_RedrawIfOverlapped	56	static
../Core/Src/main.c:593:13:Bananas_CheckPickup	48	static
../Core/Src/main.c:605:12:Bananas_Left	16	static
../Core/Src/main.c:610:12:SheetToDir	16	static
../Core/Src/main.c:617:13:EntityBlocksTile	48	static
../Core/Src/main.c:622:13:Line_RemoveFrom	32	static
../Core/Src/main.c:636:13:Line_CreateFrom	40	static
../Core/Src/main.c:656:13:TryActionErase_Create	104	static
../Core/Src/main.c:684:20:IsVerticalSheet	16	static
../Core/Src/main.c:687:19:FixAnimIndex	24	static
../Core/Src/main.c:691:20:DrawSheet	64	static
../Core/Src/main.c:697:20:DrawP1	8	static
../Core/Src/main.c:700:20:ClrP1	8	static
../Core/Src/main.c:705:20:DrawP2	8	static
../Core/Src/main.c:708:20:ClrP2	8	static
../Core/Src/main.c:723:13:DecideAxisMove	24	static
../Core/Src/main.c:736:13:TryMovePlayer	48	static
../Core/Src/main.c:754:13:Players_HandleInput	104	static,ignoring_inline_asm
../Core/Src/main.c:838:13:Enemy_InitPatrol	4	static
../Core/Src/main.c:845:13:EnemyRectCollidesMap_Padded	40	static
../Core/Src/main.c:853:13:Enemy_TryStep	56	static
../Core/Src/main.c:868:19:CenterTileX	24	static
../Core/Src/main.c:869:19:CenterTileY	24	static
../Core/Src/main.c:871:20:TileToPixelForSprite	32	static
../Core/Src/main.c:877:13:TilePassableForEnemy	40	static
../Core/Src/main.c:884:13:Enemy_GetStartTile	16	static
../Core/Src/main.c:889:13:Enemy_GetPlayerTargetTile	72	static
../Core/Src/main.c:910:12:BFS_NextDirForEnemy	4472	static
../Core/Src/main.c:959:13:Enemy_FaceTowardsPixel	32	static
../Core/Src/main.c:969:13:Enemy_Tick	112	static
../Core/Src/main.c:1014:13:ShowEndScreen	80	static
../Core/Src/main.c:1030:13:Scores_Append	4248	static
../Core/Src/main.c:1045:13:Scores_ShowScreen	4904	static
../Core/Src/main.c:1104:13:Help_ShowScreen	16	static
../Core/Src/main.c:1116:13:Credits_ShowScreen	16	static
../Core/Src/main.c:1129:13:Wait_B_ToGoMenu	24	static,ignoring_inline_asm
../Core/Src/main.c:1138:6:SystemClock_Config	88	static
../Core/Src/main.c:1165:13:MX_SPI1_Init	8	static
../Core/Src/main.c:1182:13:MX_USART2_UART_Init	8	static
../Core/Src/main.c:1197:13:MX_USART3_UART_Init	8	static
../Core/Src/main.c:1213:13:MX_TIM11_Init	40	static
../Core/Src/main.c:1238:13:MX_GPIO_Init	48	static
../Core/Src/main.c:1269:6:Error_Handler	4	static,ignoring_inline_asm
