Archive member included to satisfy reference by file (symbol)

C:/Users/mario/OneDrive/Documentos/GitHub/STM32CubeIDE_1.19.0/STM32CubeIDE/plugins/com.st.stm32cube.ide.mcu.externaltools.gnu-tools-for-stm32.13.3.rel1.win32_1.0.0.202411081344/tools/bin/../lib/gcc/arm-none-eabi/13.3.1/../../../../arm-none-eabi/lib/thumb/v7e-m+fp/hard\libc_nano.a(libc_a-exit.o)
                              C:/Users/mario/OneDrive/Documentos/GitHub/STM32CubeIDE_1.19.0/STM32CubeIDE/plugins/com.st.stm32cube.ide.mcu.externaltools.gnu-tools-for-stm32.13.3.rel1.win32_1.0.0.202411081344/tools/bin/../lib/gcc/arm-none-eabi/13.3.1/../../../../arm-none-eabi/lib/thumb/v7e-m+fp/hard/crt0.o (exit)
C:/Users/mario/OneDrive/Documentos/GitHub/STM32CubeIDE_1.19.0/STM32CubeIDE/plugins/com.st.stm32cube.ide.mcu.externaltools.gnu-tools-for-stm32.13.3.rel1.win32_1.0.0.202411081344/tools/bin/../lib/gcc/arm-none-eabi/13.3.1/../../../../arm-none-eabi/lib/thumb/v7e-m+fp/hard\libc_nano.a(libc_a-findfp.o)
                              C:/Users/mario/OneDrive/Documentos/GitHub/STM32CubeIDE_1.19.0/STM32CubeIDE/plugins/com.st.stm32cube.ide.mcu.externaltools.gnu-tools-for-stm32.13.3.rel1.win32_1.0.0.202411081344/tools/bin/../lib/gcc/arm-none-eabi/13.3.1/../../../../arm-none-eabi/lib/thumb/v7e-m+fp/hard\libc_nano.a(libc_a-exit.o) (__stdio_exit_handler)
C:/Users/mario/OneDrive/Documentos/GitHub/STM32CubeIDE_1.19.0/STM32CubeIDE/plugins/com.st.stm32cube.ide.mcu.externaltools.gnu-tools-for-stm32.13.3.rel1.win32_1.0.0.202411081344/tools/bin/../lib/gcc/arm-none-eabi/13.3.1/../../../../arm-none-eabi/lib/thumb/v7e-m+fp/hard\libc_nano.a(libc_a-fwalk.o)
                              C:/Users/mario/OneDrive/Documentos/GitHub/STM32CubeIDE_1.19.0/STM32CubeIDE/plugins/com.st.stm32cube.ide.mcu.externaltools.gnu-tools-for-stm32.13.3.rel1.win32_1.0.0.202411081344/tools/bin/../lib/gcc/arm-none-eabi/13.3.1/../../../../arm-none-eabi/lib/thumb/v7e-m+fp/hard\libc_nano.a(libc_a-findfp.o) (_fwalk_sglue)
C:/Users/mario/OneDrive/Documentos/GitHub/STM32CubeIDE_1.19.0/STM32CubeIDE/plugins/com.st.stm32cube.ide.mcu.externaltools.gnu-tools-for-stm32.13.3.rel1.win32_1.0.0.202411081344/tools/bin/../lib/gcc/arm-none-eabi/13.3.1/../../../../arm-none-eabi/lib/thumb/v7e-m+fp/hard\libc_nano.a(libc_a-snprintf.o)
                              ./Core/Src/main.o (snprintf)
C:/Users/mario/OneDrive/Documentos/GitHub/STM32CubeIDE_1.19.0/STM32CubeIDE/plugins/com.st.stm32cube.ide.mcu.externaltools.gnu-tools-for-stm32.13.3.rel1.win32_1.0.0.202411081344/tools/bin/../lib/gcc/arm-none-eabi/13.3.1/../../../../arm-none-eabi/lib/thumb/v7e-m+fp/hard\libc_nano.a(libc_a-sscanf.o)
                              ./Core/Src/input.o (sscanf)
C:/Users/mario/OneDrive/Documentos/GitHub/STM32CubeIDE_1.19.0/STM32CubeIDE/plugins/com.st.stm32cube.ide.mcu.externaltools.gnu-tools-for-stm32.13.3.rel1.win32_1.0.0.202411081344/tools/bin/../lib/gcc/arm-none-eabi/13.3.1/../../../../arm-none-eabi/lib/thumb/v7e-m+fp/hard\libc_nano.a(libc_a-stdio.o)
                              C:/Users/mario/OneDrive/Documentos/GitHub/STM32CubeIDE_1.19.0/STM32CubeIDE/plugins/com.st.stm32cube.ide.mcu.externaltools.gnu-tools-for-stm32.13.3.rel1.win32_1.0.0.202411081344/tools/bin/../lib/gcc/arm-none-eabi/13.3.1/../../../../arm-none-eabi/lib/thumb/v7e-m+fp/hard\libc_nano.a(libc_a-findfp.o) (__sread)
C:/Users/mario/OneDrive/Documentos/GitHub/STM32CubeIDE_1.19.0/STM32CubeIDE/plugins/com.st.stm32cube.ide.mcu.externaltools.gnu-tools-for-stm32.13.3.rel1.win32_1.0.0.202411081344/tools/bin/../lib/gcc/arm-none-eabi/13.3.1/../../../../arm-none-eabi/lib/thumb/v7e-m+fp/hard\libc_nano.a(libc_a-memset.o)
                              C:/Users/mario/OneDrive/Documentos/GitHub/STM32CubeIDE_1.19.0/STM32CubeIDE/plugins/com.st.stm32cube.ide.mcu.externaltools.gnu-tools-for-stm32.13.3.rel1.win32_1.0.0.202411081344/tools/bin/../lib/gcc/arm-none-eabi/13.3.1/../../../../arm-none-eabi/lib/thumb/v7e-m+fp/hard/crt0.o (memset)
C:/Users/mario/OneDrive/Documentos/GitHub/STM32CubeIDE_1.19.0/STM32CubeIDE/plugins/com.st.stm32cube.ide.mcu.externaltools.gnu-tools-for-stm32.13.3.rel1.win32_1.0.0.202411081344/tools/bin/../lib/gcc/arm-none-eabi/13.3.1/../../../../arm-none-eabi/lib/thumb/v7e-m+fp/hard\libc_nano.a(libc_a-strchr.o)
                              ./Core/Src/input.o (strchr)
C:/Users/mario/OneDrive/Documentos/GitHub/STM32CubeIDE_1.19.0/STM32CubeIDE/plugins/com.st.stm32cube.ide.mcu.externaltools.gnu-tools-for-stm32.13.3.rel1.win32_1.0.0.202411081344/tools/bin/../lib/gcc/arm-none-eabi/13.3.1/../../../../arm-none-eabi/lib/thumb/v7e-m+fp/hard\libc_nano.a(libc_a-strncpy.o)
                              ./Core/Src/main.o (strncpy)
C:/Users/mario/OneDrive/Documentos/GitHub/STM32CubeIDE_1.19.0/STM32CubeIDE/plugins/com.st.stm32cube.ide.mcu.externaltools.gnu-tools-for-stm32.13.3.rel1.win32_1.0.0.202411081344/tools/bin/../lib/gcc/arm-none-eabi/13.3.1/../../../../arm-none-eabi/lib/thumb/v7e-m+fp/hard\libc_nano.a(libc_a-closer.o)
[...]
Memory Configuration

Name             Origin             Length             Attributes
RAM              0x20000000         0x00020000         xrw
FLASH            0x08000000         0x00080000         xr
*default*        0x00000000         0xffffffff

Linker script and memory map

LOAD C:/Users/mario/OneDrive/Documentos/GitHub/STM32CubeIDE_1.19.0/STM32CubeIDE/plugins/com.st.stm32cube.ide.mcu.externaltools.gnu-tools-for-stm32.13.3.rel1.win32_1.0.0.202411081344/tools/bin/../lib/gcc/arm-none-eabi/13.3.1/thumb/v7e-m+fp/hard/crti.o
LOAD C:/Users/mario/OneDrive/Documentos/GitHub/STM32CubeIDE_1.19.0/STM32CubeIDE/plugins/com.st.stm32cube.ide.mcu.externaltools.gnu-tools-for-stm32.13.3.rel1.win32_1.0.0.202411081344/tools/bin/../lib/gcc/arm-none-eabi/13.3.1/thumb/v7e-m+fp/hard/crtbegin.o
LOAD C:/Users/mario/OneDrive/Documentos/GitHub/STM32CubeIDE_1.19.0/STM32CubeIDE/plugins/com.st.stm32cube.ide.mcu.externaltools.gnu-tools-for-stm32.13.3.rel1.win32_1.0.0.202411081344/tools/bin/../lib/gcc/arm-none-eabi/13.3.1/../../../../arm-none-eabi/lib/thumb/v7e-m+fp/hard/crt0.o
LOAD ./Core/Src/audio_pwm.o
LOAD ./Core/Src/bitmaps.o
LOAD ./Core/Src/fatfs_sd.o
LOAD ./Core/Src/font.o
LOAD ./Core/Src/graficos.o
LOAD ./Core/Src/ili9341.o
LOAD ./Core/Src/input.o
LOAD ./Core/Src/main.o
LOAD ./Core/Src/song_loop.o
LOAD ./Core/Src/stm32f4xx_hal_msp.o
LOAD ./Core/Src/stm32f4xx_it.o
LOAD ./Core/Src/syscalls.o
LOAD ./Core/Src/sysmem.o
LOAD ./Core/Src/system_stm32f4xx.o
LOAD ./Core/Src/uart_gamepad.o
LOAD ./Core/Src/ui_menu.o
LOAD ./Core/Startup/startup_stm32f446retx.o
LOAD ./Drivers/STM32F4xx_HAL_Driver/Src/stm32f4xx_hal.o
LOAD ./Drivers/STM32F4xx_HAL_Driver/Src/stm32f4xx_hal_cortex.o
LOAD ./Drivers/STM32F4xx_HAL_Driver/Src/stm32f4xx_hal_dma.o
LOAD ./Drivers/STM32F4xx_HAL_Driver/Src/stm32f4xx_hal_dma_ex.o
LOAD ./Drivers/STM32F4xx_HAL_Driver/Src/stm32f4xx_hal_exti.o
LOAD ./Drivers/STM32F4xx_HAL_Driver/Src/stm32f4xx_hal_flash.o
LOAD ./Drivers/STM32F4xx_HAL_Driver/Src/stm32f4xx_hal_flash_ex.o
LOAD ./Drivers/STM32F4xx_HAL_Driver/Src/stm32f4xx_hal_flash_ramfunc.o
LOAD ./Drivers/STM32F4xx_HAL_Driver/Src/stm32f4xx_hal_gpio.o
LOAD ./Drivers/STM32F4xx_HAL_Driver/Src/stm32f4xx_hal_pwr.o
LOAD ./Drivers/STM32F4xx_HAL_Driver/Src/stm32f4xx_hal_pwr_ex.o
LOAD ./Drivers/STM32F4xx_HAL_Driver/Src/stm32f4xx_hal_rcc.o
LOAD ./Drivers/STM32F4xx_HAL_Driver/Src/stm32f4xx_hal_rcc_ex.o
LOAD ./Drivers/STM32F4xx_HAL_Driver/Src/stm32f4xx_hal_spi.o
LOAD ./Drivers/STM32F4xx_HAL_Driver/Src/stm32f4xx_hal_tim.o
LOAD ./Drivers/STM32F4xx_HAL_Driver/Src/stm32f4xx_hal_tim_ex.o
LOAD ./Drivers/STM32F4xx_HAL_Driver/Src/stm32f4xx_hal_uart.o
LOAD ./FATFS/App/fatfs.o
LOAD ./FATFS/Target/user_diskio.o
LOAD ./Middlewares/Third_Party/FatFs/src/diskio.o
LOAD ./Middlewares/Third_Party/FatFs/src/ff.o
LOAD ./Middlewares/Third_Party/FatFs/src/ff_gen_drv.o
LOAD ./Middlewares/Third_Party/FatFs/src/option/ccsbcs.o
LOAD ./Middlewares/Third_Party/FatFs/src/option/syscall.o
START GROUP
LOAD C:/Users/mario/OneDrive/Documentos/GitHub/STM32CubeIDE_1.19.0/STM32CubeIDE/plugins/com.st.stm32cube.ide.mcu.externaltools.gnu-tools-for-stm32.13.3.rel1.win32_1.0.0.202411081344/tools/bin/../lib/gcc/arm-none-eabi/13.3.1/../../../../arm-none-eabi/lib/thumb/v7e-m+fp/hard\libc_nano.a
LOAD C:/Users/mario/OneDrive/Documentos/GitHub/STM32CubeIDE_1.19.0/STM32CubeIDE/plugins/com.st.stm32cube.ide.mcu.externaltools.gnu-tools-for-stm32.13.3.rel1.win32_1.0.0.202411081344/tools/bin/../lib/gcc/arm-none-eabi/13.3.1/../../../../arm-none-eabi/lib/thumb/v7e-m+fp/hard\libm.a
END GROUP
START GROUP
LOAD C:/Users/mario/OneDrive/Documentos/GitHub/STM32CubeIDE_1.19.0/STM32CubeIDE/plugins/com.st.stm32cube.ide.mcu.externaltools.gnu-tools-for-stm32.13.3.rel1.win32_1.0.0.202411081344/tools/bin/../lib/gcc/arm-none-eabi/13.3.1/thumb/v7e-m+fp/hard\libgcc.a
LOAD C:/Users/mario/OneDrive/Documentos/GitHub/STM32CubeIDE_1.19.0/STM32CubeIDE/plugins/com.st.stm32cube.ide.mcu.externaltools.gnu-tools-for-stm32.13.3.rel1.win32_1.0.0.202411081344/tools/bin/../lib/gcc/arm-none-eabi/13.3.1/../../../../arm-none-eabi/lib/thumb/v7e-m+fp/hard\libc_nano.a
END GROUP
START GROUP
LOAD C:/Users/mario/OneDrive/Documentos/GitHub/STM32CubeIDE_1.19.0/STM32CubeIDE/plugins/com.st.stm32cube.ide.mcu.externaltools.gnu-tools-for-stm32.13.3.rel1.win32_1.0.0.202411081344/tools/bin/../lib/gcc/arm-none-eabi/13.3.1/thumb/v7e-m+fp/hard\libgcc.a
LOAD C:/Users/mario/OneDrive/Documentos/GitHub/STM32CubeIDE_1.19.0/STM32CubeIDE/plugins/com.st.stm32cube.ide.mcu.externaltools.gnu-tools-for-stm32.13.3.rel1.win32_1.0.0.202411081344/tools/bin/../lib/gcc/arm-none-eabi/13.3.1/../../../../arm-none-eabi/lib/thumb/v7e-m+fp/hard\libc_nano.a
LOAD C:/Users/mario/OneDrive/Documentos/GitHub/STM32CubeIDE_1.19.0/STM32CubeIDE/plugins/com.st.stm32cube.ide.mcu.externaltools.gnu-tools-for-stm32.13.3.rel1.win32_1.0.0.202411081344/tools/bin/../lib/gcc/arm-none-eabi/13.3.1/../../../../arm-none-eabi/lib/thumb/v7e-m+fp/hard\libnosys.a
END GROUP
START GROUP
LOAD C:/Users/mario/OneDrive/Documentos/GitHub/STM32CubeIDE_1.19.0/STM32CubeIDE/plugins/com.st.stm32cube.ide.mcu.externaltools.gnu-tools-for-stm32.13.3.rel1.win32_1.0.0.202411081344/tools/bin/../lib/gcc/arm-none-eabi/13.3.1/thumb/v7e-m+fp/hard\libgcc.a
LOAD C:/Users/mario/OneDrive/Documentos/GitHub/STM32CubeIDE_1.19.0/STM32CubeIDE/plugins/com.st.stm32cube.ide.mcu.externaltools.gnu-tools-for-stm32.13.3.rel1.win32_1.0.0.202411081344/tools/bin/../lib/gcc/arm-none-eabi/13.3.1/../../../../arm-none-eabi/lib/thumb/v7e-m+fp/hard\libc_nano.a
LOAD C:/Users/mario/OneDrive/Documentos/GitHub/STM32CubeIDE_1.19.0/STM32CubeIDE/plugins/com.st.stm32cube.ide.mcu.externaltools.gnu-tools-for-stm32.13.3.rel1.win32_1.0.0.202411081344/tools/bin/../lib/gcc/arm-none-eabi/13.3.1/../../../../arm-none-eabi/lib/thumb/v7e-m+fp/hard\libnosys.a
END GROUP
LOAD C:/Users/mario/OneDrive/Documentos/GitHub/STM32CubeIDE_1.19.0/STM32CubeIDE/plugins/com.st.stm32cube.ide.mcu.externaltools.gnu-tools-for-stm32.13.3.rel1.win32_1.0.0.202411081344/tools/bin/../lib/gcc/arm-none-eabi/13.3.1/thumb/v7e-m+fp/hard/crtend.o
LOAD C:/Users/mario/OneDrive/Documentos/GitHub/STM32CubeIDE_1.19.0/STM32CubeIDE/plugins/com.st.stm32cube.ide.mcu.externaltools.gnu-tools-for-stm32.13.3.rel1.win32_1.0.0.202411081344/tools/bin/../lib/gcc/arm-none-eabi/13.3.1/thumb/v7e-m+fp/hard/crtn.o
                0x20020000                        _estack = (ORIGIN (RAM) + LENGTH (RAM))
                0x00000200                        _Min_Heap_Size = 0x200
                0x00000400                        _Min_Stack_Size = 0x400

.isr_vector     0x08000000      0x1c4
                0x08000000                        . = ALIGN (0x4)
 *(.isr_vector)
 .isr_vector    0x08000000      0x1c4 ./Core/Startup/startup_stm32f446retx.o
                0x08000000                g_pfnVectors
                0x080001c4                        . = ALIGN (0x4)

.text           0x080001d0     0xf444
                0x080001d0                        . = ALIGN (0x4)
 *(.text)
 .text          0x080001d0       0x40 C:/Users/mario/OneDrive/Documentos/GitHub/STM32CubeIDE_1.19.0/STM32CubeIDE/plugins/com.st.stm32cube.ide.mcu.externaltools.gnu-tools-for-stm32.13.3.rel1.win32_1.0.0.202411081344/tools/bin/../lib/gcc/arm-none-eabi/13.3.1/thumb/v7e-m+fp/hard/crtbegin.o
 .text          0x08000210       0x10 C:/Users/mario/OneDrive/Documentos/GitHub/STM32CubeIDE_1.19.0/STM32CubeIDE/plugins/com.st.stm32cube.ide.mcu.externaltools.gnu-tools-for-stm32.13.3.rel1.win32_1.0.0.202411081344/tools/bin/../lib/gcc/arm-none-eabi/13.3.1/../../../../arm-none-eabi/lib/thumb/v7e-m+fp/hard\libc_nano.a(libc_a-strlen.o)
                0x08000210                strlen
 .text          0x08000220       0xa0 C:/Users/mario/OneDrive/Documentos/GitHub/STM32CubeIDE_1.19.0/STM32CubeIDE/plugins/com.st.stm32cube.ide.mcu.externaltools.gnu-tools-for-stm32.13.3.rel1.win32_1.0.0.202411081344/tools/bin/../lib/gcc/arm-none-eabi/13.3.1/../../../../arm-none-eabi/lib/thumb/v7e-m+fp/hard\libc_nano.a(libc_a-memchr.o)
                0x08000220                memchr
 .text          0x080002c0       0xa0 C:/Users/mario/OneDrive/Documentos/GitHub/STM32CubeIDE_1.19.0/STM32CubeIDE/plugins/com.st.stm32cube.ide.mcu.externaltools.gnu-tools-for-stm32.13.3.rel1.win32_1.0.0.202411081344/tools/bin/../lib/gcc/arm-none-eabi/13.3.1/thumb/v7e-m+fp/hard\libgcc.a(_aeabi_ldivmod.o)
                0x080002c0                __aeabi_ldivmod
 .text          0x08000360       0x30 C:/Users/mario/OneDrive/Documentos/GitHub/STM32CubeIDE_1.19.0/STM32CubeIDE/plugins/com.st.stm32cube.ide.mcu.externaltools.gnu-tools-for-stm32.13.3.rel1.win32_1.0.0.202411081344/tools/bin/../lib/gcc/arm-none-eabi/13.3.1/thumb/v7e-m+fp/hard\libgcc.a(_aeabi_uldivmod.o)
                0x08000360                __aeabi_uldivmod
 .text          0x08000390      0x2f8 C:/Users/mario/OneDrive/Documentos/GitHub/STM32CubeIDE_1.19.0/STM32CubeIDE/plugins/com.st.stm32cube.ide.mcu.externaltools.gnu-tools-for-stm32.13.3.rel1.win32_1.0.0.202411081344/tools/bin/../lib/gcc/arm-none-eabi/13.3.1/thumb/v7e-m+fp/hard\libgcc.a(_udivmoddi4.o)
                0x08000390                __udivmoddi4
 .text          0x08000688        0x4 C:/Users/mario/OneDrive/Documentos/GitHub/STM32CubeIDE_1.19.0/STM32CubeIDE/plugins/com.st.stm32cube.ide.mcu.externaltools.gnu-tools-for-stm32.13.3.rel1.win32_1.0.0.202411081344/tools/bin/../lib/gcc/arm-none-eabi/13.3.1/thumb/v7e-m+fp/hard\libgcc.a(_dvmd_tls.o)
                0x08000688                __aeabi_idiv0
                0x08000688                __aeabi_ldiv0
 *(.text*)
 .text.AudioPWM_Init
                0x0800068c       0x98 ./Core/Src/audio_pwm.o
                0x0800068c                AudioPWM_Init
 .text.AudioPWM_SetFreq
                0x08000724       0x78 ./Core/Src/audio_pwm.o
                0x08000724                AudioPWM_SetFreq
 .text.AudioPWM_Silence
                0x0800079c       0x28 ./Core/Src/audio_pwm.o
                0x0800079c                AudioPWM_Silence
 .text.SELECT   0x080007c4       0x1c ./Core/Src/fatfs_sd.o
 .text.DESELECT
                0x080007e0       0x1c ./Core/Src/fatfs_sd.o
 .text.SPI_TxByte
                0x080007fc       0x34 ./Core/Src/fatfs_sd.o
 .text.SPI_TxBuffer
                0x08000830       0x34 ./Core/Src/fatfs_sd.o
 .text.SPI_RxByte
                0x08000864       0x38 ./Core/Src/fatfs_sd.o
 .text.SPI_RxBytePtr
                0x0800089c       0x1c ./Core/Src/fatfs_sd.o
 .text.SD_ReadyWait
                0x080008b8       0x34 ./Core/Src/fatfs_sd.o
 .text.SD_PowerOn
                0x080008ec       0x84 ./Core/Src/fatfs_sd.o
 .text.SD_PowerOff
                0x08000970       0x18 ./Core/Src/fatfs_sd.o
 .text.SD_CheckPower
                0x08000988       0x18 ./Core/Src/fatfs_sd.o
 .text.SD_RxDataBlock
                0x080009a0       0x60 ./Core/Src/fatfs_sd.o
 .text.SD_TxDataBlock
                0x08000a00       0xa0 ./Core/Src/fatfs_sd.o
 .text.SD_SendCmd
                0x08000aa0       0xa8 ./Core/Src/fatfs_sd.o
 .text.SD_disk_initialize
                0x08000b48      0x1d8 ./Core/Src/fatfs_sd.o
                0x08000b48                SD_disk_initialize
 .text.SD_disk_status
                0x08000d20       0x2c ./Core/Src/fatfs_sd.o
                0x08000d20                SD_disk_status
 .text.SD_disk_read
                0x08000d4c       0xd4 ./Core/Src/fatfs_sd.o
                0x08000d4c                SD_disk_read
 .text.SD_disk_write
                0x08000e20      0x108 ./Core/Src/fatfs_sd.o
                0x08000e20                SD_disk_write
 .text.SD_disk_ioctl
                0x08000f28      0x25c ./Core/Src/fatfs_sd.o
                0x08000f28                SD_disk_ioctl
 .text.LCD_Init
                0x08001184      0x1f8 ./Core/Src/ili9341.o
                0x08001184                LCD_Init
 .text.LCD_CMD  0x0800137c      0x14c ./Core/Src/ili9341.o
                0x0800137c                LCD_CMD
 .text.LCD_DATA
                0x080014c8      0x14c ./Core/Src/ili9341.o
                0x080014c8                LCD_DATA
 .text.SetWindows
                0x08001614       0x80 ./Core/Src/ili9341.o
                0x08001614                SetWindows
 .text.LCD_Clear
                0x08001694       0x88 ./Core/Src/ili9341.o
                0x08001694                LCD_Clear
 .text.LCD_Print
                0x0800171c      0x1d8 ./Core/Src/ili9341.o
                0x0800171c                LCD_Print
 .text.LCD_Bitmap
                0x080018f4       0xb4 ./Core/Src/ili9341.o
                0x080018f4                LCD_Bitmap
 .text.LCD_Sprite
                0x080019a8      0x158 ./Core/Src/ili9341.o
                0x080019a8                LCD_Sprite
 .text.RectIntersects
                0x08001b00       0x56 ./Core/Src/main.o
 .text.DrawTextC
                0x08001b56       0x2a ./Core/Src/main.o
 .text.UI_FillRect
                0x08001b80       0x74 ./Core/Src/main.o
 .text.GoToPlay
                0x08001bf4      0x3dc ./Core/Src/main.o
 .text.main     0x08001fd0      0x3d8 ./Core/Src/main.o
                0x08001fd0                main
 .text.Map_Generate
                0x080023a8      0x204 ./Core/Src/main.o
 .text.Map_Draw
                0x080025ac       0x74 ./Core/Src/main.o
 .text.DrawBlackTile
                0x08002620       0x68 ./Core/Src/main.o
 .text.PatchFromMap
                0x08002688      0x140 ./Core/Src/main.o
 .text.RectCollidesMap
                0x080027c8       0xdc ./Core/Src/main.o
 .text.HUD_Draw
                0x080028a4       0x80 ./Core/Src/main.o
 .text.HUD_RedrawIfOverlapped
                0x08002924       0xcc ./Core/Src/main.o
 .text.Banana_ResizeTo
                0x080029f0      0x170 ./Core/Src/main.o
 .text.LifeIcon_ResizeTo
                0x08002b60      0x19c ./Core/Src/main.o
 .text.Bananas_Add
                0x08002cfc       0xb0 ./Core/Src/main.o
 .text.Bananas_Init
                0x08002dac       0xac ./Core/Src/main.o
 .text.Bananas_DrawAll
                0x08002e58       0x90 ./Core/Src/main.o
 .text.Bananas_RedrawIfOverlapped
                0x08002ee8       0xe0 ./Core/Src/main.o
 .text.Bananas_CheckPickup
                0x08002fc8       0xc4 ./Core/Src/main.o
 .text.Bananas_Left
                0x0800308c       0x54 ./Core/Src/main.o
 .text.SheetToDir
                0x080030e0       0x8c ./Core/Src/main.o
 .text.EntityBlocksTile
                0x0800316c       0x4c ./Core/Src/main.o
 .text.Line_RemoveFrom
                0x080031b8       0xc8 ./Core/Src/main.o
 .text.Line_CreateFrom
                0x08003280      0x128 ./Core/Src/main.o
 .text.TryActionErase_Create
                0x080033a8      0x34c ./Core/Src/main.o
 .text.IsVerticalSheet
                0x080036f4       0x50 ./Core/Src/main.o
 .text.FixAnimIndex
                0x08003744       0x3e ./Core/Src/main.o
 .text.DrawSheet
                0x08003782       0x4c ./Core/Src/main.o
 *fill*         0x080037ce        0x2 
 .text.DrawP1   0x080037d0       0x38 ./Core/Src/main.o
 .text.ClrP1    0x08003808       0x5c ./Core/Src/main.o
 .text.DrawP2   0x08003864       0x38 ./Core/Src/main.o
 .text.ClrP2    0x0800389c       0x5c ./Core/Src/main.o
 .text.DecideAxisMove
                0x080038f8       0x90 ./Core/Src/main.o
 .text.TryMovePlayer
                0x08003988      0x12a ./Core/Src/main.o
 *fill*         0x08003ab2        0x2 
 .text.Players_HandleInput
                0x08003ab4      0x534 ./Core/Src/main.o
 .text.Enemy_InitPatrol
                0x08003fe8       0x3c ./Core/Src/main.o
 .text.EnemyRectCollidesMap_Padded
                0x08004024       0x5c ./Core/Src/main.o
 .text.Enemy_TryStep
                0x08004080       0xac ./Core/Src/main.o
 .text.CenterTileX
                0x0800412c       0x50 ./Core/Src/main.o
 .text.CenterTileY
                0x0800417c       0x50 ./Core/Src/main.o
 .text.TileToPixelForSprite
                0x080041cc       0x5e ./Core/Src/main.o
 .text.TilePassableForEnemy
                0x0800422a       0x76 ./Core/Src/main.o
 .text.Enemy_GetStartTile
                0x080042a0       0x50 ./Core/Src/main.o
 .text.Enemy_GetPlayerTargetTile
                0x080042f0      0x178 ./Core/Src/main.o
 .text.BFS_NextDirForEnemy
                0x08004468      0x648 ./Core/Src/main.o
 .text.Enemy_FaceTowardsPixel
                0x08004ab0       0x9c ./Core/Src/main.o
 .text.Enemy_Tick
                0x08004b4c      0x338 ./Core/Src/main.o
 .text.ShowEndScreen
                0x08004e84       0xbc ./Core/Src/main.o
 .text.Scores_Append
                0x08004f40       0xf0 ./Core/Src/main.o
 .text.Scores_ShowScreen
                0x08005030      0x45c ./Core/Src/main.o
 .text.Help_ShowScreen
                0x0800548c       0x7c ./Core/Src/main.o
 .text.Credits_ShowScreen
                0x08005508       0x7c ./Core/Src/main.o
 .text.Wait_B_ToGoMenu
                0x08005584       0x46 ./Core/Src/main.o
 *fill*         0x080055ca        0x2 
 .text.SystemClock_Config
                0x080055cc       0xd0 ./Core/Src/main.o
                0x080055cc                SystemClock_Config
 .text.MX_SPI1_Init
                0x0800569c       0x6c ./Core/Src/main.o
 .text.MX_USART2_UART_Init
                0x08005708       0x64 ./Core/Src/main.o
 .text.MX_USART3_UART_Init
                0x0800576c       0x64 ./Core/Src/main.o
 .text.MX_TIM11_Init
                0x080057d0       0xbc ./Core/Src/main.o
 .text.MX_GPIO_Init
                0x0800588c      0x118 ./Core/Src/main.o
 .text.Error_Handler
                0x080059a4        0xc ./Core/Src/main.o
                0x080059a4                Error_Handler
 .text.midi2hz  0x080059b0       0xa4 ./Core/Src/song_loop.o
 .text.sched_next
                0x08005a54       0x80 ./Core/Src/song_loop.o
 .text.find_tick_ms
                0x08005ad4       0xb4 ./Core/Src/song_loop.o
 .text.load_to_ram
                0x08005b88      0x18c ./Core/Src/song_loop.o
 .text.SongLoop_Init
                0x08005d14       0xcc ./Core/Src/song_loop.o
                0x08005d14                SongLoop_Init
 .text.SongLoop_Start
                0x08005de0       0xb0 ./Core/Src/song_loop.o
                0x08005de0                SongLoop_Start
 .text.SongLoop_Stop
                0x08005e90       0x64 ./Core/Src/song_loop.o
                0x08005e90                SongLoop_Stop
 .text.TIM1_UP_TIM10_IRQHandler
                0x08005ef4      0x194 ./Core/Src/song_loop.o
                0x08005ef4                TIM1_UP_TIM10_IRQHandler
 .text.HAL_MspInit
                0x08006088       0x50 ./Core/Src/stm32f4xx_hal_msp.o
                0x08006088                HAL_MspInit
 .text.HAL_SPI_MspInit
                0x080060d8       0x90 ./Core/Src/stm32f4xx_hal_msp.o
                0x080060d8                HAL_SPI_MspInit
 .text.HAL_TIM_Base_MspInit
                0x08006168       0x50 ./Core/Src/stm32f4xx_hal_msp.o
                0x08006168                HAL_TIM_Base_MspInit
 .text.HAL_TIM_MspPostInit
                0x080061b8       0x74 ./Core/Src/stm32f4xx_hal_msp.o
                0x080061b8                HAL_TIM_MspPostInit
 .text.HAL_UART_MspInit
                0x0800622c      0x11c ./Core/Src/stm32f4xx_hal_msp.o
                0x0800622c                HAL_UART_MspInit
 .text.NMI_Handler
                0x08006348        0x8 ./Core/Src/stm32f4xx_it.o
                0x08006348                NMI_Handler
 .text.HardFault_Handler
                0x08006350        0x8 ./Core/Src/stm32f4xx_it.o
                0x08006350                HardFault_Handler
 .text.MemManage_Handler
                0x08006358        0x8 ./Core/Src/stm32f4xx_it.o
                0x08006358                MemManage_Handler
 .text.BusFault_Handler
                0x08006360        0x8 ./Core/Src/stm32f4xx_it.o
                0x08006360                BusFault_Handler
 .text.UsageFault_Handler
                0x08006368        0x8 ./Core/Src/stm32f4xx_it.o
                0x08006368                UsageFault_Handler
 .text.SVC_Handler
                0x08006370        0xe ./Core/Src/stm32f4xx_it.o
                0x08006370                SVC_Handler
 .text.DebugMon_Handler
                0x0800637e        0xe ./Core/Src/stm32f4xx_it.o
                0x0800637e                DebugMon_Handler
 .text.PendSV_Handler
                0x0800638c        0xe ./Core/Src/stm32f4xx_it.o
                0x0800638c                PendSV_Handler
 *fill*         0x0800639a        0x2 
 .text.SysTick_Handler
                0x0800639c       0x40 ./Core/Src/stm32f4xx_it.o
                0x0800639c                SysTick_Handler
 .text.TIM1_TRG_COM_TIM11_IRQHandler
                0x080063dc       0x14 ./Core/Src/stm32f4xx_it.o
                0x080063dc                TIM1_TRG_COM_TIM11_IRQHandler
 .text.USART2_IRQHandler
                0x080063f0       0x14 ./Core/Src/stm32f4xx_it.o
                0x080063f0                USART2_IRQHandler
 .text.USART3_IRQHandler
                0x08006404       0x14 ./Core/Src/stm32f4xx_it.o
                0x08006404                USART3_IRQHandler
 .text._sbrk    0x08006418       0x6c ./Core/Src/sysmem.o
                0x08006418                _sbrk
 .text.SystemInit
                0x08006484       0x24 ./Core/Src/system_stm32f4xx.o
                0x08006484                SystemInit
 .text.calc_dir
                0x080064a8       0x74 ./Core/Src/uart_gamepad.o
 .text.apply    0x0800651c       0x84 ./Core/Src/uart_gamepad.o
 .text.parse_segment
                0x080065a0      0x1ac ./Core/Src/uart_gamepad.o
 .text.on_byte  0x0800674c       0x7c ./Core/Src/uart_gamepad.o
 .text.Gamepad_Init
                0x080067c8       0x38 ./Core/Src/uart_gamepad.o
                0x080067c8                Gamepad_Init
 .text.HAL_UART_RxCpltCallback
                0x08006800       0x48 ./Core/Src/uart_gamepad.o
                0x08006800                HAL_UART_RxCpltCallback
 .text.Gamepad_GetP1
                0x08006848       0x2c ./Core/Src/uart_gamepad.o
                0x08006848                Gamepad_GetP1
 .text.Gamepad_GetP2
                0x08006874       0x2c ./Core/Src/uart_gamepad.o
                0x08006874                Gamepad_GetP2
 .text.draw_bg  0x080068a0       0x24 ./Core/Src/ui_menu.o
 .text.draw_helados
                0x080068c4       0x34 ./Core/Src/ui_menu.o
 .text.patch_bg
                0x080068f8       0x84 ./Core/Src/ui_menu.o
 .text.move_selection
                0x0800697c       0x84 ./Core/Src/ui_menu.o
 .text.process_player
                0x08006a00       0xde ./Core/Src/ui_menu.o
 .text.action_edge
                0x08006ade       0x3e ./Core/Src/ui_menu.o
 .text.Menu_Init
                0x08006b1c       0x44 ./Core/Src/ui_menu.o
                0x08006b1c                Menu_Init
 .text.Menu_Tick
                0x08006b60       0xf0 ./Core/Src/ui_menu.o
                0x08006b60                Menu_Tick
 .text.Menu_GetIndex
                0x08006c50       0x18 ./Core/Src/ui_menu.o
                0x08006c50                Menu_GetIndex
 .text.Menu_ActionPressed
                0x08006c68       0x5c ./Core/Src/ui_menu.o
                0x08006c68                Menu_ActionPressed
 .text.Reset_Handler
                0x08006cc4       0x50 ./Core/Startup/startup_stm32f446retx.o
                0x08006cc4                Reset_Handler
 .text.Default_Handler
                0x08006d14        0x2 ./Core/Startup/startup_stm32f446retx.o
                0x08006d14                RTC_Alarm_IRQHandler
                0x08006d14                EXTI2_IRQHandler
                0x08006d14                TIM8_CC_IRQHandler
                0x08006d14                FMPI2C1_EV_IRQHandler
                0x08006d14                SPI4_IRQHandler
                0x08006d14                TIM1_CC_IRQHandler
                0x08006d14                DMA2_Stream5_IRQHandler
                0x08006d14                DMA1_Stream5_IRQHandler
                0x08006d14                PVD_IRQHandler
                0x08006d14                SDIO_IRQHandler
                0x08006d14                TAMP_STAMP_IRQHandler
                0x08006d14                CAN2_RX1_IRQHandler
                0x08006d14                EXTI3_IRQHandler
                0x08006d14                TIM8_TRG_COM_TIM14_IRQHandler
                0x08006d14                TIM8_UP_TIM13_IRQHandler
                0x08006d14                I2C3_ER_IRQHandler
                0x08006d14                EXTI0_IRQHandler
                0x08006d14                I2C2_EV_IRQHandler
                0x08006d14                DMA1_Stream2_IRQHandler
                0x08006d14                CAN1_RX0_IRQHandler
                0x08006d14                FPU_IRQHandler
                0x08006d14                OTG_HS_WKUP_IRQHandler
                0x08006d14                CAN2_SCE_IRQHandler
                0x08006d14                DMA2_Stream2_IRQHandler
                0x08006d14                SPI1_IRQHandler
                0x08006d14                TIM6_DAC_IRQHandler
                0x08006d14                TIM1_BRK_TIM9_IRQHandler
                0x08006d14                DCMI_IRQHandler
                0x08006d14                CAN2_RX0_IRQHandler
                0x08006d14                DMA2_Stream3_IRQHandler
                0x08006d14                SAI2_IRQHandler
                0x08006d14                USART6_IRQHandler
                0x08006d14                CAN1_RX1_IRQHandler
                0x08006d14                UART5_IRQHandler
                0x08006d14                DMA2_Stream0_IRQHandler
                0x08006d14                TIM4_IRQHandler
                0x08006d14                QUADSPI_IRQHandler
                0x08006d14                I2C1_EV_IRQHandler
                0x08006d14                DMA1_Stream6_IRQHandler
                0x08006d14                DMA1_Stream1_IRQHandler
                0x08006d14                UART4_IRQHandler
                0x08006d14                TIM3_IRQHandler
                0x08006d14                RCC_IRQHandler
                0x08006d14                TIM8_BRK_TIM12_IRQHandler
                0x08006d14                Default_Handler
                0x08006d14                CEC_IRQHandler
                0x08006d14                EXTI15_10_IRQHandler
                0x08006d14                ADC_IRQHandler
                0x08006d14                DMA1_Stream7_IRQHandler
                0x08006d14                TIM7_IRQHandler
                0x08006d14                CAN2_TX_IRQHandler
                0x08006d14                TIM5_IRQHandler
                0x08006d14                DMA2_Stream7_IRQHandler
                0x08006d14                I2C3_EV_IRQHandler
                0x08006d14                EXTI9_5_IRQHandler
                0x08006d14                RTC_WKUP_IRQHandler
                0x08006d14                SPDIF_RX_IRQHandler
                0x08006d14                SPI2_IRQHandler
                0x08006d14                OTG_HS_EP1_IN_IRQHandler
                0x08006d14                DMA1_Stream0_IRQHandler
                0x08006d14                CAN1_TX_IRQHandler
                0x08006d14                FMPI2C1_ER_IRQHandler
                0x08006d14                EXTI4_IRQHandler
                0x08006d14                OTG_HS_EP1_OUT_IRQHandler
                0x08006d14                WWDG_IRQHandler
                0x08006d14                TIM2_IRQHandler
                0x08006d14                OTG_FS_WKUP_IRQHandler
                0x08006d14                OTG_HS_IRQHandler
                0x08006d14                EXTI1_IRQHandler
                0x08006d14                I2C2_ER_IRQHandler
                0x08006d14                DMA2_Stream1_IRQHandler
                0x08006d14                CAN1_SCE_IRQHandler
                0x08006d14                FLASH_IRQHandler
                0x08006d14                DMA2_Stream4_IRQHandler
                0x08006d14                USART1_IRQHandler
                0x08006d14                OTG_FS_IRQHandler
                0x08006d14                SPI3_IRQHandler
                0x08006d14                DMA1_Stream4_IRQHandler
                0x08006d14                I2C1_ER_IRQHandler
                0x08006d14                FMC_IRQHandler
                0x08006d14                DMA2_Stream6_IRQHandler
                0x08006d14                SAI1_IRQHandler
                0x08006d14                DMA1_Stream3_IRQHandler
 *fill*         0x08006d16        0x2 
 .text.HAL_Init
                0x08006d18       0x44 ./Drivers/STM32F4xx_HAL_Driver/Src/stm32f4xx_hal.o
                0x08006d18                HAL_Init
 .text.HAL_InitTick
                0x08006d5c       0x60 ./Drivers/STM32F4xx_HAL_Driver/Src/stm32f4xx_hal.o
                0x08006d5c                HAL_InitTick
 .text.HAL_IncTick
                0x08006dbc       0x28 ./Drivers/STM32F4xx_HAL_Driver/Src/stm32f4xx_hal.o
                0x08006dbc                HAL_IncTick
 .text.HAL_GetTick
                0x08006de4       0x18 ./Drivers/STM32F4xx_HAL_Driver/Src/stm32f4xx_hal.o
                0x08006de4                HAL_GetTick
 .text.HAL_Delay
                0x08006dfc       0x48 ./Drivers/STM32F4xx_HAL_Driver/Src/stm32f4xx_hal.o
                0x08006dfc                HAL_Delay
 .text.__NVIC_SetPriorityGrouping
                0x08006e44       0x48 ./Drivers/STM32F4xx_HAL_Driver/Src/stm32f4xx_hal_cortex.o
 .text.__NVIC_GetPriorityGrouping
                0x08006e8c       0x1c ./Drivers/STM32F4xx_HAL_Driver/Src/stm32f4xx_hal_cortex.o
 .text.__NVIC_EnableIRQ
                0x08006ea8       0x3c ./Drivers/STM32F4xx_HAL_Driver/Src/stm32f4xx_hal_cortex.o
 .text.__NVIC_SetPriority
                0x08006ee4       0x54 ./Drivers/STM32F4xx_HAL_Driver/Src/stm32f4xx_hal_cortex.o
 .text.NVIC_EncodePriority
                0x08006f38       0x66 ./Drivers/STM32F4xx_HAL_Driver/Src/stm32f4xx_hal_cortex.o
 *fill*         0x08006f9e        0x2 
 .text.SysTick_Config
                0x08006fa0       0x44 ./Drivers/STM32F4xx_HAL_Driver/Src/stm32f4xx_hal_cortex.o
 .text.HAL_NVIC_SetPriorityGrouping
                0x08006fe4       0x16 ./Drivers/STM32F4xx_HAL_Driver/Src/stm32f4xx_hal_cortex.o
                0x08006fe4                HAL_NVIC_SetPriorityGrouping
 .text.HAL_NVIC_SetPriority
                0x08006ffa       0x38 ./Drivers/STM32F4xx_HAL_Driver/Src/stm32f4xx_hal_cortex.o
                0x08006ffa                HAL_NVIC_SetPriority
 .text.HAL_NVIC_EnableIRQ
                0x08007032       0x1c ./Drivers/STM32F4xx_HAL_Driver/Src/stm32f4xx_hal_cortex.o
                0x08007032                HAL_NVIC_EnableIRQ
 .text.HAL_SYSTICK_Config
                0x0800704e       0x18 ./Drivers/STM32F4xx_HAL_Driver/Src/stm32f4xx_hal_cortex.o
                0x0800704e                HAL_SYSTICK_Config
 .text.HAL_SYSTICK_IRQHandler
                0x08007066        0xc ./Drivers/STM32F4xx_HAL_Driver/Src/stm32f4xx_hal_cortex.o
                0x08007066                HAL_SYSTICK_IRQHandler
 .text.HAL_SYSTICK_Callback
                0x08007072        0xe ./Drivers/STM32F4xx_HAL_Driver/Src/stm32f4xx_hal_cortex.o
                0x08007072                HAL_SYSTICK_Callback
 .text.HAL_DMA_Abort
                0x08007080       0xe0 ./Drivers/STM32F4xx_HAL_Driver/Src/stm32f4xx_hal_dma.o
                0x08007080                HAL_DMA_Abort
 .text.HAL_DMA_Abort_IT
                0x08007160       0x44 ./Drivers/STM32F4xx_HAL_Driver/Src/stm32f4xx_hal_dma.o
                0x08007160                HAL_DMA_Abort_IT
 .text.HAL_GPIO_Init
                0x080071a4      0x328 ./Drivers/STM32F4xx_HAL_Driver/Src/stm32f4xx_hal_gpio.o
                0x080071a4                HAL_GPIO_Init
 .text.HAL_GPIO_WritePin
                0x080074cc       0x32 ./Drivers/STM32F4xx_HAL_Driver/Src/stm32f4xx_hal_gpio.o
                0x080074cc                HAL_GPIO_WritePin
 *fill*         0x080074fe        0x2 
 .text.HAL_RCC_ClockConfig
                0x08007500      0x1cc ./Drivers/STM32F4xx_HAL_Driver/Src/stm32f4xx_hal_rcc.o
                0x08007500                HAL_RCC_ClockConfig
 .text.HAL_RCC_GetHCLKFreq
                0x080076cc       0x18 ./Drivers/STM32F4xx_HAL_Driver/Src/stm32f4xx_hal_rcc.o
                0x080076cc                HAL_RCC_GetHCLKFreq
 .text.HAL_RCC_GetPCLK1Freq
                0x080076e4       0x28 ./Drivers/STM32F4xx_HAL_Driver/Src/stm32f4xx_hal_rcc.o
                0x080076e4                HAL_RCC_GetPCLK1Freq
 .text.HAL_RCC_GetPCLK2Freq
                0x0800770c       0x28 ./Drivers/STM32F4xx_HAL_Driver/Src/stm32f4xx_hal_rcc.o
                0x0800770c                HAL_RCC_GetPCLK2Freq
 .text.HAL_RCC_GetSysClockFreq
                0x08007734      0x354 ./Drivers/STM32F4xx_HAL_Driver/Src/stm32f4xx_hal_rcc_ex.o
                0x08007734                HAL_RCC_GetSysClockFreq
 .text.HAL_RCC_OscConfig
                0x08007a88      0x53c ./Drivers/STM32F4xx_HAL_Driver/Src/stm32f4xx_hal_rcc_ex.o
                0x08007a88                HAL_RCC_OscConfig
 .text.HAL_SPI_Init
                0x08007fc4      0x112 ./Drivers/STM32F4xx_HAL_Driver/Src/stm32f4xx_hal_spi.o
                0x08007fc4                HAL_SPI_Init
 .text.HAL_SPI_Transmit
                0x080080d6      0x288 ./Drivers/STM32F4xx_HAL_Driver/Src/stm32f4xx_hal_spi.o
                0x080080d6                HAL_SPI_Transmit
 .text.HAL_SPI_TransmitReceive
                0x0800835e      0x352 ./Drivers/STM32F4xx_HAL_Driver/Src/stm32f4xx_hal_spi.o
                0x0800835e                HAL_SPI_TransmitReceive
 .text.SPI_WaitFlagStateUntilTimeout
                0x080086b0      0x110 ./Drivers/STM32F4xx_HAL_Driver/Src/stm32f4xx_hal_spi.o
 .text.SPI_EndRxTxTransaction
                0x080087c0       0xa8 ./Drivers/STM32F4xx_HAL_Driver/Src/stm32f4xx_hal_spi.o
 .text.HAL_TIM_Base_Init
                0x08008868       0x9e ./Drivers/STM32F4xx_HAL_Driver/Src/stm32f4xx_hal_tim.o
                0x08008868                HAL_TIM_Base_Init
 *fill*         0x08008906        0x2 
 .text.HAL_TIM_Base_Start_IT
                0x08008908       0xe0 ./Drivers/STM32F4xx_HAL_Driver/Src/stm32f4xx_hal_tim.o
                0x08008908                HAL_TIM_Base_Start_IT
 .text.HAL_TIM_Base_Stop_IT
                0x080089e8       0x5e ./Drivers/STM32F4xx_HAL_Driver/Src/stm32f4xx_hal_tim.o
                0x080089e8                HAL_TIM_Base_Stop_IT
 .text.HAL_TIM_PWM_Init
                0x08008a46       0x9e ./Drivers/STM32F4xx_HAL_Driver/Src/stm32f4xx_hal_tim.o
                0x08008a46                HAL_TIM_PWM_Init
 .text.HAL_TIM_PWM_MspInit
                0x08008ae4       0x14 ./Drivers/STM32F4xx_HAL_Driver/Src/stm32f4xx_hal_tim.o
                0x08008ae4                HAL_TIM_PWM_MspInit
 .text.HAL_TIM_PWM_Start
                0x08008af8      0x190 ./Drivers/STM32F4xx_HAL_Driver/Src/stm32f4xx_hal_tim.o
                0x08008af8                HAL_TIM_PWM_Start
 .text.HAL_TIM_IRQHandler
                0x08008c88      0x1e0 ./Drivers/STM32F4xx_HAL_Driver/Src/stm32f4xx_hal_tim.o
                0x08008c88                HAL_TIM_IRQHandler
 .text.HAL_TIM_PWM_ConfigChannel
                0x08008e68      0x184 ./Drivers/STM32F4xx_HAL_Driver/Src/stm32f4xx_hal_tim.o
                0x08008e68                HAL_TIM_PWM_ConfigChannel
 .text.HAL_TIM_PeriodElapsedCallback
                0x08008fec       0x14 ./Drivers/STM32F4xx_HAL_Driver/Src/stm32f4xx_hal_tim.o
                0x08008fec                HAL_TIM_PeriodElapsedCallback
 .text.HAL_TIM_OC_DelayElapsedCallback
                0x08009000       0x14 ./Drivers/STM32F4xx_HAL_Driver/Src/stm32f4xx_hal_tim.o
                0x08009000                HAL_TIM_OC_DelayElapsedCallback
 .text.HAL_TIM_IC_CaptureCallback
                0x08009014       0x14 ./Drivers/STM32F4xx_HAL_Driver/Src/stm32f4xx_hal_tim.o
                0x08009014                HAL_TIM_IC_CaptureCallback
 .text.HAL_TIM_PWM_PulseFinishedCallback
                0x08009028       0x14 ./Drivers/STM32F4xx_HAL_Driver/Src/stm32f4xx_hal_tim.o
                0x08009028                HAL_TIM_PWM_PulseFinishedCallback
 .text.HAL_TIM_TriggerCallback
                0x0800903c       0x14 ./Drivers/STM32F4xx_HAL_Driver/Src/stm32f4xx_hal_tim.o
                0x0800903c                HAL_TIM_TriggerCallback
 .text.TIM_Base_SetConfig
                0x08009050      0x14c ./Drivers/STM32F4xx_HAL_Driver/Src/stm32f4xx_hal_tim.o
                0x08009050                TIM_Base_SetConfig
 .text.TIM_OC1_SetConfig
                0x0800919c       0xe0 ./Drivers/STM32F4xx_HAL_Driver/Src/stm32f4xx_hal_tim.o
 .text.TIM_OC2_SetConfig
                0x0800927c       0xec ./Drivers/STM32F4xx_HAL_Driver/Src/stm32f4xx_hal_tim.o
                0x0800927c                TIM_OC2_SetConfig
 .text.TIM_OC3_SetConfig
                0x08009368       0xe8 ./Drivers/STM32F4xx_HAL_Driver/Src/stm32f4xx_hal_tim.o
 .text.TIM_OC4_SetConfig
                0x08009450       0xac ./Drivers/STM32F4xx_HAL_Driver/Src/stm32f4xx_hal_tim.o
 .text.TIM_CCxChannelCmd
                0x080094fc       0x4a ./Drivers/STM32F4xx_HAL_Driver/Src/stm32f4xx_hal_tim.o
                0x080094fc                TIM_CCxChannelCmd
 .text.HAL_TIMEx_CommutCallback
                0x08009546       0x14 ./Drivers/STM32F4xx_HAL_Driver/Src/stm32f4xx_hal_tim_ex.o
                0x08009546                HAL_TIMEx_CommutCallback
 .text.HAL_TIMEx_BreakCallback
                0x0800955a       0x14 ./Drivers/STM32F4xx_HAL_Driver/Src/stm32f4xx_hal_tim_ex.o
                0x0800955a                HAL_TIMEx_BreakCallback
 .text.HAL_UART_Init
                0x0800956e       0xa0 ./Drivers/STM32F4xx_HAL_Driver/Src/stm32f4xx_hal_uart.o
                0x0800956e                HAL_UART_Init
 .text.HAL_UART_Receive_IT
                0x0800960e       0x4a ./Drivers/STM32F4xx_HAL_Driver/Src/stm32f4xx_hal_uart.o
                0x0800960e                HAL_UART_Receive_IT
 .text.HAL_UART_IRQHandler
                0x08009658      0x554 ./Drivers/STM32F4xx_HAL_Driver/Src/stm32f4xx_hal_uart.o
                0x08009658                HAL_UART_IRQHandler
 .text.HAL_UART_TxCpltCallback
                0x08009bac       0x14 ./Drivers/STM32F4xx_HAL_Driver/Src/stm32f4xx_hal_uart.o
                0x08009bac                HAL_UART_TxCpltCallback
 .text.HAL_UART_ErrorCallback
                0x08009bc0       0x14 ./Drivers/STM32F4xx_HAL_Driver/Src/stm32f4xx_hal_uart.o
                0x08009bc0                HAL_UART_ErrorCallback
 .text.HAL_UARTEx_RxEventCallback
                0x08009bd4       0x18 ./Drivers/STM32F4xx_HAL_Driver/Src/stm32f4xx_hal_uart.o
                0x08009bd4                HAL_UARTEx_RxEventCallback
 .text.UART_Start_Receive_IT
                0x08009bec       0x74 ./Drivers/STM32F4xx_HAL_Driver/Src/stm32f4xx_hal_uart.o
                0x08009bec                UART_Start_Receive_IT
 .text.UART_EndRxTransfer
                0x08009c60       0xc6 ./Drivers/STM32F4xx_HAL_Driver/Src/stm32f4xx_hal_uart.o
 .text.UART_DMAAbortOnError
                0x08009d26       0x22 ./Drivers/STM32F4xx_HAL_Driver/Src/stm32f4xx_hal_uart.o
 .text.UART_Transmit_IT
                0x08009d48       0xa0 ./Drivers/STM32F4xx_HAL_Driver/Src/stm32f4xx_hal_uart.o
 .text.UART_EndTransmit_IT
                0x08009de8       0x30 ./Drivers/STM32F4xx_HAL_Driver/Src/stm32f4xx_hal_uart.o
 .text.UART_Receive_IT
                0x08009e18      0x17c ./Drivers/STM32F4xx_HAL_Driver/Src/stm32f4xx_hal_uart.o
 .text.UART_SetConfig
                0x08009f94      0x4e8 ./Drivers/STM32F4xx_HAL_Driver/Src/stm32f4xx_hal_uart.o
 .text.MX_FATFS_Init
                0x0800a47c       0x24 ./FATFS/App/fatfs.o
                0x0800a47c                MX_FATFS_Init
 .text.get_fattime
                0x0800a4a0       0x10 ./FATFS/App/fatfs.o
                0x0800a4a0                get_fattime
 .text.USER_initialize
                0x0800a4b0       0x1c ./FATFS/Target/user_diskio.o
                0x0800a4b0                USER_initialize
 .text.USER_status
                0x0800a4cc       0x1c ./FATFS/Target/user_diskio.o
                0x0800a4cc                USER_status
 .text.USER_read
                0x0800a4e8       0x26 ./FATFS/Target/user_diskio.o
                0x0800a4e8                USER_read
 .text.USER_write
                0x0800a50e       0x26 ./FATFS/Target/user_diskio.o
                0x0800a50e                USER_write
 .text.USER_ioctl
                0x0800a534       0x26 ./FATFS/Target/user_diskio.o
                0x0800a534                USER_ioctl
 *fill*         0x0800a55a        0x2 
 .text.disk_status
                0x0800a55c       0x34 ./Middlewares/Third_Party/FatFs/src/diskio.o
                0x0800a55c                disk_status
 .text.disk_initialize
                0x0800a590       0x50 ./Middlewares/Third_Party/FatFs/src/diskio.o
                0x0800a590                disk_initialize
 .text.disk_read
                0x0800a5e0       0x40 ./Middlewares/Third_Party/FatFs/src/diskio.o
                0x0800a5e0                disk_read
 .text.disk_write
                0x0800a620       0x40 ./Middlewares/Third_Party/FatFs/src/diskio.o
                0x0800a620                disk_write
 .text.disk_ioctl
                0x0800a660       0x3c ./Middlewares/Third_Party/FatFs/src/diskio.o
                0x0800a660                disk_ioctl
 .text.ld_word  0x0800a69c       0x32 ./Middlewares/Third_Party/FatFs/src/ff.o
 .text.ld_dword
                0x0800a6ce       0x46 ./Middlewares/Third_Party/FatFs/src/ff.o
 .text.st_word  0x0800a714       0x36 ./Middlewares/Third_Party/FatFs/src/ff.o
 .text.st_dword
                0x0800a74a       0x58 ./Middlewares/Third_Party/FatFs/src/ff.o
 .text.mem_cpy  0x0800a7a2       0x42 ./Middlewares/Third_Party/FatFs/src/ff.o
 .text.mem_set  0x0800a7e4       0x36 ./Middlewares/Third_Party/FatFs/src/ff.o
 .text.mem_cmp  0x0800a81a       0x4e ./Middlewares/Third_Party/FatFs/src/ff.o
 .text.chk_chr  0x0800a868       0x36 ./Middlewares/Third_Party/FatFs/src/ff.o
 *fill*         0x0800a89e        0x2 
 .text.chk_lock
                0x0800a8a0       0xb8 ./Middlewares/Third_Party/FatFs/src/ff.o
 .text.enq_lock
                0x0800a958       0x44 ./Middlewares/Third_Party/FatFs/src/ff.o
 .text.inc_lock
                0x0800a99c      0x11c ./Middlewares/Third_Party/FatFs/src/ff.o
 .text.dec_lock
                0x0800aab8       0x78 ./Middlewares/Third_Party/FatFs/src/ff.o
 .text.clear_lock
                0x0800ab30       0x48 ./Middlewares/Third_Party/FatFs/src/ff.o
 .text.sync_window
                0x0800ab78       0x88 ./Middlewares/Third_Party/FatFs/src/ff.o
 .text.move_window
                0x0800ac00       0x5a ./Middlewares/Third_Party/FatFs/src/ff.o
 *fill*         0x0800ac5a        0x2 
 .text.sync_fs  0x0800ac5c       0xe0 ./Middlewares/Third_Party/FatFs/src/ff.o
 .text.clust2sect
                0x0800ad3c       0x3e ./Middlewares/Third_Party/FatFs/src/ff.o
 .text.get_fat  0x0800ad7a      0x1a6 ./Middlewares/Third_Party/FatFs/src/ff.o
 .text.put_fat  0x0800af20      0x234 ./Middlewares/Third_Party/FatFs/src/ff.o
 .text.remove_chain
                0x0800b154       0xca ./Middlewares/Third_Party/FatFs/src/ff.o
 .text.create_chain
                0x0800b21e      0x130 ./Middlewares/Third_Party/FatFs/src/ff.o
 .text.clmt_clust
                0x0800b34e       0x70 ./Middlewares/Third_Party/FatFs/src/ff.o
 .text.dir_sdi  0x0800b3be      0x112 ./Middlewares/Third_Party/FatFs/src/ff.o
 .text.dir_next
                0x0800b4d0      0x1ac ./Middlewares/Third_Party/FatFs/src/ff.o
 .text.dir_alloc
                0x0800b67c       0x8e ./Middlewares/Third_Party/FatFs/src/ff.o
 .text.ld_clust
                0x0800b70a       0x3e ./Middlewares/Third_Party/FatFs/src/ff.o
 .text.st_clust
                0x0800b748       0x40 ./Middlewares/Third_Party/FatFs/src/ff.o
 .text.cmp_lfn  0x0800b788       0xe0 ./Middlewares/Third_Party/FatFs/src/ff.o
 .text.put_lfn  0x0800b868       0xd0 ./Middlewares/Third_Party/FatFs/src/ff.o
 .text.gen_numname
                0x0800b938      0x11c ./Middlewares/Third_Party/FatFs/src/ff.o
 .text.sum_sfn  0x0800ba54       0x42 ./Middlewares/Third_Party/FatFs/src/ff.o
 .text.dir_find
                0x0800ba96      0x180 ./Middlewares/Third_Party/FatFs/src/ff.o
 *fill*         0x0800bc16        0x2 
 .text.dir_register
                0x0800bc18      0x1f0 ./Middlewares/Third_Party/FatFs/src/ff.o
 .text.create_name
                0x0800be08      0x370 ./Middlewares/Third_Party/FatFs/src/ff.o
 .text.follow_path
                0x0800c178       0xec ./Middlewares/Third_Party/FatFs/src/ff.o
 .text.get_ldnumber
                0x0800c264       0x88 ./Middlewares/Third_Party/FatFs/src/ff.o
 .text.check_fs
                0x0800c2ec       0xac ./Middlewares/Third_Party/FatFs/src/ff.o
 .text.find_volume
                0x0800c398      0x50c ./Middlewares/Third_Party/FatFs/src/ff.o
 .text.validate
                0x0800c8a4       0x6a ./Middlewares/Third_Party/FatFs/src/ff.o
 *fill*         0x0800c90e        0x2 
 .text.f_mount  0x0800c910       0x8c ./Middlewares/Third_Party/FatFs/src/ff.o
                0x0800c910                f_mount
 .text.f_open   0x0800c99c      0x390 ./Middlewares/Third_Party/FatFs/src/ff.o
                0x0800c99c                f_open
 .text.f_read   0x0800cd2c      0x2be ./Middlewares/Third_Party/FatFs/src/ff.o
                0x0800cd2c                f_read
 .text.f_write  0x0800cfea      0x328 ./Middlewares/Third_Party/FatFs/src/ff.o
                0x0800cfea                f_write
 .text.f_sync   0x0800d312       0xfc ./Middlewares/Third_Party/FatFs/src/ff.o
                0x0800d312                f_sync
 .text.f_close  0x0800d40e       0x54 ./Middlewares/Third_Party/FatFs/src/ff.o
                0x0800d40e                f_close
 .text.f_lseek  0x0800d462      0x448 ./Middlewares/Third_Party/FatFs/src/ff.o
                0x0800d462                f_lseek
 .text.f_gets   0x0800d8aa       0x7c ./Middlewares/Third_Party/FatFs/src/ff.o
                0x0800d8aa                f_gets
 *fill*         0x0800d926        0x2 
 .text.FATFS_LinkDriverEx
                0x0800d928       0x98 ./Middlewares/Third_Party/FatFs/src/ff_gen_drv.o
                0x0800d928                FATFS_LinkDriverEx
 .text.FATFS_LinkDriver
                0x0800d9c0       0x1e ./Middlewares/Third_Party/FatFs/src/ff_gen_drv.o
                0x0800d9c0                FATFS_LinkDriver
 *fill*         0x0800d9de        0x2 
 .text.ff_convert
                0x0800d9e0       0x78 ./Middlewares/Third_Party/FatFs/src/option/ccsbcs.o
                0x0800d9e0                ff_convert
 .text.ff_wtoupper
                0x0800da58      0x114 ./Middlewares/Third_Party/FatFs/src/option/ccsbcs.o
                0x0800da58                ff_wtoupper
 .text.snprintf
                0x0800db6c       0x6c C:/Users/mario/OneDrive/Documentos/GitHub/STM32CubeIDE_1.19.0/STM32CubeIDE/plugins/com.st.stm32cube.ide.mcu.externaltools.gnu-tools-for-stm32.13.3.rel1.win32_1.0.0.202411081344/tools/bin/../lib/gcc/arm-none-eabi/13.3.1/../../../../arm-none-eabi/lib/thumb/v7e-m+fp/hard\libc_nano.a(libc_a-snprintf.o)
                0x0800db6c                sniprintf
                0x0800db6c                snprintf
 .text.sscanf   0x0800dbd8       0x58 C:/Users/mario/OneDrive/Documentos/GitHub/STM32CubeIDE_1.19.0/STM32CubeIDE/plugins/com.st.stm32cube.ide.mcu.externaltools.gnu-tools-for-stm32.13.3.rel1.win32_1.0.0.202411081344/tools/bin/../lib/gcc/arm-none-eabi/13.3.1/../../../../arm-none-eabi/lib/thumb/v7e-m+fp/hard\libc_nano.a(libc_a-sscanf.o)
                0x0800dbd8                siscanf
                0x0800dbd8                sscanf
 .text.__seofread
                0x0800dc30        0x4 C:/Users/mario/OneDrive/Documentos/GitHub/STM32CubeIDE_1.19.0/STM32CubeIDE/plugins/com.st.stm32cube.ide.mcu.externaltools.gnu-tools-for-stm32.13.3.rel1.win32_1.0.0.202411081344/tools/bin/../lib/gcc/arm-none-eabi/13.3.1/../../../../arm-none-eabi/lib/thumb/v7e-m+fp/hard\libc_nano.a(libc_a-stdio.o)
                0x0800dc30                __seofread
 .text.memset   0x0800dc34       0x10 C:/Users/mario/OneDrive/Documentos/GitHub/STM32CubeIDE_1.19.0/STM32CubeIDE/plugins/com.st.stm32cube.ide.mcu.externaltools.gnu-tools-for-stm32.13.3.rel1.win32_1.0.0.202411081344/tools/bin/../lib/gcc/arm-none-eabi/13.3.1/../../../../arm-none-eabi/lib/thumb/v7e-m+fp/hard\libc_nano.a(libc_a-memset.o)
                0x0800dc34                memset
 .text.strchr   0x0800dc44       0x1a C:/Users/mario/OneDrive/Documentos/GitHub/STM32CubeIDE_1.19.0/STM32CubeIDE/plugins/com.st.stm32cube.ide.mcu.externaltools.gnu-tools-for-stm32.13.3.rel1.win32_1.0.0.202411081344/tools/bin/../lib/gcc/arm-none-eabi/13.3.1/../../../../arm-none-eabi/lib/thumb/v7e-m+fp/hard\libc_nano.a(libc_a-strchr.o)
                0x0800dc44                strchr
 .text.strncpy  0x0800dc5e       0x26 C:/Users/mario/OneDrive/Documentos/GitHub/STM32CubeIDE_1.19.0/STM32CubeIDE/plugins/com.st.stm32cube.ide.mcu.externaltools.gnu-tools-for-stm32.13.3.rel1.win32_1.0.0.202411081344/tools/bin/../lib/gcc/arm-none-eabi/13.3.1/../../../../arm-none-eabi/lib/thumb/v7e-m+fp/hard\libc_nano.a(libc_a-strncpy.o)
                0x0800dc5e                strncpy
 .text.__errno  0x0800dc84        0xc C:/Users/mario/OneDrive/Documentos/GitHub/STM32CubeIDE_1.19.0/STM32CubeIDE/plugins/com.st.stm32cube.ide.mcu.externaltools.gnu-tools-for-stm32.13.3.rel1.win32_1.0.0.202411081344/tools/bin/../lib/gcc/arm-none-eabi/13.3.1/../../../../arm-none-eabi/lib/thumb/v7e-m+fp/hard\libc_nano.a(libc_a-errno.o)
                0x0800dc84                __errno
 .text.__libc_init_array
                0x0800dc90       0x48 C:/Users/mario/OneDrive/Documentos/GitHub/STM32CubeIDE_1.19.0/STM32CubeIDE/plugins/com.st.stm32cube.ide.mcu.externaltools.gnu-tools-for-stm32.13.3.rel1.win32_1.0.0.202411081344/tools/bin/../lib/gcc/arm-none-eabi/13.3.1/../../../../arm-none-eabi/lib/thumb/v7e-m+fp/hard\libc_nano.a(libc_a-init.o)
                0x0800dc90                __libc_init_array
 .text.__retarget_lock_acquire_recursive
                0x0800dcd8        0x2 C:/Users/mario/OneDrive/Documentos/GitHub/STM32CubeIDE_1.19.0/STM32CubeIDE/plugins/com.st.stm32cube.ide.mcu.externaltools.gnu-tools-for-stm32.13.3.rel1.win32_1.0.0.202411081344/tools/bin/../lib/gcc/arm-none-eabi/13.3.1/../../../../arm-none-eabi/lib/thumb/v7e-m+fp/hard\libc_nano.a(libc_a-lock.o)
                0x0800dcd8                __retarget_lock_acquire_recursive
 .text.__retarget_lock_release_recursive
                0x0800dcda        0x2 C:/Users/mario/OneDrive/Documentos/GitHub/STM32CubeIDE_1.19.0/STM32CubeIDE/plugins/com.st.stm32cube.ide.mcu.externaltools.gnu-tools-for-stm32.13.3.rel1.win32_1.0.0.202411081344/tools/bin/../lib/gcc/arm-none-eabi/13.3.1/../../../../arm-none-eabi/lib/thumb/v7e-m+fp/hard\libc_nano.a(libc_a-lock.o)
                0x0800dcda                __retarget_lock_release_recursive
 .text.memcpy   0x0800dcdc       0x1c C:/Users/mario/OneDrive/Documentos/GitHub/STM32CubeIDE_1.19.0/STM32CubeIDE/plugins/com.st.stm32cube.ide.mcu.externaltools.gnu-tools-for-stm32.13.3.rel1.win32_1.0.0.202411081344/tools/bin/../lib/gcc/arm-none-eabi/13.3.1/../../../../arm-none-eabi/lib/thumb/v7e-m+fp/hard\libc_nano.a(libc_a-memcpy-stub.o)
                0x0800dcdc                memcpy
 .text._free_r  0x0800dcf8       0x94 C:/Users/mario/OneDrive/Documentos/GitHub/STM32CubeIDE_1.19.0/STM32CubeIDE/plugins/com.st.stm32cube.ide.mcu.externaltools.gnu-tools-for-stm32.13.3.rel1.win32_1.0.0.202411081344/tools/bin/../lib/gcc/arm-none-eabi/13.3.1/../../../../arm-none-eabi/lib/thumb/v7e-m+fp/hard\libc_nano.a(libc_a-freer.o)
                0x0800dcf8                _free_r
 .text.sbrk_aligned
                0x0800dd8c       0x44 C:/Users/mario/OneDrive/Documentos/GitHub/STM32CubeIDE_1.19.0/STM32CubeIDE/plugins/com.st.stm32cube.ide.mcu.externaltools.gnu-tools-for-stm32.13.3.rel1.win32_1.0.0.202411081344/tools/bin/../lib/gcc/arm-none-eabi/13.3.1/../../../../arm-none-eabi/lib/thumb/v7e-m+fp/hard\libc_nano.a(libc_a-mallocr.o)
 .text._malloc_r
                0x0800ddd0      0x100 C:/Users/mario/OneDrive/Documentos/GitHub/STM32CubeIDE_1.19.0/STM32CubeIDE/plugins/com.st.stm32cube.ide.mcu.externaltools.gnu-tools-for-stm32.13.3.rel1.win32_1.0.0.202411081344/tools/bin/../lib/gcc/arm-none-eabi/13.3.1/../../../../arm-none-eabi/lib/thumb/v7e-m+fp/hard\libc_nano.a(libc_a-mallocr.o)
                0x0800ddd0                _malloc_r
 .text.__malloc_lock
                0x0800ded0        0xc C:/Users/mario/OneDrive/Documentos/GitHub/STM32CubeIDE_1.19.0/STM32CubeIDE/plugins/com.st.stm32cube.ide.mcu.externaltools.gnu-tools-for-stm32.13.3.rel1.win32_1.0.0.202411081344/tools/bin/../lib/gcc/arm-none-eabi/13.3.1/../../../../arm-none-eabi/lib/thumb/v7e-m+fp/hard\libc_nano.a(libc_a-mlock.o)
                0x0800ded0                __malloc_lock
 .text.__malloc_unlock
                0x0800dedc        0xc C:/Users/mario/OneDrive/Documentos/GitHub/STM32CubeIDE_1.19.0/STM32CubeIDE/plugins/com.st.stm32cube.ide.mcu.externaltools.gnu-tools-for-stm32.13.3.rel1.win32_1.0.0.202411081344/tools/bin/../lib/gcc/arm-none-eabi/13.3.1/../../../../arm-none-eabi/lib/thumb/v7e-m+fp/hard\libc_nano.a(libc_a-mlock.o)
                0x0800dedc                __malloc_unlock
 .text.__ssputs_r
                0x0800dee8       0xb6 C:/Users/mario/OneDrive/Documentos/GitHub/STM32CubeIDE_1.19.0/STM32CubeIDE/plugins/com.st.stm32cube.ide.mcu.externaltools.gnu-tools-for-stm32.13.3.rel1.win32_1.0.0.202411081344/tools/bin/../lib/gcc/arm-none-eabi/13.3.1/../../../../arm-none-eabi/lib/thumb/v7e-m+fp/hard\libc_nano.a(libc_a-nano-svfprintf.o)
                0x0800dee8                __ssputs_r
 *fill*         0x0800df9e        0x2 
 .text._svfprintf_r
                0x0800dfa0      0x1f8 C:/Users/mario/OneDrive/Documentos/GitHub/STM32CubeIDE_1.19.0/STM32CubeIDE/plugins/com.st.stm32cube.ide.mcu.externaltools.gnu-tools-for-stm32.13.3.rel1.win32_1.0.0.202411081344/tools/bin/../lib/gcc/arm-none-eabi/13.3.1/../../../../arm-none-eabi/lib/thumb/v7e-m+fp/hard\libc_nano.a(libc_a-nano-svfprintf.o)
                0x0800dfa0                _svfiprintf_r
                0x0800dfa0                _svfprintf_r
 .text._sungetc_r
                0x0800e198       0x7a C:/Users/mario/OneDrive/Documentos/GitHub/STM32CubeIDE_1.19.0/STM32CubeIDE/plugins/com.st.stm32cube.ide.mcu.externaltools.gnu-tools-for-stm32.13.3.rel1.win32_1.0.0.202411081344/tools/bin/../lib/gcc/arm-none-eabi/13.3.1/../../../../arm-none-eabi/lib/thumb/v7e-m+fp/hard\libc_nano.a(libc_a-nano-svfscanf.o)
                0x0800e198                _sungetc_r
 .text.__ssrefill_r
                0x0800e212       0x3a C:/Users/mario/OneDrive/Documentos/GitHub/STM32CubeIDE_1.19.0/STM32CubeIDE/plugins/com.st.stm32cube.ide.mcu.externaltools.gnu-tools-for-stm32.13.3.rel1.win32_1.0.0.202411081344/tools/bin/../lib/gcc/arm-none-eabi/13.3.1/../../../../arm-none-eabi/lib/thumb/v7e-m+fp/hard\libc_nano.a(libc_a-nano-svfscanf.o)
                0x0800e212                __ssrefill_r
 .text.__ssvfscanf_r
                0x0800e24c      0x2ec C:/Users/mario/OneDrive/Documentos/GitHub/STM32CubeIDE_1.19.0/STM32CubeIDE/plugins/com.st.stm32cube.ide.mcu.externaltools.gnu-tools-for-stm32.13.3.rel1.win32_1.0.0.202411081344/tools/bin/../lib/gcc/arm-none-eabi/13.3.1/../../../../arm-none-eabi/lib/thumb/v7e-m+fp/hard\libc_nano.a(libc_a-nano-svfscanf.o)
                0x0800e24c                __ssvfiscanf_r
                0x0800e24c                __ssvfscanf_r
 .text._printf_common
                0x0800e538       0xda C:/Users/mario/OneDrive/Documentos/GitHub/STM32CubeIDE_1.19.0/STM32CubeIDE/plugins/com.st.stm32cube.ide.mcu.externaltools.gnu-tools-for-stm32.13.3.rel1.win32_1.0.0.202411081344/tools/bin/../lib/gcc/arm-none-eabi/13.3.1/../../../../arm-none-eabi/lib/thumb/v7e-m+fp/hard\libc_nano.a(libc_a-nano-vfprintf_i.o)
                0x0800e538                _printf_common
 *fill*         0x0800e612        0x2 
 .text._printf_i
                0x0800e614      0x23c C:/Users/mario/OneDrive/Documentos/GitHub/STM32CubeIDE_1.19.0/STM32CubeIDE/plugins/com.st.stm32cube.ide.mcu.externaltools.gnu-tools-for-stm32.13.3.rel1.win32_1.0.0.202411081344/tools/bin/../lib/gcc/arm-none-eabi/13.3.1/../../../../arm-none-eabi/lib/thumb/v7e-m+fp/hard\libc_nano.a(libc_a-nano-vfprintf_i.o)
                0x0800e614                _printf_i
 .text._scanf_chars
                0x0800e850       0xb4 C:/Users/mario/OneDrive/Documentos/GitHub/STM32CubeIDE_1.19.0/STM32CubeIDE/plugins/com.st.stm32cube.ide.mcu.externaltools.gnu-tools-for-stm32.13.3.rel1.win32_1.0.0.202411081344/tools/bin/../lib/gcc/arm-none-eabi/13.3.1/../../../../arm-none-eabi/lib/thumb/v7e-m+fp/hard\libc_nano.a(libc_a-nano-vfscanf_i.o)
                0x0800e850                _scanf_chars
 .text._scanf_i
                0x0800e904      0x1e8 C:/Users/mario/OneDrive/Documentos/GitHub/STM32CubeIDE_1.19.0/STM32CubeIDE/plugins/com.st.stm32cube.ide.mcu.externaltools.gnu-tools-for-stm32.13.3.rel1.win32_1.0.0.202411081344/tools/bin/../lib/gcc/arm-none-eabi/13.3.1/../../../../arm-none-eabi/lib/thumb/v7e-m+fp/hard\libc_nano.a(libc_a-nano-vfscanf_i.o)
                0x0800e904                _scanf_i
 .text.__sccl   0x0800eaec       0x72 C:/Users/mario/OneDrive/Documentos/GitHub/STM32CubeIDE_1.19.0/STM32CubeIDE/plugins/com.st.stm32cube.ide.mcu.externaltools.gnu-tools-for-stm32.13.3.rel1.win32_1.0.0.202411081344/tools/bin/../lib/gcc/arm-none-eabi/13.3.1/../../../../arm-none-eabi/lib/thumb/v7e-m+fp/hard\libc_nano.a(libc_a-sccl.o)
                0x0800eaec                __sccl
 .text.__submore
                0x0800eb5e       0x74 C:/Users/mario/OneDrive/Documentos/GitHub/STM32CubeIDE_1.19.0/STM32CubeIDE/plugins/com.st.stm32cube.ide.mcu.externaltools.gnu-tools-for-stm32.13.3.rel1.win32_1.0.0.202411081344/tools/bin/../lib/gcc/arm-none-eabi/13.3.1/../../../../arm-none-eabi/lib/thumb/v7e-m+fp/hard\libc_nano.a(libc_a-ungetc.o)
                0x0800eb5e                __submore
 .text.memmove  0x0800ebd2       0x34 C:/Users/mario/OneDrive/Documentos/GitHub/STM32CubeIDE_1.19.0/STM32CubeIDE/plugins/com.st.stm32cube.ide.mcu.externaltools.gnu-tools-for-stm32.13.3.rel1.win32_1.0.0.202411081344/tools/bin/../lib/gcc/arm-none-eabi/13.3.1/../../../../arm-none-eabi/lib/thumb/v7e-m+fp/hard\libc_nano.a(libc_a-memmove.o)
                0x0800ebd2                memmove
 *fill*         0x0800ec06        0x2 
 .text._sbrk_r  0x0800ec08       0x20 C:/Users/mario/OneDrive/Documentos/GitHub/STM32CubeIDE_1.19.0/STM32CubeIDE/plugins/com.st.stm32cube.ide.mcu.externaltools.gnu-tools-for-stm32.13.3.rel1.win32_1.0.0.202411081344/tools/bin/../lib/gcc/arm-none-eabi/13.3.1/../../../../arm-none-eabi/lib/thumb/v7e-m+fp/hard\libc_nano.a(libc_a-sbrkr.o)
                0x0800ec08                _sbrk_r
 .text._realloc_r
                0x0800ec28       0x5c C:/Users/mario/OneDrive/Documentos/GitHub/STM32CubeIDE_1.19.0/STM32CubeIDE/plugins/com.st.stm32cube.ide.mcu.externaltools.gnu-tools-for-stm32.13.3.rel1.win32_1.0.0.202411081344/tools/bin/../lib/gcc/arm-none-eabi/13.3.1/../../../../arm-none-eabi/lib/thumb/v7e-m+fp/hard\libc_nano.a(libc_a-reallocr.o)
                0x0800ec28                _realloc_r
 .text._strtol_l.isra.0
                0x0800ec84       0xf4 C:/Users/mario/OneDrive/Documentos/GitHub/STM32CubeIDE_1.19.0/STM32CubeIDE/plugins/com.st.stm32cube.ide.mcu.externaltools.gnu-tools-for-stm32.13.3.rel1.win32_1.0.0.202411081344/tools/bin/../lib/gcc/arm-none-eabi/13.3.1/../../../../arm-none-eabi/lib/thumb/v7e-m+fp/hard\libc_nano.a(libc_a-strtol.o)
 .text._strtol_r
                0x0800ed78        0x4 C:/Users/mario/OneDrive/Documentos/GitHub/STM32CubeIDE_1.19.0/STM32CubeIDE/plugins/com.st.stm32cube.ide.mcu.externaltools.gnu-tools-for-stm32.13.3.rel1.win32_1.0.0.202411081344/tools/bin/../lib/gcc/arm-none-eabi/13.3.1/../../../../arm-none-eabi/lib/thumb/v7e-m+fp/hard\libc_nano.a(libc_a-strtol.o)
                0x0800ed78                _strtol_r
 .text._strtoul_l.isra.0
                0x0800ed7c       0xdc C:/Users/mario/OneDrive/Documentos/GitHub/STM32CubeIDE_1.19.0/STM32CubeIDE/plugins/com.st.stm32cube.ide.mcu.externaltools.gnu-tools-for-stm32.13.3.rel1.win32_1.0.0.202411081344/tools/bin/../lib/gcc/arm-none-eabi/13.3.1/../../../../arm-none-eabi/lib/thumb/v7e-m+fp/hard\libc_nano.a(libc_a-strtoul.o)
 .text._strtoul_r
                0x0800ee58        0x4 C:/Users/mario/OneDrive/Documentos/GitHub/STM32CubeIDE_1.19.0/STM32CubeIDE/plugins/com.st.stm32cube.ide.mcu.externaltools.gnu-tools-for-stm32.13.3.rel1.win32_1.0.0.202411081344/tools/bin/../lib/gcc/arm-none-eabi/13.3.1/../../../../arm-none-eabi/lib/thumb/v7e-m+fp/hard\libc_nano.a(libc_a-strtoul.o)
                0x0800ee58                _strtoul_r
 .text._malloc_usable_size_r
                0x0800ee5c       0x10 C:/Users/mario/OneDrive/Documentos/GitHub/STM32CubeIDE_1.19.0/STM32CubeIDE/plugins/com.st.stm32cube.ide.mcu.externaltools.gnu-tools-for-stm32.13.3.rel1.win32_1.0.0.202411081344/tools/bin/../lib/gcc/arm-none-eabi/13.3.1/../../../../arm-none-eabi/lib/thumb/v7e-m+fp/hard\libc_nano.a(libc_a-msizer.o)
                0x0800ee5c                _malloc_usable_size_r
 .text.powf     0x0800ee6c       0xae C:/Users/mario/OneDrive/Documentos/GitHub/STM32CubeIDE_1.19.0/STM32CubeIDE/plugins/com.st.stm32cube.ide.mcu.externaltools.gnu-tools-for-stm32.13.3.rel1.win32_1.0.0.202411081344/tools/bin/../lib/gcc/arm-none-eabi/13.3.1/../../../../arm-none-eabi/lib/thumb/v7e-m+fp/hard\libm.a(libm_a-wf_pow.o)
                0x0800ee6c                powf
 .text.finitef  0x0800ef1a       0x14 C:/Users/mario/OneDrive/Documentos/GitHub/STM32CubeIDE_1.19.0/STM32CubeIDE/plugins/com.st.stm32cube.ide.mcu.externaltools.gnu-tools-for-stm32.13.3.rel1.win32_1.0.0.202411081344/tools/bin/../lib/gcc/arm-none-eabi/13.3.1/../../../../arm-none-eabi/lib/thumb/v7e-m+fp/hard\libm.a(libm_a-sf_finite.o)
                0x0800ef1a                finitef
 *fill*         0x0800ef2e        0x2 
 .text.__ieee754_powf
                0x0800ef30      0x59c C:/Users/mario/OneDrive/Documentos/GitHub/STM32CubeIDE_1.19.0/STM32CubeIDE/plugins/com.st.stm32cube.ide.mcu.externaltools.gnu-tools-for-stm32.13.3.rel1.win32_1.0.0.202411081344/tools/bin/../lib/gcc/arm-none-eabi/13.3.1/../../../../arm-none-eabi/lib/thumb/v7e-m+fp/hard\libm.a(libm_a-ef_pow.o)
                0x0800ef30                __ieee754_powf
 .text.fabsf    0x0800f4cc        0xe C:/Users/mario/OneDrive/Documentos/GitHub/STM32CubeIDE_1.19.0/STM32CubeIDE/plugins/com.st.stm32cube.ide.mcu.externaltools.gnu-tools-for-stm32.13.3.rel1.win32_1.0.0.202411081344/tools/bin/../lib/gcc/arm-none-eabi/13.3.1/../../../../arm-none-eabi/lib/thumb/v7e-m+fp/hard\libm.a(libm_a-sf_fabs.o)
                0x0800f4cc                fabsf
 *fill*         0x0800f4da        0x2 
 .text.scalbnf  0x0800f4dc       0xcc C:/Users/mario/OneDrive/Documentos/GitHub/STM32CubeIDE_1.19.0/STM32CubeIDE/plugins/com.st.stm32cube.ide.mcu.externaltools.gnu-tools-for-stm32.13.3.rel1.win32_1.0.0.202411081344/tools/bin/../lib/gcc/arm-none-eabi/13.3.1/../../../../arm-none-eabi/lib/thumb/v7e-m+fp/hard\libm.a(libm_a-sf_scalbn.o)
                0x0800f4dc                scalbnf
 .text.with_errnof
                0x0800f5a8       0x1c C:/Users/mario/OneDrive/Documentos/GitHub/STM32CubeIDE_1.19.0/STM32CubeIDE/plugins/com.st.stm32cube.ide.mcu.externaltools.gnu-tools-for-stm32.13.3.rel1.win32_1.0.0.202411081344/tools/bin/../lib/gcc/arm-none-eabi/13.3.1/../../../../arm-none-eabi/lib/thumb/v7e-m+fp/hard\libm.a(libm_a-math_errf.o)
 .text.xflowf   0x0800f5c4       0x16 C:/Users/mario/OneDrive/Documentos/GitHub/STM32CubeIDE_1.19.0/STM32CubeIDE/plugins/com.st.stm32cube.ide.mcu.externaltools.gnu-tools-for-stm32.13.3.rel1.win32_1.0.0.202411081344/tools/bin/../lib/gcc/arm-none-eabi/13.3.1/../../../../arm-none-eabi/lib/thumb/v7e-m+fp/hard\libm.a(libm_a-math_errf.o)
 *fill*         0x0800f5da        0x2 
 .text.__math_uflowf
                0x0800f5dc        0xc C:/Users/mario/OneDrive/Documentos/GitHub/STM32CubeIDE_1.19.0/STM32CubeIDE/plugins/com.st.stm32cube.ide.mcu.externaltools.gnu-tools-for-stm32.13.3.rel1.win32_1.0.0.202411081344/tools/bin/../lib/gcc/arm-none-eabi/13.3.1/../../../../arm-none-eabi/lib/thumb/v7e-m+fp/hard\libm.a(libm_a-math_errf.o)
                0x0800f5dc                __math_uflowf
 .text.__math_oflowf
                0x0800f5e8        0xc C:/Users/mario/OneDrive/Documentos/GitHub/STM32CubeIDE_1.19.0/STM32CubeIDE/plugins/com.st.stm32cube.ide.mcu.externaltools.gnu-tools-for-stm32.13.3.rel1.win32_1.0.0.202411081344/tools/bin/../lib/gcc/arm-none-eabi/13.3.1/../../../../arm-none-eabi/lib/thumb/v7e-m+fp/hard\libm.a(libm_a-math_errf.o)
                0x0800f5e8                __math_oflowf
 .text.__ieee754_sqrtf
                0x0800f5f4        0x6 C:/Users/mario/OneDrive/Documentos/GitHub/STM32CubeIDE_1.19.0/STM32CubeIDE/plugins/com.st.stm32cube.ide.mcu.externaltools.gnu-tools-for-stm32.13.3.rel1.win32_1.0.0.202411081344/tools/bin/../lib/gcc/arm-none-eabi/13.3.1/../../../../arm-none-eabi/lib/thumb/v7e-m+fp/hard\libm.a(libm_a-ef_sqrt.o)
                0x0800f5f4                __ieee754_sqrtf
 *(.glue_7)
 .glue_7        0x0800f5fa        0x0 linker stubs
 *(.glue_7t)
 .glue_7t       0x0800f5fa        0x0 linker stubs
 *(.eh_frame)
 *fill*         0x0800f5fa        0x2 
 .eh_frame      0x0800f5fc        0x0 C:/Users/mario/OneDrive/Documentos/GitHub/STM32CubeIDE_1.19.0/STM32CubeIDE/plugins/com.st.stm32cube.ide.mcu.externaltools.gnu-tools-for-stm32.13.3.rel1.win32_1.0.0.202411081344/tools/bin/../lib/gcc/arm-none-eabi/13.3.1/thumb/v7e-m+fp/hard/crtbegin.o
 *(.init)
 .init          0x0800f5fc        0x4 C:/Users/mario/OneDrive/Documentos/GitHub/STM32CubeIDE_1.19.0/STM32CubeIDE/plugins/com.st.stm32cube.ide.mcu.externaltools.gnu-tools-for-stm32.13.3.rel1.win32_1.0.0.202411081344/tools/bin/../lib/gcc/arm-none-eabi/13.3.1/thumb/v7e-m+fp/hard/crti.o
                0x0800f5fc                _init
 .init          0x0800f600        0x8 C:/Users/mario/OneDrive/Documentos/GitHub/STM32CubeIDE_1.19.0/STM32CubeIDE/plugins/com.st.stm32cube.ide.mcu.externaltools.gnu-tools-for-stm32.13.3.rel1.win32_1.0.0.202411081344/tools/bin/../lib/gcc/arm-none-eabi/13.3.1/thumb/v7e-m+fp/hard/crtn.o
 *(.fini)
 .fini          0x0800f608        0x4 C:/Users/mario/OneDrive/Documentos/GitHub/STM32CubeIDE_1.19.0/STM32CubeIDE/plugins/com.st.stm32cube.ide.mcu.externaltools.gnu-tools-for-stm32.13.3.rel1.win32_1.0.0.202411081344/tools/bin/../lib/gcc/arm-none-eabi/13.3.1/thumb/v7e-m+fp/hard/crti.o
                0x0800f608                _fini
 .fini          0x0800f60c        0x8 C:/Users/mario/OneDrive/Documentos/GitHub/STM32CubeIDE_1.19.0/STM32CubeIDE/plugins/com.st.stm32cube.ide.mcu.externaltools.gnu-tools-for-stm32.13.3.rel1.win32_1.0.0.202411081344/tools/bin/../lib/gcc/arm-none-eabi/13.3.1/thumb/v7e-m+fp/hard/crtn.o
                0x0800f614                        . = ALIGN (0x4)
                0x0800f614                        _etext = .

.vfp11_veneer   0x0800f614        0x0
 .vfp11_veneer  0x0800f614        0x0 linker stubs

.v4_bx          0x0800f614        0x0
 .v4_bx         0x0800f614        0x0 linker stubs

.iplt           0x0800f614        0x0
 .iplt          0x0800f614        0x0 C:/Users/mario/OneDrive/Documentos/GitHub/STM32CubeIDE_1.19.0/STM32CubeIDE/plugins/com.st.stm32cube.ide.mcu.externaltools.gnu-tools-for-stm32.13.3.rel1.win32_1.0.0.202411081344/tools/bin/../lib/gcc/arm-none-eabi/13.3.1/thumb/v7e-m+fp/hard/crtbegin.o

.rodata         0x0800f614    0x3b564
                0x0800f614                        . = ALIGN (0x4)
 *(.rodata)
 .rodata        0x0800f614      0x182 ./Core/Src/main.o
 *fill*         0x0800f796        0x2 
 .rodata        0x0800f798       0x45 ./Core/Src/song_loop.o
 *fill*         0x0800f7dd        0x3 
 .rodata        0x0800f7e0       0x34 ./Core/Src/uart_gamepad.o
 .rodata        0x0800f814       0x48 ./Middlewares/Third_Party/FatFs/src/ff.o
 .rodata        0x0800f85c        0xc C:/Users/mario/OneDrive/Documentos/GitHub/STM32CubeIDE_1.19.0/STM32CubeIDE/plugins/com.st.stm32cube.ide.mcu.externaltools.gnu-tools-for-stm32.13.3.rel1.win32_1.0.0.202411081344/tools/bin/../lib/gcc/arm-none-eabi/13.3.1/../../../../arm-none-eabi/lib/thumb/v7e-m+fp/hard\libc_nano.a(libc_a-nano-vfscanf_i.o)
 *(.rodata*)
 .rodata.fondo  0x0800f868    0x25800 ./Core/Src/bitmaps.o
                0x0800f868                fondo
 .rodata.bloque
                0x08035068      0x118 ./Core/Src/bitmaps.o
                0x08035068                bloque
 .rodata.Helado
                0x08035180       0xdc ./Core/Src/bitmaps.o
                0x08035180                Helado
 .rodata.enemigo_F
                0x0803525c     0x1248 ./Core/Src/bitmaps.o
                0x0803525c                enemigo_F
 .rodata.enemigo_B
                0x080364a4     0x1248 ./Core/Src/bitmaps.o
                0x080364a4                enemigo_B
 .rodata.enemigo_L
                0x080376ec     0x1110 ./Core/Src/bitmaps.o
                0x080376ec                enemigo_L
 .rodata.enemigo_R
                0x080387fc     0x1110 ./Core/Src/bitmaps.o
                0x080387fc                enemigo_R
 .rodata.Jugador1_F
                0x0803990c      0x870 ./Core/Src/bitmaps.o
                0x0803990c                Jugador1_F
 .rodata.Jugador1_B
                0x0803a17c      0x9c0 ./Core/Src/bitmaps.o
                0x0803a17c                Jugador1_B
 .rodata.Jugador1_L
                0x0803ab3c      0xc00 ./Core/Src/bitmaps.o
                0x0803ab3c                Jugador1_L
 .rodata.Jugador1_R
                0x0803b73c      0xe00 ./Core/Src/bitmaps.o
                0x0803b73c                Jugador1_R
 .rodata.Jugador1_Romper
                0x0803c53c     0x1380 ./Core/Src/bitmaps.o
                0x0803c53c                Jugador1_Romper
 .rodata.Jugador1_Crear
                0x0803d8bc     0x1fe0 ./Core/Src/bitmaps.o
                0x0803d8bc                Jugador1_Crear
 .rodata.Jugador2_B
                0x0803f89c     0x1200 ./Core/Src/bitmaps.o
                0x0803f89c                Jugador2_B
 .rodata.Jugador2_F
                0x08040a9c     0x10e0 ./Core/Src/bitmaps.o
                0x08040a9c                Jugador2_F
 .rodata.Jugador2_L
                0x08041b7c      0xf78 ./Core/Src/bitmaps.o
                0x08041b7c                Jugador2_L
 .rodata.Jugador2_R
                0x08042af4     0x1080 ./Core/Src/bitmaps.o
                0x08042af4                Jugador2_R
 .rodata.Jugador2_Romper
                0x08043b74     0x1248 ./Core/Src/bitmaps.o
                0x08043b74                Jugador2_Romper
 .rodata.Jugador2_Crear
                0x08044dbc     0x2178 ./Core/Src/bitmaps.o
                0x08044dbc                Jugador2_Crear
 .rodata.banano
                0x08046f34     0x1c20 ./Core/Src/bitmaps.o
                0x08046f34                banano
 .rodata.contadorJ1
                0x08048b54      0x480 ./Core/Src/bitmaps.o
                0x08048b54                contadorJ1
 .rodata.contadorJ2
                0x08048fd4      0x480 ./Core/Src/bitmaps.o
                0x08048fd4                contadorJ2
 .rodata.smallFont
                0x08049454      0x474 ./Core/Src/font.o
                0x08049454                smallFont
 .rodata.bigFont
                0x080498c8      0xbe0 ./Core/Src/font.o
                0x080498c8                bigFont
 .rodata.P1_S_F
                0x0804a4a8       0x10 ./Core/Src/main.o
 .rodata.P1_S_B
                0x0804a4b8       0x10 ./Core/Src/main.o
 .rodata.P1_S_L
                0x0804a4c8       0x10 ./Core/Src/main.o
 .rodata.P1_S_R
                0x0804a4d8       0x10 ./Core/Src/main.o
 .rodata.P1_S_C
                0x0804a4e8       0x10 ./Core/Src/main.o
 .rodata.P1_S_X
                0x0804a4f8       0x10 ./Core/Src/main.o
 .rodata.P2_S_F
                0x0804a508       0x10 ./Core/Src/main.o
 .rodata.P2_S_B
                0x0804a518       0x10 ./Core/Src/main.o
 .rodata.P2_S_L
                0x0804a528       0x10 ./Core/Src/main.o
 .rodata.P2_S_R
                0x0804a538       0x10 ./Core/Src/main.o
 .rodata.P2_S_C
                0x0804a548       0x10 ./Core/Src/main.o
 .rodata.P2_S_X
                0x0804a558       0x10 ./Core/Src/main.o
 .rodata.EN_S_F
                0x0804a568       0x10 ./Core/Src/main.o
 .rodata.EN_S_B
                0x0804a578       0x10 ./Core/Src/main.o
 .rodata.EN_S_L
                0x0804a588       0x10 ./Core/Src/main.o
 .rodata.EN_S_R
                0x0804a598       0x10 ./Core/Src/main.o
 .rodata.AHBPrescTable
                0x0804a5a8       0x10 ./Core/Src/system_stm32f4xx.o
                0x0804a5a8                AHBPrescTable
 .rodata.APBPrescTable
                0x0804a5b8        0x8 ./Core/Src/system_stm32f4xx.o
                0x0804a5b8                APBPrescTable
 .rodata.OPT_Y  0x0804a5c0       0x10 ./Core/Src/ui_menu.o
 .rodata.ExCvt  0x0804a5d0       0x80 ./Middlewares/Third_Party/FatFs/src/ff.o
 .rodata.LfnOfs
                0x0804a650        0xd ./Middlewares/Third_Party/FatFs/src/ff.o
 *fill*         0x0804a65d        0x3 
 .rodata.Tbl    0x0804a660      0x100 ./Middlewares/Third_Party/FatFs/src/option/ccsbcs.o
 .rodata.cvt1.1
                0x0804a760      0x1f2 ./Middlewares/Third_Party/FatFs/src/option/ccsbcs.o
 *fill*         0x0804a952        0x2 
 .rodata.cvt2.0
                0x0804a954       0xbc ./Middlewares/Third_Party/FatFs/src/option/ccsbcs.o
 .rodata._svfprintf_r.str1.1
                0x0804aa10       0x4e C:/Users/mario/OneDrive/Documentos/GitHub/STM32CubeIDE_1.19.0/STM32CubeIDE/plugins/com.st.stm32cube.ide.mcu.externaltools.gnu-tools-for-stm32.13.3.rel1.win32_1.0.0.202411081344/tools/bin/../lib/gcc/arm-none-eabi/13.3.1/../../../../arm-none-eabi/lib/thumb/v7e-m+fp/hard\libc_nano.a(libc_a-nano-svfprintf.o)
                                 0x11 (size before relaxing)
 .rodata.__ssvfscanf_r.str1.1
                0x0804aa5e        0x4 C:/Users/mario/OneDrive/Documentos/GitHub/STM32CubeIDE_1.19.0/STM32CubeIDE/plugins/com.st.stm32cube.ide.mcu.externaltools.gnu-tools-for-stm32.13.3.rel1.win32_1.0.0.202411081344/tools/bin/../lib/gcc/arm-none-eabi/13.3.1/../../../../arm-none-eabi/lib/thumb/v7e-m+fp/hard\libc_nano.a(libc_a-nano-svfscanf.o)
 .rodata._printf_i.str1.1
                0x0804aa5e       0x22 C:/Users/mario/OneDrive/Documentos/GitHub/STM32CubeIDE_1.19.0/STM32CubeIDE/plugins/com.st.stm32cube.ide.mcu.externaltools.gnu-tools-for-stm32.13.3.rel1.win32_1.0.0.202411081344/tools/bin/../lib/gcc/arm-none-eabi/13.3.1/../../../../arm-none-eabi/lib/thumb/v7e-m+fp/hard\libc_nano.a(libc_a-nano-vfprintf_i.o)
 .rodata._scanf_i.str1.1
                0x0804aa5e       0x12 C:/Users/mario/OneDrive/Documentos/GitHub/STM32CubeIDE_1.19.0/STM32CubeIDE/plugins/com.st.stm32cube.ide.mcu.externaltools.gnu-tools-for-stm32.13.3.rel1.win32_1.0.0.202411081344/tools/bin/../lib/gcc/arm-none-eabi/13.3.1/../../../../arm-none-eabi/lib/thumb/v7e-m+fp/hard\libc_nano.a(libc_a-nano-vfscanf_i.o)
 .rodata.str1.1
                0x0804aa5e        0x9 C:/Users/mario/OneDrive/Documentos/GitHub/STM32CubeIDE_1.19.0/STM32CubeIDE/plugins/com.st.stm32cube.ide.mcu.externaltools.gnu-tools-for-stm32.13.3.rel1.win32_1.0.0.202411081344/tools/bin/../lib/gcc/arm-none-eabi/13.3.1/../../../../arm-none-eabi/lib/thumb/v7e-m+fp/hard\libc_nano.a(libc_a-nano-vfscanf_i.o)
 .rodata._ctype_
                0x0804aa5e      0x101 C:/Users/mario/OneDrive/Documentos/GitHub/STM32CubeIDE_1.19.0/STM32CubeIDE/plugins/com.st.stm32cube.ide.mcu.externaltools.gnu-tools-for-stm32.13.3.rel1.win32_1.0.0.202411081344/tools/bin/../lib/gcc/arm-none-eabi/13.3.1/../../../../arm-none-eabi/lib/thumb/v7e-m+fp/hard\libc_nano.a(libc_a-ctype_.o)
                0x0804aa5e                _ctype_
 *fill*         0x0804ab5f        0x1 
 .rodata.dp_l   0x0804ab60        0x8 C:/Users/mario/OneDrive/Documentos/GitHub/STM32CubeIDE_1.19.0/STM32CubeIDE/plugins/com.st.stm32cube.ide.mcu.externaltools.gnu-tools-for-stm32.13.3.rel1.win32_1.0.0.202411081344/tools/bin/../lib/gcc/arm-none-eabi/13.3.1/../../../../arm-none-eabi/lib/thumb/v7e-m+fp/hard\libm.a(libm_a-ef_pow.o)
 .rodata.dp_h   0x0804ab68        0x8 C:/Users/mario/OneDrive/Documentos/GitHub/STM32CubeIDE_1.19.0/STM32CubeIDE/plugins/com.st.stm32cube.ide.mcu.externaltools.gnu-tools-for-stm32.13.3.rel1.win32_1.0.0.202411081344/tools/bin/../lib/gcc/arm-none-eabi/13.3.1/../../../../arm-none-eabi/lib/thumb/v7e-m+fp/hard\libm.a(libm_a-ef_pow.o)
 .rodata.bp     0x0804ab70        0x8 C:/Users/mario/OneDrive/Documentos/GitHub/STM32CubeIDE_1.19.0/STM32CubeIDE/plugins/com.st.stm32cube.ide.mcu.externaltools.gnu-tools-for-stm32.13.3.rel1.win32_1.0.0.202411081344/tools/bin/../lib/gcc/arm-none-eabi/13.3.1/../../../../arm-none-eabi/lib/thumb/v7e-m+fp/hard\libm.a(libm_a-ef_pow.o)
                0x0804ab78                        . = ALIGN (0x4)

.ARM.extab      0x0804ab78        0x0
                0x0804ab78                        . = ALIGN (0x4)
 *(.ARM.extab* .gnu.linkonce.armextab.*)
                0x0804ab78                        . = ALIGN (0x4)

.ARM            0x0804ab78        0x8
                0x0804ab78                        . = ALIGN (0x4)
                0x0804ab78                        __exidx_start = .
 *(.ARM.exidx*)
 .ARM.exidx     0x0804ab78        0x8 C:/Users/mario/OneDrive/Documentos/GitHub/STM32CubeIDE_1.19.0/STM32CubeIDE/plugins/com.st.stm32cube.ide.mcu.externaltools.gnu-tools-for-stm32.13.3.rel1.win32_1.0.0.202411081344/tools/bin/../lib/gcc/arm-none-eabi/13.3.1/../../../../arm-none-eabi/lib/thumb/v7e-m+fp/hard\libc_nano.a(libc_a-strlen.o)
 .ARM.exidx     0x0804ab80        0x0 C:/Users/mario/OneDrive/Documentos/GitHub/STM32CubeIDE_1.19.0/STM32CubeIDE/plugins/com.st.stm32cube.ide.mcu.externaltools.gnu-tools-for-stm32.13.3.rel1.win32_1.0.0.202411081344/tools/bin/../lib/gcc/arm-none-eabi/13.3.1/../../../../arm-none-eabi/lib/thumb/v7e-m+fp/hard\libc_nano.a(libc_a-memchr.o)
                                  0x8 (size before relaxing)
 .ARM.exidx     0x0804ab80        0x0 C:/Users/mario/OneDrive/Documentos/GitHub/STM32CubeIDE_1.19.0/STM32CubeIDE/plugins/com.st.stm32cube.ide.mcu.externaltools.gnu-tools-for-stm32.13.3.rel1.win32_1.0.0.202411081344/tools/bin/../lib/gcc/arm-none-eabi/13.3.1/thumb/v7e-m+fp/hard\libgcc.a(_udivmoddi4.o)
                                  0x8 (size before relaxing)
                0x0804ab80                        __exidx_end = .
                0x0804ab80                        . = ALIGN (0x4)

.preinit_array  0x0804ab80        0x0
                0x0804ab80                        . = ALIGN (0x4)
                0x0804ab80                        PROVIDE (__preinit_array_start = .)
 *(.preinit_array*)
                0x0804ab80                        PROVIDE (__preinit_array_end = .)
                0x0804ab80                        . = ALIGN (0x4)

.init_array     0x0804ab80        0x4
                0x0804ab80                        . = ALIGN (0x4)
                0x0804ab80                        PROVIDE (__init_array_start = .)
 *(SORT_BY_NAME(.init_array.*))
 *(.init_array*)
 .init_array    0x0804ab80        0x4 C:/Users/mario/OneDrive/Documentos/GitHub/STM32CubeIDE_1.19.0/STM32CubeIDE/plugins/com.st.stm32cube.ide.mcu.externaltools.gnu-tools-for-stm32.13.3.rel1.win32_1.0.0.202411081344/tools/bin/../lib/gcc/arm-none-eabi/13.3.1/thumb/v7e-m+fp/hard/crtbegin.o
                0x0804ab84                        PROVIDE (__init_array_end = .)
                0x0804ab84                        . = ALIGN (0x4)

.fini_array     0x0804ab84        0x4
                0x0804ab84                        . = ALIGN (0x4)
                [!provide]                        PROVIDE (__fini_array_start = .)
 *(SORT_BY_NAME(.fini_array.*))
 *(.fini_array*)
 .fini_array    0x0804ab84        0x4 C:/Users/mario/OneDrive/Documentos/GitHub/STM32CubeIDE_1.19.0/STM32CubeIDE/plugins/com.st.stm32cube.ide.mcu.externaltools.gnu-tools-for-stm32.13.3.rel1.win32_1.0.0.202411081344/tools/bin/../lib/gcc/arm-none-eabi/13.3.1/thumb/v7e-m+fp/hard/crtbegin.o
                [!provide]                        PROVIDE (__fini_array_end = .)
                0x0804ab88                        . = ALIGN (0x4)
                0x0804ab88                        _sidata = LOADADDR (.data)

.rel.dyn        0x0804ab88        0x0
 .rel.iplt      0x0804ab88        0x0 C:/Users/mario/OneDrive/Documentos/GitHub/STM32CubeIDE_1.19.0/STM32CubeIDE/plugins/com.st.stm32cube.ide.mcu.externaltools.gnu-tools-for-stm32.13.3.rel1.win32_1.0.0.202411081344/tools/bin/../lib/gcc/arm-none-eabi/13.3.1/thumb/v7e-m+fp/hard/crtbegin.o

.data           0x20000000       0xb4 load address 0x0804ab88
                0x20000000                        . = ALIGN (0x4)
                0x20000000                        _sdata = .
 *(.data)
 *(.data*)
 .data.Stat     0x20000000        0x1 ./Core/Src/fatfs_sd.o
 .data.p1_alive
                0x20000001        0x1 ./Core/Src/main.o
 .data.p1_dir   0x20000002        0x1 ./Core/Src/main.o
 .data.p2_alive
                0x20000003        0x1 ./Core/Src/main.o
 .data.p2_dir   0x20000004        0x1 ./Core/Src/main.o
 .data.en_dir   0x20000005        0x1 ./Core/Src/main.o
 *fill*         0x20000006        0x2 
 .data.g_banana_src
                0x20000008        0x4 ./Core/Src/main.o
 .data.g_ban_src_w
                0x2000000c        0x4 ./Core/Src/main.o
 .data.g_ban_src_h
                0x20000010        0x4 ./Core/Src/main.o
 .data.g_banana_draw
                0x20000014        0x4 ./Core/Src/main.o
 .data.g_ban_draw_w
                0x20000018        0x4 ./Core/Src/main.o
 .data.g_ban_draw_h
                0x2000001c        0x4 ./Core/Src/main.o
 .data.vida1_draw
                0x20000020        0x4 ./Core/Src/main.o
 .data.vida2_draw
                0x20000024        0x4 ./Core/Src/main.o
 .data.vida_draw_w
                0x20000028        0x4 ./Core/Src/main.o
 .data.vida_draw_h
                0x2000002c        0x4 ./Core/Src/main.o
 .data.s_speed_x
                0x20000030        0x4 ./Core/Src/song_loop.o
 .data.s_tick_ms
                0x20000034        0x4 ./Core/Src/song_loop.o
 .data.s_arr_tick
                0x20000038        0x4 ./Core/Src/song_loop.o
 .data.s_arr_loop
                0x2000003c        0x4 ./Core/Src/song_loop.o
 .data.SystemCoreClock
                0x20000040        0x4 ./Core/Src/system_stm32f4xx.o
                0x20000040                SystemCoreClock
 .data.helados_on
                0x20000044        0x1 ./Core/Src/ui_menu.o
 *fill*         0x20000045        0x3 
 .data.uwTickPrio
                0x20000048        0x4 ./Drivers/STM32F4xx_HAL_Driver/Src/stm32f4xx_hal.o
                0x20000048                uwTickPrio
 .data.uwTickFreq
                0x2000004c        0x1 ./Drivers/STM32F4xx_HAL_Driver/Src/stm32f4xx_hal.o
                0x2000004c                uwTickFreq
 *fill*         0x2000004d        0x3 
 .data.USER_Driver
                0x20000050       0x14 ./FATFS/Target/user_diskio.o
                0x20000050                USER_Driver
 .data._impure_ptr
                0x20000064        0x4 C:/Users/mario/OneDrive/Documentos/GitHub/STM32CubeIDE_1.19.0/STM32CubeIDE/plugins/com.st.stm32cube.ide.mcu.externaltools.gnu-tools-for-stm32.13.3.rel1.win32_1.0.0.202411081344/tools/bin/../lib/gcc/arm-none-eabi/13.3.1/../../../../arm-none-eabi/lib/thumb/v7e-m+fp/hard\libc_nano.a(libc_a-impure.o)
                0x20000064                _impure_ptr
 .data._impure_data
                0x20000068       0x4c C:/Users/mario/OneDrive/Documentos/GitHub/STM32CubeIDE_1.19.0/STM32CubeIDE/plugins/com.st.stm32cube.ide.mcu.externaltools.gnu-tools-for-stm32.13.3.rel1.win32_1.0.0.202411081344/tools/bin/../lib/gcc/arm-none-eabi/13.3.1/../../../../arm-none-eabi/lib/thumb/v7e-m+fp/hard\libc_nano.a(libc_a-impure.o)
                0x20000068                _impure_data
 *(.RamFunc)
 *(.RamFunc*)
                0x200000b4                        . = ALIGN (0x4)
                0x200000b4                        _edata = .

.igot.plt       0x200000b4        0x0 load address 0x0804ac3c
 .igot.plt      0x200000b4        0x0 C:/Users/mario/OneDrive/Documentos/GitHub/STM32CubeIDE_1.19.0/STM32CubeIDE/plugins/com.st.stm32cube.ide.mcu.externaltools.gnu-tools-for-stm32.13.3.rel1.win32_1.0.0.202411081344/tools/bin/../lib/gcc/arm-none-eabi/13.3.1/thumb/v7e-m+fp/hard/crtbegin.o
                0x200000b4                        . = ALIGN (0x4)

.bss            0x200000b4     0x69fc load address 0x0804ac3c
                0x200000b4                        _sbss = .
                0x200000b4                        __bss_start__ = _sbss
 *(.bss)
 .bss           0x200000b4       0x1c C:/Users/mario/OneDrive/Documentos/GitHub/STM32CubeIDE_1.19.0/STM32CubeIDE/plugins/com.st.stm32cube.ide.mcu.externaltools.gnu-tools-for-stm32.13.3.rel1.win32_1.0.0.202411081344/tools/bin/../lib/gcc/arm-none-eabi/13.3.1/thumb/v7e-m+fp/hard/crtbegin.o
 *(.bss*)
 .bss.s_pwm     0x200000d0        0x4 ./Core/Src/audio_pwm.o
 .bss.s_timclk  0x200000d4        0x4 ./Core/Src/audio_pwm.o
 .bss.Timer1    0x200000d8        0x2 ./Core/Src/fatfs_sd.o
                0x200000d8                Timer1
 .bss.Timer2    0x200000da        0x2 ./Core/Src/fatfs_sd.o
                0x200000da                Timer2
 .bss.CardType  0x200000dc        0x1 ./Core/Src/fatfs_sd.o
 .bss.PowerFlag
                0x200000dd        0x1 ./Core/Src/fatfs_sd.o
 *fill*         0x200000de        0x2 
 .bss.hspi1     0x200000e0       0x58 ./Core/Src/main.o
                0x200000e0                hspi1
 .bss.htim11    0x20000138       0x48 ./Core/Src/main.o
                0x20000138                htim11
 .bss.htim10    0x20000180       0x48 ./Core/Src/main.o
                0x20000180                htim10
 .bss.huart2    0x200001c8       0x48 ./Core/Src/main.o
                0x200001c8                huart2
 .bss.huart3    0x20000210       0x48 ./Core/Src/main.o
                0x20000210                huart3
 .bss.s_fs      0x20000258     0x1038 ./Core/Src/main.o
 .bss.app_state
                0x20001290        0x1 ./Core/Src/main.o
 *fill*         0x20001291        0x3 
 .bss.g_map     0x20001294      0x220 ./Core/Src/main.o
 .bss.g_fixed   0x200014b4      0x220 ./Core/Src/main.o
 .bss.p1_x      0x200016d4        0x4 ./Core/Src/main.o
 .bss.p1_y      0x200016d8        0x4 ./Core/Src/main.o
 .bss.p1_sh     0x200016dc        0x4 ./Core/Src/main.o
 .bss.p1_fr     0x200016e0        0x4 ./Core/Src/main.o
 .bss.p1_tanim  0x200016e4        0x4 ./Core/Src/main.o
 .bss.p1_score  0x200016e8        0x4 ./Core/Src/main.o
 .bss.p1_act    0x200016ec       0x14 ./Core/Src/main.o
 .bss.p1_A_prev
                0x20001700        0x1 ./Core/Src/main.o
 .bss.p1_B_prev
                0x20001701        0x1 ./Core/Src/main.o
 *fill*         0x20001702        0x2 
 .bss.p2_x      0x20001704        0x4 ./Core/Src/main.o
 .bss.p2_y      0x20001708        0x4 ./Core/Src/main.o
 .bss.p2_sh     0x2000170c        0x4 ./Core/Src/main.o
 .bss.p2_fr     0x20001710        0x4 ./Core/Src/main.o
 .bss.p2_tanim  0x20001714        0x4 ./Core/Src/main.o
 .bss.p2_score  0x20001718        0x4 ./Core/Src/main.o
 .bss.p2_act    0x2000171c       0x14 ./Core/Src/main.o
 .bss.p2_A_prev
                0x20001730        0x1 ./Core/Src/main.o
 .bss.p2_B_prev
                0x20001731        0x1 ./Core/Src/main.o
 *fill*         0x20001732        0x2 
 .bss.en_x      0x20001734        0x4 ./Core/Src/main.o
 .bss.en_y      0x20001738        0x4 ./Core/Src/main.o
 .bss.en_sh     0x2000173c        0x4 ./Core/Src/main.o
 .bss.en_fr     0x20001740        0x4 ./Core/Src/main.o
 .bss.en_tanim  0x20001744        0x4 ./Core/Src/main.o
 .bss.g_banana_scaled
                0x20001748     0x1c20 ./Core/Src/main.o
 .bss.s_bananas
                0x20003368      0x180 ./Core/Src/main.o
 .bss.s_nban    0x200034e8        0x4 ./Core/Src/main.o
 .bss.vida1_scaled
                0x200034ec      0x118 ./Core/Src/main.o
 .bss.vida2_scaled
                0x20003604      0x118 ./Core/Src/main.o
 .bss.g_game_over
                0x2000371c        0x1 ./Core/Src/main.o
 .bss.g_score_saved
                0x2000371d        0x1 ./Core/Src/main.o
 *fill*         0x2000371e        0x2 
 .bss.inited.5  0x20003720        0x4 ./Core/Src/main.o
 .bss.black.4   0x20003724      0x118 ./Core/Src/main.o
 .bss.vis.3     0x2000383c      0x220 ./Core/Src/main.o
 .bss.px.2      0x20003a5c      0x440 ./Core/Src/main.o
 .bss.py.1      0x20003e9c      0x440 ./Core/Src/main.o
 .bss.line.0    0x200042dc      0x280 ./Core/Src/main.o
 .bss.s_tim     0x2000455c        0x4 ./Core/Src/song_loop.o
 .bss.s_notes   0x20004560     0x2000 ./Core/Src/song_loop.o
 .bss.s_note_count
                0x20006560        0x2 ./Core/Src/song_loop.o
 .bss.s_note_index
                0x20006562        0x2 ./Core/Src/song_loop.o
 .bss.s_linebuf
                0x20006564       0x80 ./Core/Src/song_loop.o
 .bss.s_arr     0x200065e4        0x4 ./Core/Src/song_loop.o
 .bss.s_arr_len
                0x200065e8        0x4 ./Core/Src/song_loop.o
 .bss.s_arr_idx
                0x200065ec        0x4 ./Core/Src/song_loop.o
 .bss.s_mode    0x200065f0        0x1 ./Core/Src/song_loop.o
 *fill*         0x200065f1        0x3 
 .bss.__sbrk_heap_end
                0x200065f4        0x4 ./Core/Src/sysmem.o
 .bss.s_uart    0x200065f8        0x4 ./Core/Src/uart_gamepad.o
 .bss.s_p1      0x200065fc        0x8 ./Core/Src/uart_gamepad.o
 .bss.s_p2      0x20006604        0x8 ./Core/Src/uart_gamepad.o
 .bss.segbuf    0x2000660c      0x100 ./Core/Src/uart_gamepad.o
 .bss.seglen    0x2000670c        0x2 ./Core/Src/uart_gamepad.o
 .bss.rx_byte   0x2000670e        0x1 ./Core/Src/uart_gamepad.o
 .bss.nav_state_p1
                0x2000670f        0x1 ./Core/Src/ui_menu.o
 .bss.nav_state_p2
                0x20006710        0x1 ./Core/Src/ui_menu.o
 *fill*         0x20006711        0x3 
 .bss.last_tick_p1
                0x20006714        0x4 ./Core/Src/ui_menu.o
 .bss.last_tick_p2
                0x20006718        0x4 ./Core/Src/ui_menu.o
 .bss.menu_idx  0x2000671c        0x1 ./Core/Src/ui_menu.o
 *fill*         0x2000671d        0x3 
 .bss.tBlink    0x20006720        0x4 ./Core/Src/ui_menu.o
 .bss.prevA1    0x20006724        0x1 ./Core/Src/ui_menu.o
 .bss.prevA2    0x20006725        0x1 ./Core/Src/ui_menu.o
 *fill*         0x20006726        0x2 
 .bss.uwTick    0x20006728        0x4 ./Drivers/STM32F4xx_HAL_Driver/Src/stm32f4xx_hal.o
                0x20006728                uwTick
 .bss.retUSER   0x2000672c        0x1 ./FATFS/App/fatfs.o
                0x2000672c                retUSER
 *fill*         0x2000672d        0x3 
 .bss.USERPath  0x20006730        0x4 ./FATFS/App/fatfs.o
                0x20006730                USERPath
 .bss.FatFs     0x20006734        0x4 ./Middlewares/Third_Party/FatFs/src/ff.o
 .bss.Fsid      0x20006738        0x2 ./Middlewares/Third_Party/FatFs/src/ff.o
 *fill*         0x2000673a        0x2 
 .bss.Files     0x2000673c       0x20 ./Middlewares/Third_Party/FatFs/src/ff.o
 .bss.LfnBuf    0x2000675c      0x200 ./Middlewares/Third_Party/FatFs/src/ff.o
 .bss.disk      0x2000695c        0xc ./Middlewares/Third_Party/FatFs/src/ff_gen_drv.o
                0x2000695c                disk
 .bss.__sf      0x20006968      0x138 C:/Users/mario/OneDrive/Documentos/GitHub/STM32CubeIDE_1.19.0/STM32CubeIDE/plugins/com.st.stm32cube.ide.mcu.externaltools.gnu-tools-for-stm32.13.3.rel1.win32_1.0.0.202411081344/tools/bin/../lib/gcc/arm-none-eabi/13.3.1/../../../../arm-none-eabi/lib/thumb/v7e-m+fp/hard\libc_nano.a(libc_a-findfp.o)
                0x20006968                __sf
 .bss.errno     0x20006aa0        0x4 C:/Users/mario/OneDrive/Documentos/GitHub/STM32CubeIDE_1.19.0/STM32CubeIDE/plugins/com.st.stm32cube.ide.mcu.externaltools.gnu-tools-for-stm32.13.3.rel1.win32_1.0.0.202411081344/tools/bin/../lib/gcc/arm-none-eabi/13.3.1/../../../../arm-none-eabi/lib/thumb/v7e-m+fp/hard\libc_nano.a(libc_a-reent.o)
                0x20006aa0                errno
 .bss.__lock___malloc_recursive_mutex
                0x20006aa4        0x1 C:/Users/mario/OneDrive/Documentos/GitHub/STM32CubeIDE_1.19.0/STM32CubeIDE/plugins/com.st.stm32cube.ide.mcu.externaltools.gnu-tools-for-stm32.13.3.rel1.win32_1.0.0.202411081344/tools/bin/../lib/gcc/arm-none-eabi/13.3.1/../../../../arm-none-eabi/lib/thumb/v7e-m+fp/hard\libc_nano.a(libc_a-lock.o)
                0x20006aa4                __lock___malloc_recursive_mutex
 *fill*         0x20006aa5        0x3 
 .bss.__malloc_sbrk_start
                0x20006aa8        0x4 C:/Users/mario/OneDrive/Documentos/GitHub/STM32CubeIDE_1.19.0/STM32CubeIDE/plugins/com.st.stm32cube.ide.mcu.externaltools.gnu-tools-for-stm32.13.3.rel1.win32_1.0.0.202411081344/tools/bin/../lib/gcc/arm-none-eabi/13.3.1/../../../../arm-none-eabi/lib/thumb/v7e-m+fp/hard\libc_nano.a(libc_a-mallocr.o)
                0x20006aa8                __malloc_sbrk_start
 .bss.__malloc_free_list
                0x20006aac        0x4 C:/Users/mario/OneDrive/Documentos/GitHub/STM32CubeIDE_1.19.0/STM32CubeIDE/plugins/com.st.stm32cube.ide.mcu.externaltools.gnu-tools-for-stm32.13.3.rel1.win32_1.0.0.202411081344/tools/bin/../lib/gcc/arm-none-eabi/13.3.1/../../../../arm-none-eabi/lib/thumb/v7e-m+fp/hard\libc_nano.a(libc_a-mallocr.o)
                0x20006aac                __malloc_free_list
 *(COMMON)
                0x20006ab0                        . = ALIGN (0x4)
                0x20006ab0                        _ebss = .
                0x20006ab0                        __bss_end__ = _ebss

._user_heap_stack
                0x20006ab0      0x600 load address 0x0804ac3c
                0x20006ab0                        . = ALIGN (0x8)
                [!provide]                        PROVIDE (end = .)
                0x20006ab0                        PROVIDE (_end = .)
                0x20006cb0                        . = (. + _Min_Heap_Size)
 *fill*         0x20006ab0      0x200 
                0x200070b0                        . = (. + _Min_Stack_Size)
 *fill*         0x20006cb0      0x400 
                0x200070b0                        . = ALIGN (0x8)

/DISCARD/
 libc.a(*)
 libm.a(*)
 libgcc.a(*)

.ARM.attributes
                0x00000000       0x30
 *(.ARM.attributes)
 .ARM.attributes
                0x00000000       0x22 C:/Users/mario/OneDrive/Documentos/GitHub/STM32CubeIDE_1.19.0/STM32CubeIDE/plugins/com.st.stm32cube.ide.mcu.externaltools.gnu-tools-for-stm32.13.3.rel1.win32_1.0.0.202411081344/tools/bin/../lib/gcc/arm-none-eabi/13.3.1/thumb/v7e-m+fp/hard/crti.o
 .ARM.attributes