Archive member included to satisfy reference by file (symbol)

C:/ST/STM32CubeIDE_1.19.0/STM32CubeIDE/plugins/com.st.stm32cube.ide.mcu.externaltools.gnu-tools-for-stm32.13.3.rel1.win32_1.0.0.202411081344/tools/bin/../lib/gcc/arm-none-eabi/13.3.1/../../../../arm-none-eabi/lib/thumb/v7e-m+fp/hard\libc_nano.a(libc_a-exit.o)
                              C:/ST/STM32CubeIDE_1.19.0/STM32CubeIDE/plugins/com.st.stm32cube.ide.mcu.externaltools.gnu-tools-for-stm32.13.3.rel1.win32_1.0.0.202411081344/tools/bin/../lib/gcc/arm-none-eabi/13.3.1/../../../../arm-none-eabi/lib/thumb/v7e-m+fp/hard/crt0.o (exit)
C:/ST/STM32CubeIDE_1.19.0/STM32CubeIDE/plugins/com.st.stm32cube.ide.mcu.externaltools.gnu-tools-for-stm32.13.3.rel1.win32_1.0.0.202411081344/tools/bin/../lib/gcc/arm-none-eabi/13.3.1/../../../../arm-none-eabi/lib/thumb/v7e-m+fp/hard\libc_nano.a(libc_a-findfp.o)
                              C:/ST/STM32CubeIDE_1.19.0/STM32CubeIDE/plugins/com.st.stm32cube.ide.mcu.externaltools.gnu-tools-for-stm32.13.3.rel1.win32_1.0.0.202411081344/tools/bin/../lib/gcc/arm-none-eabi/13.3.1/../../../../arm-none-eabi/lib/thumb/v7e-m+fp/hard\libc_nano.a(libc_a-exit.o) (__stdio_exit_handler)
C:/ST/STM32CubeIDE_1.19.0/STM32CubeIDE/plugins/com.st.stm32cube.ide.mcu.externaltools.gnu-tools-for-stm32.13.3.rel1.win32_1.0.0.202411081344/tools/bin/../lib/gcc/arm-none-eabi/13.3.1/../../../../arm-none-eabi/lib/thumb/v7e-m+fp/hard\libc_nano.a(libc_a-fwalk.o)
                              C:/ST/STM32CubeIDE_1.19.0/STM32CubeIDE/plugins/com.st.stm32cube.ide.mcu.externaltools.gnu-tools-for-stm32.13.3.rel1.win32_1.0.0.202411081344/tools/bin/../lib/gcc/arm-none-eabi/13.3.1/../../../../arm-none-eabi/lib/thumb/v7e-m+fp/hard\libc_nano.a(libc_a-findfp.o) (_fwalk_sglue)
C:/ST/STM32CubeIDE_1.19.0/STM32CubeIDE/plugins/com.st.stm32cube.ide.mcu.externaltools.gnu-tools-for-stm32.13.3.rel1.win32_1.0.0.202411081344/tools/bin/../lib/gcc/arm-none-eabi/13.3.1/../../../../arm-none-eabi/lib/thumb/v7e-m+fp/hard\libc_nano.a(libc_a-sscanf.o)
                              ./Core/Src/input.o (sscanf)
C:/ST/STM32CubeIDE_1.19.0/STM32CubeIDE/plugins/com.st.stm32cube.ide.mcu.externaltools.gnu-tools-for-stm32.13.3.rel1.win32_1.0.0.202411081344/tools/bin/../lib/gcc/arm-none-eabi/13.3.1/../../../../arm-none-eabi/lib/thumb/v7e-m+fp/hard\libc_nano.a(libc_a-stdio.o)
                              C:/ST/STM32CubeIDE_1.19.0/STM32CubeIDE/plugins/com.st.stm32cube.ide.mcu.externaltools.gnu-tools-for-stm32.13.3.rel1.win32_1.0.0.202411081344/tools/bin/../lib/gcc/arm-none-eabi/13.3.1/../../../../arm-none-eabi/lib/thumb/v7e-m+fp/hard\libc_nano.a(libc_a-findfp.o) (__sread)
C:/ST/STM32CubeIDE_1.19.0/STM32CubeIDE/plugins/com.st.stm32cube.ide.mcu.externaltools.gnu-tools-for-stm32.13.3.rel1.win32_1.0.0.202411081344/tools/bin/../lib/gcc/arm-none-eabi/13.3.1/../../../../arm-none-eabi/lib/thumb/v7e-m+fp/hard\libc_nano.a(libc_a-memset.o)
                              C:/ST/STM32CubeIDE_1.19.0/STM32CubeIDE/plugins/com.st.stm32cube.ide.mcu.externaltools.gnu-tools-for-stm32.13.3.rel1.win32_1.0.0.202411081344/tools/bin/../lib/gcc/arm-none-eabi/13.3.1/../../../../arm-none-eabi/lib/thumb/v7e-m+fp/hard/crt0.o (memset)
C:/ST/STM32CubeIDE_1.19.0/STM32CubeIDE/plugins/com.st.stm32cube.ide.mcu.externaltools.gnu-tools-for-stm32.13.3.rel1.win32_1.0.0.202411081344/tools/bin/../lib/gcc/arm-none-eabi/13.3.1/../../../../arm-none-eabi/lib/thumb/v7e-m+fp/hard\libc_nano.a(libc_a-strchr.o)
                              ./Core/Src/input.o (strchr)
C:/ST/STM32CubeIDE_1.19.0/STM32CubeIDE/plugins/com.st.stm32cube.ide.mcu.externaltools.gnu-tools-for-stm32.13.3.rel1.win32_1.0.0.202411081344/tools/bin/../lib/gcc/arm-none-eabi/13.3.1/../../../../arm-none-eabi/lib/thumb/v7e-m+fp/hard\libc_nano.a(libc_a-closer.o)
                              C:/ST/STM32CubeIDE_1.19.0/STM32CubeIDE/plugins/com.st.stm32cube.ide.mcu.externaltools.gnu-tools-for-stm32.13.3.rel1.win32_1.0.0.202411081344/tools/bin/../lib/gcc/arm-none-eabi/13.3.1/../../../../arm-none-eabi/lib/thumb/v7e-m+fp/hard\libc_nano.a(libc_a-stdio.o) (_close_r)
C:/ST/STM32CubeIDE_1.19.0/STM32CubeIDE/plugins/com.st.stm32cube.ide.mcu.externaltools.gnu-tools-for-stm32.13.3.rel1.win32_1.0.0.202411081344/tools/bin/../lib/gcc/arm-none-eabi/13.3.1/../../../../arm-none-eabi/lib/thumb/v7e-m+fp/hard\libc_nano.a(libc_a-reent.o)
                              C:/ST/STM32CubeIDE_1.19.0/STM32CubeIDE/plugins/com.st.stm32cube.ide.mcu.externaltools.gnu-tools-for-stm32.13.3.rel1.win32_1.0.0.202411081344/tools/bin/../lib/gcc/arm-none-eabi/13.3.1/../../../../arm-none-eabi/lib/thumb/v7e-m+fp/hard\libc_nano.a(libc_a-closer.o) (errno)
C:/ST/STM32CubeIDE_1.19.0/STM32CubeIDE/plugins/com.st.stm32cube.ide.mcu.externaltools.gnu-tools-for-stm32.13.3.rel1.win32_1.0.0.202411081344/tools/bin/../lib/gcc/arm-none-eabi/13.3.1/../../../../arm-none-eabi/lib/thumb/v7e-m+fp/hard\libc_nano.a(libc_a-impure.o)
[...]
Memory Configuration

Name             Origin             Length             Attributes
RAM              0x20000000         0x00020000         xrw
FLASH            0x08000000         0x00080000         xr
*default*        0x00000000         0xffffffff

Linker script and memory map

LOAD C:/ST/STM32CubeIDE_1.19.0/STM32CubeIDE/plugins/com.st.stm32cube.ide.mcu.externaltools.gnu-tools-for-stm32.13.3.rel1.win32_1.0.0.202411081344/tools/bin/../lib/gcc/arm-none-eabi/13.3.1/thumb/v7e-m+fp/hard/crti.o
LOAD C:/ST/STM32CubeIDE_1.19.0/STM32CubeIDE/plugins/com.st.stm32cube.ide.mcu.externaltools.gnu-tools-for-stm32.13.3.rel1.win32_1.0.0.202411081344/tools/bin/../lib/gcc/arm-none-eabi/13.3.1/thumb/v7e-m+fp/hard/crtbegin.o
LOAD C:/ST/STM32CubeIDE_1.19.0/STM32CubeIDE/plugins/com.st.stm32cube.ide.mcu.externaltools.gnu-tools-for-stm32.13.3.rel1.win32_1.0.0.202411081344/tools/bin/../lib/gcc/arm-none-eabi/13.3.1/../../../../arm-none-eabi/lib/thumb/v7e-m+fp/hard/crt0.o
LOAD ./Core/Src/audio_pwm.o
LOAD ./Core/Src/bitmaps.o
LOAD ./Core/Src/fatfs_sd.o
LOAD ./Core/Src/font.o
LOAD ./Core/Src/graficos.o
LOAD ./Core/Src/ili9341.o
LOAD ./Core/Src/input.o
LOAD ./Core/Src/main.o
LOAD ./Core/Src/song_loop.o
LOAD ./Core/Src/stm32f4xx_hal_msp.o
LOAD ./Core/Src/stm32f4xx_it.o
LOAD ./Core/Src/syscalls.o
LOAD ./Core/Src/sysmem.o
LOAD ./Core/Src/system_stm32f4xx.o
LOAD ./Core/Src/uart_gamepad.o
LOAD ./Core/Startup/startup_stm32f446retx.o
LOAD ./Drivers/STM32F4xx_HAL_Driver/Src/stm32f4xx_hal.o
LOAD ./Drivers/STM32F4xx_HAL_Driver/Src/stm32f4xx_hal_cortex.o
LOAD ./Drivers/STM32F4xx_HAL_Driver/Src/stm32f4xx_hal_dma.o
LOAD ./Drivers/STM32F4xx_HAL_Driver/Src/stm32f4xx_hal_dma_ex.o
LOAD ./Drivers/STM32F4xx_HAL_Driver/Src/stm32f4xx_hal_exti.o
LOAD ./Drivers/STM32F4xx_HAL_Driver/Src/stm32f4xx_hal_flash.o
LOAD ./Drivers/STM32F4xx_HAL_Driver/Src/stm32f4xx_hal_flash_ex.o
LOAD ./Drivers/STM32F4xx_HAL_Driver/Src/stm32f4xx_hal_flash_ramfunc.o
LOAD ./Drivers/STM32F4xx_HAL_Driver/Src/stm32f4xx_hal_gpio.o
LOAD ./Drivers/STM32F4xx_HAL_Driver/Src/stm32f4xx_hal_i2c.o
LOAD ./Drivers/STM32F4xx_HAL_Driver/Src/stm32f4xx_hal_i2c_ex.o
LOAD ./Drivers/STM32F4xx_HAL_Driver/Src/stm32f4xx_hal_pwr.o
LOAD ./Drivers/STM32F4xx_HAL_Driver/Src/stm32f4xx_hal_pwr_ex.o
LOAD ./Drivers/STM32F4xx_HAL_Driver/Src/stm32f4xx_hal_rcc.o
LOAD ./Drivers/STM32F4xx_HAL_Driver/Src/stm32f4xx_hal_rcc_ex.o
LOAD ./Drivers/STM32F4xx_HAL_Driver/Src/stm32f4xx_hal_spi.o
LOAD ./Drivers/STM32F4xx_HAL_Driver/Src/stm32f4xx_hal_tim.o
LOAD ./Drivers/STM32F4xx_HAL_Driver/Src/stm32f4xx_hal_tim_ex.o
LOAD ./Drivers/STM32F4xx_HAL_Driver/Src/stm32f4xx_hal_uart.o
LOAD ./FATFS/App/fatfs.o
LOAD ./FATFS/Target/user_diskio.o
LOAD ./Middlewares/Third_Party/FatFs/src/diskio.o
LOAD ./Middlewares/Third_Party/FatFs/src/ff.o
LOAD ./Middlewares/Third_Party/FatFs/src/ff_gen_drv.o
LOAD ./Middlewares/Third_Party/FatFs/src/option/ccsbcs.o
LOAD ./Middlewares/Third_Party/FatFs/src/option/syscall.o
START GROUP
LOAD C:/ST/STM32CubeIDE_1.19.0/STM32CubeIDE/plugins/com.st.stm32cube.ide.mcu.externaltools.gnu-tools-for-stm32.13.3.rel1.win32_1.0.0.202411081344/tools/bin/../lib/gcc/arm-none-eabi/13.3.1/../../../../arm-none-eabi/lib/thumb/v7e-m+fp/hard\libc_nano.a
LOAD C:/ST/STM32CubeIDE_1.19.0/STM32CubeIDE/plugins/com.st.stm32cube.ide.mcu.externaltools.gnu-tools-for-stm32.13.3.rel1.win32_1.0.0.202411081344/tools/bin/../lib/gcc/arm-none-eabi/13.3.1/../../../../arm-none-eabi/lib/thumb/v7e-m+fp/hard\libm.a
END GROUP
START GROUP
LOAD C:/ST/STM32CubeIDE_1.19.0/STM32CubeIDE/plugins/com.st.stm32cube.ide.mcu.externaltools.gnu-tools-for-stm32.13.3.rel1.win32_1.0.0.202411081344/tools/bin/../lib/gcc/arm-none-eabi/13.3.1/thumb/v7e-m+fp/hard\libgcc.a
LOAD C:/ST/STM32CubeIDE_1.19.0/STM32CubeIDE/plugins/com.st.stm32cube.ide.mcu.externaltools.gnu-tools-for-stm32.13.3.rel1.win32_1.0.0.202411081344/tools/bin/../lib/gcc/arm-none-eabi/13.3.1/../../../../arm-none-eabi/lib/thumb/v7e-m+fp/hard\libc_nano.a
END GROUP
START GROUP
LOAD C:/ST/STM32CubeIDE_1.19.0/STM32CubeIDE/plugins/com.st.stm32cube.ide.mcu.externaltools.gnu-tools-for-stm32.13.3.rel1.win32_1.0.0.202411081344/tools/bin/../lib/gcc/arm-none-eabi/13.3.1/thumb/v7e-m+fp/hard\libgcc.a
LOAD C:/ST/STM32CubeIDE_1.19.0/STM32CubeIDE/plugins/com.st.stm32cube.ide.mcu.externaltools.gnu-tools-for-stm32.13.3.rel1.win32_1.0.0.202411081344/tools/bin/../lib/gcc/arm-none-eabi/13.3.1/../../../../arm-none-eabi/lib/thumb/v7e-m+fp/hard\libc_nano.a
LOAD C:/ST/STM32CubeIDE_1.19.0/STM32CubeIDE/plugins/com.st.stm32cube.ide.mcu.externaltools.gnu-tools-for-stm32.13.3.rel1.win32_1.0.0.202411081344/tools/bin/../lib/gcc/arm-none-eabi/13.3.1/../../../../arm-none-eabi/lib/thumb/v7e-m+fp/hard\libnosys.a
END GROUP
START GROUP
LOAD C:/ST/STM32CubeIDE_1.19.0/STM32CubeIDE/plugins/com.st.stm32cube.ide.mcu.externaltools.gnu-tools-for-stm32.13.3.rel1.win32_1.0.0.202411081344/tools/bin/../lib/gcc/arm-none-eabi/13.3.1/thumb/v7e-m+fp/hard\libgcc.a
LOAD C:/ST/STM32CubeIDE_1.19.0/STM32CubeIDE/plugins/com.st.stm32cube.ide.mcu.externaltools.gnu-tools-for-stm32.13.3.rel1.win32_1.0.0.202411081344/tools/bin/../lib/gcc/arm-none-eabi/13.3.1/../../../../arm-none-eabi/lib/thumb/v7e-m+fp/hard\libc_nano.a
LOAD C:/ST/STM32CubeIDE_1.19.0/STM32CubeIDE/plugins/com.st.stm32cube.ide.mcu.externaltools.gnu-tools-for-stm32.13.3.rel1.win32_1.0.0.202411081344/tools/bin/../lib/gcc/arm-none-eabi/13.3.1/../../../../arm-none-eabi/lib/thumb/v7e-m+fp/hard\libnosys.a
END GROUP
LOAD C:/ST/STM32CubeIDE_1.19.0/STM32CubeIDE/plugins/com.st.stm32cube.ide.mcu.externaltools.gnu-tools-for-stm32.13.3.rel1.win32_1.0.0.202411081344/tools/bin/../lib/gcc/arm-none-eabi/13.3.1/thumb/v7e-m+fp/hard/crtend.o
LOAD C:/ST/STM32CubeIDE_1.19.0/STM32CubeIDE/plugins/com.st.stm32cube.ide.mcu.externaltools.gnu-tools-for-stm32.13.3.rel1.win32_1.0.0.202411081344/tools/bin/../lib/gcc/arm-none-eabi/13.3.1/thumb/v7e-m+fp/hard/crtn.o
                0x20020000                        _estack = (ORIGIN (RAM) + LENGTH (RAM))
                0x00000200                        _Min_Heap_Size = 0x200
                0x00000400                        _Min_Stack_Size = 0x400

.isr_vector     0x08000000      0x1c4
                0x08000000                        . = ALIGN (0x4)
 *(.isr_vector)
 .isr_vector    0x08000000      0x1c4 ./Core/Startup/startup_stm32f446retx.o
                0x08000000                g_pfnVectors
                0x080001c4                        . = ALIGN (0x4)

.text           0x080001c4     0x8350
                0x080001c4                        . = ALIGN (0x4)
 *(.text)
 .text          0x080001c4       0x40 C:/ST/STM32CubeIDE_1.19.0/STM32CubeIDE/plugins/com.st.stm32cube.ide.mcu.externaltools.gnu-tools-for-stm32.13.3.rel1.win32_1.0.0.202411081344/tools/bin/../lib/gcc/arm-none-eabi/13.3.1/thumb/v7e-m+fp/hard/crtbegin.o
 .text          0x08000204       0x10 C:/ST/STM32CubeIDE_1.19.0/STM32CubeIDE/plugins/com.st.stm32cube.ide.mcu.externaltools.gnu-tools-for-stm32.13.3.rel1.win32_1.0.0.202411081344/tools/bin/../lib/gcc/arm-none-eabi/13.3.1/../../../../arm-none-eabi/lib/thumb/v7e-m+fp/hard\libc_nano.a(libc_a-strlen.o)
                0x08000204                strlen
 .text          0x08000214       0x30 C:/ST/STM32CubeIDE_1.19.0/STM32CubeIDE/plugins/com.st.stm32cube.ide.mcu.externaltools.gnu-tools-for-stm32.13.3.rel1.win32_1.0.0.202411081344/tools/bin/../lib/gcc/arm-none-eabi/13.3.1/thumb/v7e-m+fp/hard\libgcc.a(_aeabi_uldivmod.o)
                0x08000214                __aeabi_uldivmod
 .text          0x08000244      0x2f8 C:/ST/STM32CubeIDE_1.19.0/STM32CubeIDE/plugins/com.st.stm32cube.ide.mcu.externaltools.gnu-tools-for-stm32.13.3.rel1.win32_1.0.0.202411081344/tools/bin/../lib/gcc/arm-none-eabi/13.3.1/thumb/v7e-m+fp/hard\libgcc.a(_udivmoddi4.o)
                0x08000244                __udivmoddi4
 .text          0x0800053c        0x4 C:/ST/STM32CubeIDE_1.19.0/STM32CubeIDE/plugins/com.st.stm32cube.ide.mcu.externaltools.gnu-tools-for-stm32.13.3.rel1.win32_1.0.0.202411081344/tools/bin/../lib/gcc/arm-none-eabi/13.3.1/thumb/v7e-m+fp/hard\libgcc.a(_dvmd_tls.o)
                0x0800053c                __aeabi_idiv0
                0x0800053c                __aeabi_ldiv0
 *(.text*)
 .text.AudioPWM_SetFreq
                0x08000540       0x78 ./Core/Src/audio_pwm.o
                0x08000540                AudioPWM_SetFreq
 .text.AudioPWM_Silence
                0x080005b8       0x28 ./Core/Src/audio_pwm.o
                0x080005b8                AudioPWM_Silence
 .text.SELECT   0x080005e0       0x1c ./Core/Src/fatfs_sd.o
 .text.DESELECT
                0x080005fc       0x1c ./Core/Src/fatfs_sd.o
 .text.SPI_TxByte
                0x08000618       0x34 ./Core/Src/fatfs_sd.o
 .text.SPI_TxBuffer
                0x0800064c       0x34 ./Core/Src/fatfs_sd.o
 .text.SPI_RxByte
                0x08000680       0x38 ./Core/Src/fatfs_sd.o
 .text.SPI_RxBytePtr
                0x080006b8       0x1c ./Core/Src/fatfs_sd.o
 .text.SD_ReadyWait
                0x080006d4       0x34 ./Core/Src/fatfs_sd.o
 .text.SD_PowerOn
                0x08000708       0x84 ./Core/Src/fatfs_sd.o
 .text.SD_PowerOff
                0x0800078c       0x18 ./Core/Src/fatfs_sd.o
 .text.SD_CheckPower
                0x080007a4       0x18 ./Core/Src/fatfs_sd.o
 .text.SD_RxDataBlock
                0x080007bc       0x60 ./Core/Src/fatfs_sd.o
 .text.SD_TxDataBlock
                0x0800081c       0xa0 ./Core/Src/fatfs_sd.o
 .text.SD_SendCmd
                0x080008bc       0xa8 ./Core/Src/fatfs_sd.o
 .text.SD_disk_initialize
                0x08000964      0x1d8 ./Core/Src/fatfs_sd.o
                0x08000964                SD_disk_initialize
 .text.SD_disk_status
                0x08000b3c       0x2c ./Core/Src/fatfs_sd.o
                0x08000b3c                SD_disk_status
 .text.SD_disk_read
                0x08000b68       0xd4 ./Core/Src/fatfs_sd.o
                0x08000b68                SD_disk_read
 .text.SD_disk_write
                0x08000c3c      0x108 ./Core/Src/fatfs_sd.o
                0x08000c3c                SD_disk_write
 .text.SD_disk_ioctl
                0x08000d44      0x25c ./Core/Src/fatfs_sd.o
                0x08000d44                SD_disk_ioctl
 .text.LCD_Init
                0x08000fa0      0x1f8 ./Core/Src/ili9341.o
                0x08000fa0                LCD_Init
 .text.LCD_CMD  0x08001198      0x14c ./Core/Src/ili9341.o
                0x08001198                LCD_CMD
 .text.LCD_DATA
                0x080012e4      0x14c ./Core/Src/ili9341.o
                0x080012e4                LCD_DATA
 .text.SetWindows
                0x08001430       0x80 ./Core/Src/ili9341.o
                0x08001430                SetWindows
 .text.LCD_Clear
                0x080014b0       0x88 ./Core/Src/ili9341.o
                0x080014b0                LCD_Clear
 .text.LCD_Print
                0x08001538      0x1d8 ./Core/Src/ili9341.o
                0x08001538                LCD_Print
 .text.LCD_Bitmap
                0x08001710       0xb4 ./Core/Src/ili9341.o
                0x08001710                LCD_Bitmap
 .text.PK_X     0x080017c4       0x1e ./Core/Src/main.o
 .text.CAR_X    0x080017e2       0x1a ./Core/Src/main.o
 .text.CAR_Y    0x080017fc       0x18 ./Core/Src/main.o
 .text.SEM_X    0x08001814       0x1a ./Core/Src/main.o
 .text.SEM_Y_UP_LABEL
                0x0800182e       0x10 ./Core/Src/main.o
 .text.SEM_Y_DOWN_LABEL
                0x0800183e       0x10 ./Core/Src/main.o
 .text.UI_Clear
                0x0800184e       0x1a ./Core/Src/main.o
 .text.UI_TextSmall
                0x08001868       0x2a ./Core/Src/main.o
 .text.UI_TextCenteredOffset
                0x08001892       0x56 ./Core/Src/main.o
 .text.UI_Bitmap
                0x080018e8       0x28 ./Core/Src/main.o
 .text.rd565HL  0x08001910       0x2c ./Core/Src/main.o
 .text.wr565HL  0x0800193c       0x2e ./Core/Src/main.o
 .text.Scale565_HL_to_HL
                0x0800196a       0xb4 ./Core/Src/main.o
 *fill*         0x08001a1e        0x2 
 .text.Assets_PrepareScaled
                0x08001a20       0x98 ./Core/Src/main.o
 .text.Compose_Car_Over_Slot
                0x08001ab8       0xc0 ./Core/Src/main.o
 .text.DrawSlotBase
                0x08001b78       0x40 ./Core/Src/main.o
 .text.DrawCarOverlay
                0x08001bb8       0x70 ./Core/Src/main.o
 .text.DrawSemLabel
                0x08001c28       0x60 ./Core/Src/main.o
 .text.DrawParqueoSlot_All
                0x08001c88       0x38 ./Core/Src/main.o
 .text.DrawPanelDigit
                0x08001cc0       0x74 ./Core/Src/main.o
 .text.bit_is_set
                0x08001d34       0x2e ./Core/Src/main.o
 *fill*         0x08001d62        0x2 
 .text.UI_RefreshDiff
                0x08001d64      0x118 ./Core/Src/main.o
 .text.I2C_WriteReg
                0x08001e7c       0x44 ./Core/Src/main.o
 .text.I2C_ReadReg
                0x08001ec0       0x40 ./Core/Src/main.o
 .text.read_pin
                0x08001f00       0x2a ./Core/Src/main.o
 .text.pack_P5P8
                0x08001f2a       0x52 ./Core/Src/main.o
 .text.ReadIR_P5P8
                0x08001f7c       0x84 ./Core/Src/main.o
 .text.main     0x08002000      0x158 ./Core/Src/main.o
                0x08002000                main
 .text.SystemClock_Config
                0x08002158       0xd8 ./Core/Src/main.o
                0x08002158                SystemClock_Config
 .text.MX_I2C1_Init
                0x08002230       0x5c ./Core/Src/main.o
 .text.MX_SPI1_Init
                0x0800228c       0x6c ./Core/Src/main.o
 .text.MX_TIM11_Init
                0x080022f8       0x48 ./Core/Src/main.o
 .text.MX_USART2_UART_Init
                0x08002340       0x54 ./Core/Src/main.o
 .text.MX_GPIO_Init
                0x08002394      0x130 ./Core/Src/main.o
 .text.Error_Handler
                0x080024c4        0xc ./Core/Src/main.o
                0x080024c4                Error_Handler
 .text.midi2hz  0x080024d0       0xa4 ./Core/Src/song_loop.o
 .text.sched_next
                0x08002574       0x80 ./Core/Src/song_loop.o
 .text.TIM1_UP_TIM10_IRQHandler
                0x080025f4      0x194 ./Core/Src/song_loop.o
                0x080025f4                TIM1_UP_TIM10_IRQHandler
 .text.HAL_MspInit
                0x08002788       0x50 ./Core/Src/stm32f4xx_hal_msp.o
                0x08002788                HAL_MspInit
 .text.HAL_I2C_MspInit
                0x080027d8       0xb0 ./Core/Src/stm32f4xx_hal_msp.o
                0x080027d8                HAL_I2C_MspInit
 .text.HAL_SPI_MspInit
                0x08002888       0x90 ./Core/Src/stm32f4xx_hal_msp.o
                0x08002888                HAL_SPI_MspInit
 .text.HAL_TIM_Base_MspInit
                0x08002918       0x50 ./Core/Src/stm32f4xx_hal_msp.o
                0x08002918                HAL_TIM_Base_MspInit
 .text.HAL_UART_MspInit
                0x08002968       0x90 ./Core/Src/stm32f4xx_hal_msp.o
                0x08002968                HAL_UART_MspInit
 .text.NMI_Handler
                0x080029f8        0x8 ./Core/Src/stm32f4xx_it.o
                0x080029f8                NMI_Handler
 .text.HardFault_Handler
                0x08002a00        0x8 ./Core/Src/stm32f4xx_it.o
                0x08002a00                HardFault_Handler
 .text.MemManage_Handler
                0x08002a08        0x8 ./Core/Src/stm32f4xx_it.o
                0x08002a08                MemManage_Handler
 .text.BusFault_Handler
                0x08002a10        0x8 ./Core/Src/stm32f4xx_it.o
                0x08002a10                BusFault_Handler
 .text.UsageFault_Handler
                0x08002a18        0x8 ./Core/Src/stm32f4xx_it.o
                0x08002a18                UsageFault_Handler
 .text.SVC_Handler
                0x08002a20        0xe ./Core/Src/stm32f4xx_it.o
                0x08002a20                SVC_Handler
 .text.DebugMon_Handler
                0x08002a2e        0xe ./Core/Src/stm32f4xx_it.o
                0x08002a2e                DebugMon_Handler
 .text.PendSV_Handler
                0x08002a3c        0xe ./Core/Src/stm32f4xx_it.o
                0x08002a3c                PendSV_Handler
 *fill*         0x08002a4a        0x2 
 .text.SysTick_Handler
                0x08002a4c       0x40 ./Core/Src/stm32f4xx_it.o
                0x08002a4c                SysTick_Handler
 .text.TIM1_TRG_COM_TIM11_IRQHandler
                0x08002a8c       0x14 ./Core/Src/stm32f4xx_it.o
                0x08002a8c                TIM1_TRG_COM_TIM11_IRQHandler
 .text.I2C1_EV_IRQHandler
                0x08002aa0       0x14 ./Core/Src/stm32f4xx_it.o
                0x08002aa0                I2C1_EV_IRQHandler
 .text.I2C1_ER_IRQHandler
                0x08002ab4       0x14 ./Core/Src/stm32f4xx_it.o
                0x08002ab4                I2C1_ER_IRQHandler
 .text.SystemInit
                0x08002ac8       0x24 ./Core/Src/system_stm32f4xx.o
                0x08002ac8                SystemInit
 .text.Reset_Handler
                0x08002aec       0x50 ./Core/Startup/startup_stm32f446retx.o
                0x08002aec                Reset_Handler
 .text.Default_Handler
                0x08002b3c        0x2 ./Core/Startup/startup_stm32f446retx.o
                0x08002b3c                RTC_Alarm_IRQHandler
                0x08002b3c                EXTI2_IRQHandler
                0x08002b3c                TIM8_CC_IRQHandler
                0x08002b3c                FMPI2C1_EV_IRQHandler
                0x08002b3c                SPI4_IRQHandler
                0x08002b3c                TIM1_CC_IRQHandler
                0x08002b3c                DMA2_Stream5_IRQHandler
                0x08002b3c                DMA1_Stream5_IRQHandler
                0x08002b3c                PVD_IRQHandler
                0x08002b3c                SDIO_IRQHandler
                0x08002b3c                TAMP_STAMP_IRQHandler
                0x08002b3c                CAN2_RX1_IRQHandler
                0x08002b3c                EXTI3_IRQHandler
                0x08002b3c                TIM8_TRG_COM_TIM14_IRQHandler
                0x08002b3c                TIM8_UP_TIM13_IRQHandler
                0x08002b3c                I2C3_ER_IRQHandler
                0x08002b3c                EXTI0_IRQHandler
                0x08002b3c                I2C2_EV_IRQHandler
                0x08002b3c                DMA1_Stream2_IRQHandler
                0x08002b3c                CAN1_RX0_IRQHandler
                0x08002b3c                FPU_IRQHandler
                0x08002b3c                OTG_HS_WKUP_IRQHandler
                0x08002b3c                CAN2_SCE_IRQHandler
                0x08002b3c                DMA2_Stream2_IRQHandler
                0x08002b3c                SPI1_IRQHandler
                0x08002b3c                TIM6_DAC_IRQHandler
                0x08002b3c                TIM1_BRK_TIM9_IRQHandler
                0x08002b3c                DCMI_IRQHandler
                0x08002b3c                CAN2_RX0_IRQHandler
                0x08002b3c                DMA2_Stream3_IRQHandler
                0x08002b3c                SAI2_IRQHandler
                0x08002b3c                USART6_IRQHandler
                0x08002b3c                USART3_IRQHandler
                0x08002b3c                CAN1_RX1_IRQHandler
                0x08002b3c                UART5_IRQHandler
                0x08002b3c                DMA2_Stream0_IRQHandler
                0x08002b3c                TIM4_IRQHandler
                0x08002b3c                QUADSPI_IRQHandler
                0x08002b3c                DMA1_Stream6_IRQHandler
                0x08002b3c                DMA1_Stream1_IRQHandler
                0x08002b3c                UART4_IRQHandler
                0x08002b3c                TIM3_IRQHandler
                0x08002b3c                RCC_IRQHandler
                0x08002b3c                TIM8_BRK_TIM12_IRQHandler
                0x08002b3c                Default_Handler
                0x08002b3c                CEC_IRQHandler
                0x08002b3c                EXTI15_10_IRQHandler
                0x08002b3c                ADC_IRQHandler
                0x08002b3c                DMA1_Stream7_IRQHandler
                0x08002b3c                TIM7_IRQHandler
                0x08002b3c                CAN2_TX_IRQHandler
                0x08002b3c                TIM5_IRQHandler
                0x08002b3c                DMA2_Stream7_IRQHandler
                0x08002b3c                I2C3_EV_IRQHandler
                0x08002b3c                EXTI9_5_IRQHandler
                0x08002b3c                RTC_WKUP_IRQHandler
                0x08002b3c                SPDIF_RX_IRQHandler
                0x08002b3c                SPI2_IRQHandler
                0x08002b3c                OTG_HS_EP1_IN_IRQHandler
                0x08002b3c                DMA1_Stream0_IRQHandler
                0x08002b3c                CAN1_TX_IRQHandler
                0x08002b3c                FMPI2C1_ER_IRQHandler
                0x08002b3c                EXTI4_IRQHandler
                0x08002b3c                OTG_HS_EP1_OUT_IRQHandler
                0x08002b3c                WWDG_IRQHandler
                0x08002b3c                TIM2_IRQHandler
                0x08002b3c                OTG_FS_WKUP_IRQHandler
                0x08002b3c                OTG_HS_IRQHandler
                0x08002b3c                EXTI1_IRQHandler
                0x08002b3c                USART2_IRQHandler
                0x08002b3c                I2C2_ER_IRQHandler
                0x08002b3c                DMA2_Stream1_IRQHandler
                0x08002b3c                CAN1_SCE_IRQHandler
                0x08002b3c                FLASH_IRQHandler
                0x08002b3c                DMA2_Stream4_IRQHandler
                0x08002b3c                USART1_IRQHandler
                0x08002b3c                OTG_FS_IRQHandler
                0x08002b3c                SPI3_IRQHandler
                0x08002b3c                DMA1_Stream4_IRQHandler
                0x08002b3c                FMC_IRQHandler
                0x08002b3c                DMA2_Stream6_IRQHandler
                0x08002b3c                SAI1_IRQHandler
                0x08002b3c                DMA1_Stream3_IRQHandler
 *fill*         0x08002b3e        0x2 
 .text.HAL_Init
                0x08002b40       0x44 ./Drivers/STM32F4xx_HAL_Driver/Src/stm32f4xx_hal.o
                0x08002b40                HAL_Init
 .text.HAL_InitTick
                0x08002b84       0x60 ./Drivers/STM32F4xx_HAL_Driver/Src/stm32f4xx_hal.o
                0x08002b84                HAL_InitTick
 .text.HAL_IncTick
                0x08002be4       0x28 ./Drivers/STM32F4xx_HAL_Driver/Src/stm32f4xx_hal.o
                0x08002be4                HAL_IncTick
 .text.HAL_GetTick
                0x08002c0c       0x18 ./Drivers/STM32F4xx_HAL_Driver/Src/stm32f4xx_hal.o
                0x08002c0c                HAL_GetTick
 .text.HAL_Delay
                0x08002c24       0x48 ./Drivers/STM32F4xx_HAL_Driver/Src/stm32f4xx_hal.o
                0x08002c24                HAL_Delay
 .text.__NVIC_SetPriorityGrouping
                0x08002c6c       0x48 ./Drivers/STM32F4xx_HAL_Driver/Src/stm32f4xx_hal_cortex.o
 .text.__NVIC_GetPriorityGrouping
                0x08002cb4       0x1c ./Drivers/STM32F4xx_HAL_Driver/Src/stm32f4xx_hal_cortex.o
 .text.__NVIC_EnableIRQ
                0x08002cd0       0x3c ./Drivers/STM32F4xx_HAL_Driver/Src/stm32f4xx_hal_cortex.o
 .text.__NVIC_SetPriority
                0x08002d0c       0x54 ./Drivers/STM32F4xx_HAL_Driver/Src/stm32f4xx_hal_cortex.o
 .text.NVIC_EncodePriority
                0x08002d60       0x66 ./Drivers/STM32F4xx_HAL_Driver/Src/stm32f4xx_hal_cortex.o
 *fill*         0x08002dc6        0x2 
 .text.SysTick_Config
                0x08002dc8       0x44 ./Drivers/STM32F4xx_HAL_Driver/Src/stm32f4xx_hal_cortex.o
 .text.HAL_NVIC_SetPriorityGrouping
                0x08002e0c       0x16 ./Drivers/STM32F4xx_HAL_Driver/Src/stm32f4xx_hal_cortex.o
                0x08002e0c                HAL_NVIC_SetPriorityGrouping
 .text.HAL_NVIC_SetPriority
                0x08002e22       0x38 ./Drivers/STM32F4xx_HAL_Driver/Src/stm32f4xx_hal_cortex.o
                0x08002e22                HAL_NVIC_SetPriority
 .text.HAL_NVIC_EnableIRQ
                0x08002e5a       0x1c ./Drivers/STM32F4xx_HAL_Driver/Src/stm32f4xx_hal_cortex.o
                0x08002e5a                HAL_NVIC_EnableIRQ
 .text.HAL_SYSTICK_Config
                0x08002e76       0x18 ./Drivers/STM32F4xx_HAL_Driver/Src/stm32f4xx_hal_cortex.o
                0x08002e76                HAL_SYSTICK_Config
 .text.HAL_SYSTICK_IRQHandler
                0x08002e8e        0xc ./Drivers/STM32F4xx_HAL_Driver/Src/stm32f4xx_hal_cortex.o
                0x08002e8e                HAL_SYSTICK_IRQHandler
 .text.HAL_SYSTICK_Callback
                0x08002e9a        0xe ./Drivers/STM32F4xx_HAL_Driver/Src/stm32f4xx_hal_cortex.o
                0x08002e9a                HAL_SYSTICK_Callback
 .text.HAL_DMA_Abort_IT
                0x08002ea8       0x44 ./Drivers/STM32F4xx_HAL_Driver/Src/stm32f4xx_hal_dma.o
                0x08002ea8                HAL_DMA_Abort_IT
 .text.HAL_DMA_GetState
                0x08002eec       0x1c ./Drivers/STM32F4xx_HAL_Driver/Src/stm32f4xx_hal_dma.o
                0x08002eec                HAL_DMA_GetState
 .text.HAL_GPIO_Init
                0x08002f08      0x328 ./Drivers/STM32F4xx_HAL_Driver/Src/stm32f4xx_hal_gpio.o
                0x08002f08                HAL_GPIO_Init
 .text.HAL_GPIO_ReadPin
                0x08003230       0x30 ./Drivers/STM32F4xx_HAL_Driver/Src/stm32f4xx_hal_gpio.o
                0x08003230                HAL_GPIO_ReadPin
 .text.HAL_GPIO_WritePin
                0x08003260       0x32 ./Drivers/STM32F4xx_HAL_Driver/Src/stm32f4xx_hal_gpio.o
                0x08003260                HAL_GPIO_WritePin
 *fill*         0x08003292        0x2 
 .text.HAL_I2C_Init
                0x08003294      0x288 ./Drivers/STM32F4xx_HAL_Driver/Src/stm32f4xx_hal_i2c.o
                0x08003294                HAL_I2C_Init
 .text.I2C_Flush_DR
                0x0800351c       0x2a ./Drivers/STM32F4xx_HAL_Driver/Src/stm32f4xx_hal_i2c.o
 *fill*         0x08003546        0x2 
 .text.HAL_I2C_Mem_Write
                0x08003548      0x1f4 ./Drivers/STM32F4xx_HAL_Driver/Src/stm32f4xx_hal_i2c.o
                0x08003548                HAL_I2C_Mem_Write
 .text.HAL_I2C_Mem_Read
                0x0800373c      0x464 ./Drivers/STM32F4xx_HAL_Driver/Src/stm32f4xx_hal_i2c.o
                0x0800373c                HAL_I2C_Mem_Read
 .text.HAL_I2C_EV_IRQHandler
                0x08003ba0      0x2e2 ./Drivers/STM32F4xx_HAL_Driver/Src/stm32f4xx_hal_i2c.o
                0x08003ba0                HAL_I2C_EV_IRQHandler
 .text.HAL_I2C_ER_IRQHandler
                0x08003e82      0x14e ./Drivers/STM32F4xx_HAL_Driver/Src/stm32f4xx_hal_i2c.o
                0x08003e82                HAL_I2C_ER_IRQHandler
 .text.HAL_I2C_MasterTxCpltCallback
                0x08003fd0       0x14 ./Drivers/STM32F4xx_HAL_Driver/Src/stm32f4xx_hal_i2c.o
                0x08003fd0                HAL_I2C_MasterTxCpltCallback
 .text.HAL_I2C_MasterRxCpltCallback
                0x08003fe4       0x14 ./Drivers/STM32F4xx_HAL_Driver/Src/stm32f4xx_hal_i2c.o
                0x08003fe4                HAL_I2C_MasterRxCpltCallback
 .text.HAL_I2C_SlaveTxCpltCallback
                0x08003ff8       0x14 ./Drivers/STM32F4xx_HAL_Driver/Src/stm32f4xx_hal_i2c.o
                0x08003ff8                HAL_I2C_SlaveTxCpltCallback
 .text.HAL_I2C_SlaveRxCpltCallback
                0x0800400c       0x14 ./Drivers/STM32F4xx_HAL_Driver/Src/stm32f4xx_hal_i2c.o
                0x0800400c                HAL_I2C_SlaveRxCpltCallback
 .text.HAL_I2C_AddrCallback
                0x08004020       0x1c ./Drivers/STM32F4xx_HAL_Driver/Src/stm32f4xx_hal_i2c.o
                0x08004020                HAL_I2C_AddrCallback
 .text.HAL_I2C_ListenCpltCallback
                0x0800403c       0x14 ./Drivers/STM32F4xx_HAL_Driver/Src/stm32f4xx_hal_i2c.o
                0x0800403c                HAL_I2C_ListenCpltCallback
 .text.HAL_I2C_MemTxCpltCallback
                0x08004050       0x14 ./Drivers/STM32F4xx_HAL_Driver/Src/stm32f4xx_hal_i2c.o
                0x08004050                HAL_I2C_MemTxCpltCallback
 .text.HAL_I2C_MemRxCpltCallback
                0x08004064       0x14 ./Drivers/STM32F4xx_HAL_Driver/Src/stm32f4xx_hal_i2c.o
                0x08004064                HAL_I2C_MemRxCpltCallback
 .text.HAL_I2C_ErrorCallback
                0x08004078       0x14 ./Drivers/STM32F4xx_HAL_Driver/Src/stm32f4xx_hal_i2c.o
                0x08004078                HAL_I2C_ErrorCallback
 .text.HAL_I2C_AbortCpltCallback
                0x0800408c       0x14 ./Drivers/STM32F4xx_HAL_Driver/Src/stm32f4xx_hal_i2c.o
                0x0800408c                HAL_I2C_AbortCpltCallback
 .text.I2C_MasterTransmit_TXE
                0x080040a0      0x138 ./Drivers/STM32F4xx_HAL_Driver/Src/stm32f4xx_hal_i2c.o
 .text.I2C_MasterTransmit_BTF
                0x080041d8       0xec ./Drivers/STM32F4xx_HAL_Driver/Src/stm32f4xx_hal_i2c.o
 .text.I2C_MemoryTransmit_TXE_BTF
                0x080042c4      0x130 ./Drivers/STM32F4xx_HAL_Driver/Src/stm32f4xx_hal_i2c.o
 .text.I2C_MasterReceive_RXNE
                0x080043f4      0x190 ./Drivers/STM32F4xx_HAL_Driver/Src/stm32f4xx_hal_i2c.o
 .text.I2C_MasterReceive_BTF
                0x08004584      0x1e2 ./Drivers/STM32F4xx_HAL_Driver/Src/stm32f4xx_hal_i2c.o
 .text.I2C_Master_SB
                0x08004766      0x10c ./Drivers/STM32F4xx_HAL_Driver/Src/stm32f4xx_hal_i2c.o
 .text.I2C_Master_ADD10
                0x08004872       0x54 ./Drivers/STM32F4xx_HAL_Driver/Src/stm32f4xx_hal_i2c.o
 .text.I2C_Master_ADDR
                0x080048c6      0x322 ./Drivers/STM32F4xx_HAL_Driver/Src/stm32f4xx_hal_i2c.o
 .text.I2C_SlaveTransmit_TXE
                0x08004be8       0x7a ./Drivers/STM32F4xx_HAL_Driver/Src/stm32f4xx_hal_i2c.o
 .text.I2C_SlaveTransmit_BTF
                0x08004c62       0x42 ./Drivers/STM32F4xx_HAL_Driver/Src/stm32f4xx_hal_i2c.o
 .text.I2C_SlaveReceive_RXNE
                0x08004ca4       0x7c ./Drivers/STM32F4xx_HAL_Driver/Src/stm32f4xx_hal_i2c.o
 .text.I2C_SlaveReceive_BTF
                0x08004d20       0x44 ./Drivers/STM32F4xx_HAL_Driver/Src/stm32f4xx_hal_i2c.o
 .text.I2C_Slave_ADDR
                0x08004d64       0x94 ./Drivers/STM32F4xx_HAL_Driver/Src/stm32f4xx_hal_i2c.o
 .text.I2C_Slave_STOPF
                0x08004df8      0x260 ./Drivers/STM32F4xx_HAL_Driver/Src/stm32f4xx_hal_i2c.o
 .text.I2C_Slave_AF
                0x08005058       0xe8 ./Drivers/STM32F4xx_HAL_Driver/Src/stm32f4xx_hal_i2c.o
 .text.I2C_ITError
                0x08005140      0x264 ./Drivers/STM32F4xx_HAL_Driver/Src/stm32f4xx_hal_i2c.o
 .text.I2C_RequestMemoryWrite
                0x080053a4      0x12c ./Drivers/STM32F4xx_HAL_Driver/Src/stm32f4xx_hal_i2c.o
 .text.I2C_RequestMemoryRead
                0x080054d0      0x1d0 ./Drivers/STM32F4xx_HAL_Driver/Src/stm32f4xx_hal_i2c.o
 .text.I2C_DMAAbort
                0x080056a0      0x150 ./Drivers/STM32F4xx_HAL_Driver/Src/stm32f4xx_hal_i2c.o
 .text.I2C_WaitOnFlagUntilTimeout
                0x080057f0       0xf4 ./Drivers/STM32F4xx_HAL_Driver/Src/stm32f4xx_hal_i2c.o
 .text.I2C_WaitOnMasterAddressFlagUntilTimeout
                0x080058e4      0x140 ./Drivers/STM32F4xx_HAL_Driver/Src/stm32f4xx_hal_i2c.o
 .text.I2C_WaitOnTXEFlagUntilTimeout
                0x08005a24       0x90 ./Drivers/STM32F4xx_HAL_Driver/Src/stm32f4xx_hal_i2c.o
 .text.I2C_WaitOnBTFFlagUntilTimeout
                0x08005ab4       0x90 ./Drivers/STM32F4xx_HAL_Driver/Src/stm32f4xx_hal_i2c.o
 .text.I2C_WaitOnSTOPRequestThroughIT
                0x08005b44       0x64 ./Drivers/STM32F4xx_HAL_Driver/Src/stm32f4xx_hal_i2c.o
 .text.I2C_WaitOnRXNEFlagUntilTimeout
                0x08005ba8       0xba ./Drivers/STM32F4xx_HAL_Driver/Src/stm32f4xx_hal_i2c.o
 .text.I2C_IsAcknowledgeFailed
                0x08005c62       0x5e ./Drivers/STM32F4xx_HAL_Driver/Src/stm32f4xx_hal_i2c.o
 .text.I2C_ConvertOtherXferOptions
                0x08005cc0       0x36 ./Drivers/STM32F4xx_HAL_Driver/Src/stm32f4xx_hal_i2c.o
 *fill*         0x08005cf6        0x2 
 .text.HAL_RCC_ClockConfig
                0x08005cf8      0x1cc ./Drivers/STM32F4xx_HAL_Driver/Src/stm32f4xx_hal_rcc.o
                0x08005cf8                HAL_RCC_ClockConfig
 .text.HAL_RCC_GetHCLKFreq
                0x08005ec4       0x18 ./Drivers/STM32F4xx_HAL_Driver/Src/stm32f4xx_hal_rcc.o
                0x08005ec4                HAL_RCC_GetHCLKFreq
 .text.HAL_RCC_GetPCLK1Freq
                0x08005edc       0x28 ./Drivers/STM32F4xx_HAL_Driver/Src/stm32f4xx_hal_rcc.o
                0x08005edc                HAL_RCC_GetPCLK1Freq
 .text.HAL_RCC_GetPCLK2Freq
                0x08005f04       0x28 ./Drivers/STM32F4xx_HAL_Driver/Src/stm32f4xx_hal_rcc.o
                0x08005f04                HAL_RCC_GetPCLK2Freq
 .text.HAL_RCC_GetSysClockFreq
                0x08005f2c      0x354 ./Drivers/STM32F4xx_HAL_Driver/Src/stm32f4xx_hal_rcc_ex.o
                0x08005f2c                HAL_RCC_GetSysClockFreq
 .text.HAL_RCC_OscConfig
                0x08006280      0x53c ./Drivers/STM32F4xx_HAL_Driver/Src/stm32f4xx_hal_rcc_ex.o
                0x08006280                HAL_RCC_OscConfig
 .text.HAL_SPI_Init
                0x080067bc      0x112 ./Drivers/STM32F4xx_HAL_Driver/Src/stm32f4xx_hal_spi.o
                0x080067bc                HAL_SPI_Init
 .text.HAL_SPI_Transmit
                0x080068ce      0x288 ./Drivers/STM32F4xx_HAL_Driver/Src/stm32f4xx_hal_spi.o
                0x080068ce                HAL_SPI_Transmit
 .text.HAL_SPI_TransmitReceive
                0x08006b56      0x352 ./Drivers/STM32F4xx_HAL_Driver/Src/stm32f4xx_hal_spi.o
                0x08006b56                HAL_SPI_TransmitReceive
 .text.SPI_WaitFlagStateUntilTimeout
                0x08006ea8      0x110 ./Drivers/STM32F4xx_HAL_Driver/Src/stm32f4xx_hal_spi.o
 .text.SPI_EndRxTxTransaction
                0x08006fb8       0xa8 ./Drivers/STM32F4xx_HAL_Driver/Src/stm32f4xx_hal_spi.o
 .text.HAL_TIM_Base_Init
                0x08007060       0x9e ./Drivers/STM32F4xx_HAL_Driver/Src/stm32f4xx_hal_tim.o
                0x08007060                HAL_TIM_Base_Init
 *fill*         0x080070fe        0x2 
 .text.HAL_TIM_Base_Start_IT
                0x08007100       0xe0 ./Drivers/STM32F4xx_HAL_Driver/Src/stm32f4xx_hal_tim.o
                0x08007100                HAL_TIM_Base_Start_IT
 .text.HAL_TIM_Base_Stop_IT
                0x080071e0       0x5e ./Drivers/STM32F4xx_HAL_Driver/Src/stm32f4xx_hal_tim.o
                0x080071e0                HAL_TIM_Base_Stop_IT
 .text.HAL_TIM_IRQHandler
                0x0800723e      0x1e0 ./Drivers/STM32F4xx_HAL_Driver/Src/stm32f4xx_hal_tim.o
                0x0800723e                HAL_TIM_IRQHandler
 .text.HAL_TIM_PeriodElapsedCallback
                0x0800741e       0x14 ./Drivers/STM32F4xx_HAL_Driver/Src/stm32f4xx_hal_tim.o
                0x0800741e                HAL_TIM_PeriodElapsedCallback
 .text.HAL_TIM_OC_DelayElapsedCallback
                0x08007432       0x14 ./Drivers/STM32F4xx_HAL_Driver/Src/stm32f4xx_hal_tim.o
                0x08007432                HAL_TIM_OC_DelayElapsedCallback
 .text.HAL_TIM_IC_CaptureCallback
                0x08007446       0x14 ./Drivers/STM32F4xx_HAL_Driver/Src/stm32f4xx_hal_tim.o
                0x08007446                HAL_TIM_IC_CaptureCallback
 .text.HAL_TIM_PWM_PulseFinishedCallback
                0x0800745a       0x14 ./Drivers/STM32F4xx_HAL_Driver/Src/stm32f4xx_hal_tim.o
                0x0800745a                HAL_TIM_PWM_PulseFinishedCallback
 .text.HAL_TIM_TriggerCallback
                0x0800746e       0x14 ./Drivers/STM32F4xx_HAL_Driver/Src/stm32f4xx_hal_tim.o
                0x0800746e                HAL_TIM_TriggerCallback
 *fill*         0x08007482        0x2 
 .text.TIM_Base_SetConfig
                0x08007484      0x14c ./Drivers/STM32F4xx_HAL_Driver/Src/stm32f4xx_hal_tim.o
                0x08007484                TIM_Base_SetConfig
 .text.HAL_TIMEx_CommutCallback
                0x080075d0       0x14 ./Drivers/STM32F4xx_HAL_Driver/Src/stm32f4xx_hal_tim_ex.o
                0x080075d0                HAL_TIMEx_CommutCallback
 .text.HAL_TIMEx_BreakCallback
                0x080075e4       0x14 ./Drivers/STM32F4xx_HAL_Driver/Src/stm32f4xx_hal_tim_ex.o
                0x080075e4                HAL_TIMEx_BreakCallback
 .text.HAL_UART_Init
                0x080075f8       0xa0 ./Drivers/STM32F4xx_HAL_Driver/Src/stm32f4xx_hal_uart.o
                0x080075f8                HAL_UART_Init
 .text.UART_SetConfig
                0x08007698      0x4e8 ./Drivers/STM32F4xx_HAL_Driver/Src/stm32f4xx_hal_uart.o
 .text.MX_FATFS_Init
                0x08007b80       0x24 ./FATFS/App/fatfs.o
                0x08007b80                MX_FATFS_Init
 .text.USER_initialize
                0x08007ba4       0x1c ./FATFS/Target/user_diskio.o
                0x08007ba4                USER_initialize
 .text.USER_status
                0x08007bc0       0x1c ./FATFS/Target/user_diskio.o
                0x08007bc0                USER_status
 .text.USER_read
                0x08007bdc       0x26 ./FATFS/Target/user_diskio.o
                0x08007bdc                USER_read
 .text.USER_write
                0x08007c02       0x26 ./FATFS/Target/user_diskio.o
                0x08007c02                USER_write
 .text.USER_ioctl
                0x08007c28       0x26 ./FATFS/Target/user_diskio.o
                0x08007c28                USER_ioctl
 *fill*         0x08007c4e        0x2 
 .text.FATFS_LinkDriverEx
                0x08007c50       0x98 ./Middlewares/Third_Party/FatFs/src/ff_gen_drv.o
                0x08007c50                FATFS_LinkDriverEx
 .text.FATFS_LinkDriver
                0x08007ce8       0x1e ./Middlewares/Third_Party/FatFs/src/ff_gen_drv.o
                0x08007ce8                FATFS_LinkDriver
 .text.memset   0x08007d06       0x10 C:/ST/STM32CubeIDE_1.19.0/STM32CubeIDE/plugins/com.st.stm32cube.ide.mcu.externaltools.gnu-tools-for-stm32.13.3.rel1.win32_1.0.0.202411081344/tools/bin/../lib/gcc/arm-none-eabi/13.3.1/../../../../arm-none-eabi/lib/thumb/v7e-m+fp/hard\libc_nano.a(libc_a-memset.o)
                0x08007d06                memset
 *fill*         0x08007d16        0x2 
 .text.__errno  0x08007d18        0xc C:/ST/STM32CubeIDE_1.19.0/STM32CubeIDE/plugins/com.st.stm32cube.ide.mcu.externaltools.gnu-tools-for-stm32.13.3.rel1.win32_1.0.0.202411081344/tools/bin/../lib/gcc/arm-none-eabi/13.3.1/../../../../arm-none-eabi/lib/thumb/v7e-m+fp/hard\libc_nano.a(libc_a-errno.o)
                0x08007d18                __errno
 .text.__libc_init_array
                0x08007d24       0x48 C:/ST/STM32CubeIDE_1.19.0/STM32CubeIDE/plugins/com.st.stm32cube.ide.mcu.externaltools.gnu-tools-for-stm32.13.3.rel1.win32_1.0.0.202411081344/tools/bin/../lib/gcc/arm-none-eabi/13.3.1/../../../../arm-none-eabi/lib/thumb/v7e-m+fp/hard\libc_nano.a(libc_a-init.o)
                0x08007d24                __libc_init_array
 .text.powf     0x08007d6c       0xae C:/ST/STM32CubeIDE_1.19.0/STM32CubeIDE/plugins/com.st.stm32cube.ide.mcu.externaltools.gnu-tools-for-stm32.13.3.rel1.win32_1.0.0.202411081344/tools/bin/../lib/gcc/arm-none-eabi/13.3.1/../../../../arm-none-eabi/lib/thumb/v7e-m+fp/hard\libm.a(libm_a-wf_pow.o)
                0x08007d6c                powf
 .text.finitef  0x08007e1a       0x14 C:/ST/STM32CubeIDE_1.19.0/STM32CubeIDE/plugins/com.st.stm32cube.ide.mcu.externaltools.gnu-tools-for-stm32.13.3.rel1.win32_1.0.0.202411081344/tools/bin/../lib/gcc/arm-none-eabi/13.3.1/../../../../arm-none-eabi/lib/thumb/v7e-m+fp/hard\libm.a(libm_a-sf_finite.o)
                0x08007e1a                finitef
 *fill*         0x08007e2e        0x2 
 .text.__ieee754_powf
                0x08007e30      0x59c C:/ST/STM32CubeIDE_1.19.0/STM32CubeIDE/plugins/com.st.stm32cube.ide.mcu.externaltools.gnu-tools-for-stm32.13.3.rel1.win32_1.0.0.202411081344/tools/bin/../lib/gcc/arm-none-eabi/13.3.1/../../../../arm-none-eabi/lib/thumb/v7e-m+fp/hard\libm.a(libm_a-ef_pow.o)
                0x08007e30                __ieee754_powf
 .text.fabsf    0x080083cc        0xe C:/ST/STM32CubeIDE_1.19.0/STM32CubeIDE/plugins/com.st.stm32cube.ide.mcu.externaltools.gnu-tools-for-stm32.13.3.rel1.win32_1.0.0.202411081344/tools/bin/../lib/gcc/arm-none-eabi/13.3.1/../../../../arm-none-eabi/lib/thumb/v7e-m+fp/hard\libm.a(libm_a-sf_fabs.o)
                0x080083cc                fabsf
 *fill*         0x080083da        0x2 
 .text.scalbnf  0x080083dc       0xcc C:/ST/STM32CubeIDE_1.19.0/STM32CubeIDE/plugins/com.st.stm32cube.ide.mcu.externaltools.gnu-tools-for-stm32.13.3.rel1.win32_1.0.0.202411081344/tools/bin/../lib/gcc/arm-none-eabi/13.3.1/../../../../arm-none-eabi/lib/thumb/v7e-m+fp/hard\libm.a(libm_a-sf_scalbn.o)
                0x080083dc                scalbnf
 .text.with_errnof
                0x080084a8       0x1c C:/ST/STM32CubeIDE_1.19.0/STM32CubeIDE/plugins/com.st.stm32cube.ide.mcu.externaltools.gnu-tools-for-stm32.13.3.rel1.win32_1.0.0.202411081344/tools/bin/../lib/gcc/arm-none-eabi/13.3.1/../../../../arm-none-eabi/lib/thumb/v7e-m+fp/hard\libm.a(libm_a-math_errf.o)
 .text.xflowf   0x080084c4       0x16 C:/ST/STM32CubeIDE_1.19.0/STM32CubeIDE/plugins/com.st.stm32cube.ide.mcu.externaltools.gnu-tools-for-stm32.13.3.rel1.win32_1.0.0.202411081344/tools/bin/../lib/gcc/arm-none-eabi/13.3.1/../../../../arm-none-eabi/lib/thumb/v7e-m+fp/hard\libm.a(libm_a-math_errf.o)
 *fill*         0x080084da        0x2 
 .text.__math_uflowf
                0x080084dc        0xc C:/ST/STM32CubeIDE_1.19.0/STM32CubeIDE/plugins/com.st.stm32cube.ide.mcu.externaltools.gnu-tools-for-stm32.13.3.rel1.win32_1.0.0.202411081344/tools/bin/../lib/gcc/arm-none-eabi/13.3.1/../../../../arm-none-eabi/lib/thumb/v7e-m+fp/hard\libm.a(libm_a-math_errf.o)
                0x080084dc                __math_uflowf
 .text.__math_oflowf
                0x080084e8        0xc C:/ST/STM32CubeIDE_1.19.0/STM32CubeIDE/plugins/com.st.stm32cube.ide.mcu.externaltools.gnu-tools-for-stm32.13.3.rel1.win32_1.0.0.202411081344/tools/bin/../lib/gcc/arm-none-eabi/13.3.1/../../../../arm-none-eabi/lib/thumb/v7e-m+fp/hard\libm.a(libm_a-math_errf.o)
                0x080084e8                __math_oflowf
 .text.__ieee754_sqrtf
                0x080084f4        0x6 C:/ST/STM32CubeIDE_1.19.0/STM32CubeIDE/plugins/com.st.stm32cube.ide.mcu.externaltools.gnu-tools-for-stm32.13.3.rel1.win32_1.0.0.202411081344/tools/bin/../lib/gcc/arm-none-eabi/13.3.1/../../../../arm-none-eabi/lib/thumb/v7e-m+fp/hard\libm.a(libm_a-ef_sqrt.o)
                0x080084f4                __ieee754_sqrtf
 *(.glue_7)
 .glue_7        0x080084fa        0x0 linker stubs
 *(.glue_7t)
 .glue_7t       0x080084fa        0x0 linker stubs
 *(.eh_frame)
 *fill*         0x080084fa        0x2 
 .eh_frame      0x080084fc        0x0 C:/ST/STM32CubeIDE_1.19.0/STM32CubeIDE/plugins/com.st.stm32cube.ide.mcu.externaltools.gnu-tools-for-stm32.13.3.rel1.win32_1.0.0.202411081344/tools/bin/../lib/gcc/arm-none-eabi/13.3.1/thumb/v7e-m+fp/hard/crtbegin.o
 *(.init)
 .init          0x080084fc        0x4 C:/ST/STM32CubeIDE_1.19.0/STM32CubeIDE/plugins/com.st.stm32cube.ide.mcu.externaltools.gnu-tools-for-stm32.13.3.rel1.win32_1.0.0.202411081344/tools/bin/../lib/gcc/arm-none-eabi/13.3.1/thumb/v7e-m+fp/hard/crti.o
                0x080084fc                _init
 .init          0x08008500        0x8 C:/ST/STM32CubeIDE_1.19.0/STM32CubeIDE/plugins/com.st.stm32cube.ide.mcu.externaltools.gnu-tools-for-stm32.13.3.rel1.win32_1.0.0.202411081344/tools/bin/../lib/gcc/arm-none-eabi/13.3.1/thumb/v7e-m+fp/hard/crtn.o
 *(.fini)
 .fini          0x08008508        0x4 C:/ST/STM32CubeIDE_1.19.0/STM32CubeIDE/plugins/com.st.stm32cube.ide.mcu.externaltools.gnu-tools-for-stm32.13.3.rel1.win32_1.0.0.202411081344/tools/bin/../lib/gcc/arm-none-eabi/13.3.1/thumb/v7e-m+fp/hard/crti.o
                0x08008508                _fini
 .fini          0x0800850c        0x8 C:/ST/STM32CubeIDE_1.19.0/STM32CubeIDE/plugins/com.st.stm32cube.ide.mcu.externaltools.gnu-tools-for-stm32.13.3.rel1.win32_1.0.0.202411081344/tools/bin/../lib/gcc/arm-none-eabi/13.3.1/thumb/v7e-m+fp/hard/crtn.o
                0x08008514                        . = ALIGN (0x4)
                0x08008514                        _etext = .

.vfp11_veneer   0x08008514        0x0
 .vfp11_veneer  0x08008514        0x0 linker stubs

.v4_bx          0x08008514        0x0
 .v4_bx         0x08008514        0x0 linker stubs

.iplt           0x08008514        0x0
 .iplt          0x08008514        0x0 C:/ST/STM32CubeIDE_1.19.0/STM32CubeIDE/plugins/com.st.stm32cube.ide.mcu.externaltools.gnu-tools-for-stm32.13.3.rel1.win32_1.0.0.202411081344/tools/bin/../lib/gcc/arm-none-eabi/13.3.1/thumb/v7e-m+fp/hard/crtbegin.o

.rodata         0x08008514    0x25cf8
                0x08008514                        . = ALIGN (0x4)
 *(.rodata)
 .rodata        0x08008514       0x26 ./Core/Src/main.o
 *(.rodata*)
 *fill*         0x0800853a        0x2 
 .rodata.ParqueoArriba_map
                0x0800853c     0x3138 ./Core/Src/bitmaps.o
                0x0800853c                ParqueoArriba_map
 .rodata.ParqueoABAJO_map
                0x0800b674     0x3138 ./Core/Src/bitmaps.o
                0x0800b674                ParqueoABAJO_map
 .rodata.Carroparqueo_map
                0x0800e7ac     0x1ee8 ./Core/Src/bitmaps.o
                0x0800e7ac                Carroparqueo_map
 .rodata.SemaforoVERDE_map
                0x08010694      0x640 ./Core/Src/bitmaps.o
                0x08010694                SemaforoVERDE_map
 .rodata.SemaforoROJO_map
                0x08010cd4      0x640 ./Core/Src/bitmaps.o
                0x08010cd4                SemaforoROJO_map
 .rodata.Dp_0_map
                0x08011314     0x2dc0 ./Core/Src/bitmaps.o
                0x08011314                Dp_0_map
 .rodata.Dp_1_map
                0x080140d4     0x2d00 ./Core/Src/bitmaps.o
                0x080140d4                Dp_1_map
 .rodata.Dp_2_map
                0x08016dd4     0x2b80 ./Core/Src/bitmaps.o
                0x08016dd4                Dp_2_map
 .rodata.Dp_3_map
                0x08019954     0x2c40 ./Core/Src/bitmaps.o
                0x08019954                Dp_3_map
 .rodata.Dp_4_map
                0x0801c594     0x2d00 ./Core/Src/bitmaps.o
                0x0801c594                Dp_4_map
 .rodata.Dp_5_map
                0x0801f294     0x2dc0 ./Core/Src/bitmaps.o
                0x0801f294                Dp_5_map
 .rodata.Dp_6_map
                0x08022054     0x2d00 ./Core/Src/bitmaps.o
                0x08022054                Dp_6_map
 .rodata.Dp_7_map
                0x08024d54     0x2b80 ./Core/Src/bitmaps.o
                0x08024d54                Dp_7_map
 .rodata.Dp_8_map
                0x080278d4     0x2b80 ./Core/Src/bitmaps.o
                0x080278d4                Dp_8_map
 .rodata.Dp_9_map
                0x0802a454     0x2d00 ./Core/Src/bitmaps.o
                0x0802a454                Dp_9_map
 .rodata.DIGITS_MAP
                0x0802d154       0x28 ./Core/Src/bitmaps.o
                0x0802d154                DIGITS_MAP
 .rodata.smallFont
                0x0802d17c      0x474 ./Core/Src/font.o
                0x0802d17c                smallFont
 .rodata.bigFont
                0x0802d5f0      0xbe0 ./Core/Src/font.o
                0x0802d5f0                bigFont
 .rodata.DIG_W  0x0802e1d0        0xa ./Core/Src/main.o
 *fill*         0x0802e1da        0x2 
 .rodata.AHBPrescTable
                0x0802e1dc       0x10 ./Core/Src/system_stm32f4xx.o
                0x0802e1dc                AHBPrescTable
 .rodata.APBPrescTable
                0x0802e1ec        0x8 ./Core/Src/system_stm32f4xx.o
                0x0802e1ec                APBPrescTable
 .rodata.dp_l   0x0802e1f4        0x8 C:/ST/STM32CubeIDE_1.19.0/STM32CubeIDE/plugins/com.st.stm32cube.ide.mcu.externaltools.gnu-tools-for-stm32.13.3.rel1.win32_1.0.0.202411081344/tools/bin/../lib/gcc/arm-none-eabi/13.3.1/../../../../arm-none-eabi/lib/thumb/v7e-m+fp/hard\libm.a(libm_a-ef_pow.o)
 .rodata.dp_h   0x0802e1fc        0x8 C:/ST/STM32CubeIDE_1.19.0/STM32CubeIDE/plugins/com.st.stm32cube.ide.mcu.externaltools.gnu-tools-for-stm32.13.3.rel1.win32_1.0.0.202411081344/tools/bin/../lib/gcc/arm-none-eabi/13.3.1/../../../../arm-none-eabi/lib/thumb/v7e-m+fp/hard\libm.a(libm_a-ef_pow.o)
 .rodata.bp     0x0802e204        0x8 C:/ST/STM32CubeIDE_1.19.0/STM32CubeIDE/plugins/com.st.stm32cube.ide.mcu.externaltools.gnu-tools-for-stm32.13.3.rel1.win32_1.0.0.202411081344/tools/bin/../lib/gcc/arm-none-eabi/13.3.1/../../../../arm-none-eabi/lib/thumb/v7e-m+fp/hard\libm.a(libm_a-ef_pow.o)
                0x0802e20c                        . = ALIGN (0x4)

.ARM.extab      0x0802e20c        0x0
                0x0802e20c                        . = ALIGN (0x4)
 *(.ARM.extab* .gnu.linkonce.armextab.*)
                0x0802e20c                        . = ALIGN (0x4)

.ARM            0x0802e20c        0x8
                0x0802e20c                        . = ALIGN (0x4)
                0x0802e20c                        __exidx_start = .
 *(.ARM.exidx*)
 .ARM.exidx     0x0802e20c        0x8 C:/ST/STM32CubeIDE_1.19.0/STM32CubeIDE/plugins/com.st.stm32cube.ide.mcu.externaltools.gnu-tools-for-stm32.13.3.rel1.win32_1.0.0.202411081344/tools/bin/../lib/gcc/arm-none-eabi/13.3.1/../../../../arm-none-eabi/lib/thumb/v7e-m+fp/hard\libc_nano.a(libc_a-strlen.o)
 .ARM.exidx     0x0802e214        0x0 C:/ST/STM32CubeIDE_1.19.0/STM32CubeIDE/plugins/com.st.stm32cube.ide.mcu.externaltools.gnu-tools-for-stm32.13.3.rel1.win32_1.0.0.202411081344/tools/bin/../lib/gcc/arm-none-eabi/13.3.1/thumb/v7e-m+fp/hard\libgcc.a(_udivmoddi4.o)
                                  0x8 (size before relaxing)
                0x0802e214                        __exidx_end = .
                0x0802e214                        . = ALIGN (0x4)

.preinit_array  0x0802e214        0x0
                0x0802e214                        . = ALIGN (0x4)
                0x0802e214                        PROVIDE (__preinit_array_start = .)
 *(.preinit_array*)
                0x0802e214                        PROVIDE (__preinit_array_end = .)
                0x0802e214                        . = ALIGN (0x4)

.init_array     0x0802e214        0x4
                0x0802e214                        . = ALIGN (0x4)
                0x0802e214                        PROVIDE (__init_array_start = .)
 *(SORT_BY_NAME(.init_array.*))
 *(.init_array*)
 .init_array    0x0802e214        0x4 C:/ST/STM32CubeIDE_1.19.0/STM32CubeIDE/plugins/com.st.stm32cube.ide.mcu.externaltools.gnu-tools-for-stm32.13.3.rel1.win32_1.0.0.202411081344/tools/bin/../lib/gcc/arm-none-eabi/13.3.1/thumb/v7e-m+fp/hard/crtbegin.o
                0x0802e218                        PROVIDE (__init_array_end = .)
                0x0802e218                        . = ALIGN (0x4)

.fini_array     0x0802e218        0x4
                0x0802e218                        . = ALIGN (0x4)
                [!provide]                        PROVIDE (__fini_array_start = .)
 *(SORT_BY_NAME(.fini_array.*))
 *(.fini_array*)
 .fini_array    0x0802e218        0x4 C:/ST/STM32CubeIDE_1.19.0/STM32CubeIDE/plugins/com.st.stm32cube.ide.mcu.externaltools.gnu-tools-for-stm32.13.3.rel1.win32_1.0.0.202411081344/tools/bin/../lib/gcc/arm-none-eabi/13.3.1/thumb/v7e-m+fp/hard/crtbegin.o
                [!provide]                        PROVIDE (__fini_array_end = .)
                0x0802e21c                        . = ALIGN (0x4)
                0x0802e21c                        _sidata = LOADADDR (.data)

.rel.dyn        0x0802e21c        0x0
 .rel.iplt      0x0802e21c        0x0 C:/ST/STM32CubeIDE_1.19.0/STM32CubeIDE/plugins/com.st.stm32cube.ide.mcu.externaltools.gnu-tools-for-stm32.13.3.rel1.win32_1.0.0.202411081344/tools/bin/../lib/gcc/arm-none-eabi/13.3.1/thumb/v7e-m+fp/hard/crtbegin.o

.data           0x20000000       0x9c load address 0x0802e21c
                0x20000000                        . = ALIGN (0x4)
                0x20000000                        _sdata = .
 *(.data)
 *(.data*)
 .data.Stat     0x20000000        0x1 ./Core/Src/fatfs_sd.o
 *fill*         0x20000001        0x3 
 .data.PK_UP    0x20000004        0x4 ./Core/Src/main.o
 .data.PK_DN    0x20000008        0x4 ./Core/Src/main.o
 .data.CAR      0x2000000c        0x4 ./Core/Src/main.o
 .data.SEM_R    0x20000010        0x4 ./Core/Src/main.o
 .data.SEM_V    0x20000014        0x4 ./Core/Src/main.o
 .data.prev_up_bits
                0x20000018        0x1 ./Core/Src/main.o
 .data.prev_dn_bits
                0x20000019        0x1 ./Core/Src/main.o
 .data.prev_disp
                0x2000001a        0x1 ./Core/Src/main.o
 .data.dn_prev_sent.0
                0x2000001b        0x1 ./Core/Src/main.o
 .data.s_speed_x
                0x2000001c        0x4 ./Core/Src/song_loop.o
 .data.s_tick_ms
                0x20000020        0x4 ./Core/Src/song_loop.o
 .data.s_arr_tick
                0x20000024        0x4 ./Core/Src/song_loop.o
 .data.s_arr_loop
                0x20000028        0x4 ./Core/Src/song_loop.o
 .data.SystemCoreClock
                0x2000002c        0x4 ./Core/Src/system_stm32f4xx.o
                0x2000002c                SystemCoreClock
 .data.uwTickPrio
                0x20000030        0x4 ./Drivers/STM32F4xx_HAL_Driver/Src/stm32f4xx_hal.o
                0x20000030                uwTickPrio
 .data.uwTickFreq
                0x20000034        0x1 ./Drivers/STM32F4xx_HAL_Driver/Src/stm32f4xx_hal.o
                0x20000034                uwTickFreq
 *fill*         0x20000035        0x3 
 .data.USER_Driver
                0x20000038       0x14 ./FATFS/Target/user_diskio.o
                0x20000038                USER_Driver
 .data._impure_ptr
                0x2000004c        0x4 C:/ST/STM32CubeIDE_1.19.0/STM32CubeIDE/plugins/com.st.stm32cube.ide.mcu.externaltools.gnu-tools-for-stm32.13.3.rel1.win32_1.0.0.202411081344/tools/bin/../lib/gcc/arm-none-eabi/13.3.1/../../../../arm-none-eabi/lib/thumb/v7e-m+fp/hard\libc_nano.a(libc_a-impure.o)
                0x2000004c                _impure_ptr
 .data._impure_data
                0x20000050       0x4c C:/ST/STM32CubeIDE_1.19.0/STM32CubeIDE/plugins/com.st.stm32cube.ide.mcu.externaltools.gnu-tools-for-stm32.13.3.rel1.win32_1.0.0.202411081344/tools/bin/../lib/gcc/arm-none-eabi/13.3.1/../../../../arm-none-eabi/lib/thumb/v7e-m+fp/hard\libc_nano.a(libc_a-impure.o)
                0x20000050                _impure_data
 *(.RamFunc)
 *(.RamFunc*)
                0x2000009c                        . = ALIGN (0x4)
                0x2000009c                        _edata = .

.igot.plt       0x2000009c        0x0 load address 0x0802e2b8
 .igot.plt      0x2000009c        0x0 C:/ST/STM32CubeIDE_1.19.0/STM32CubeIDE/plugins/com.st.stm32cube.ide.mcu.externaltools.gnu-tools-for-stm32.13.3.rel1.win32_1.0.0.202411081344/tools/bin/../lib/gcc/arm-none-eabi/13.3.1/thumb/v7e-m+fp/hard/crtbegin.o
                0x2000009c                        . = ALIGN (0x4)

.bss            0x2000009c     0x81cc load address 0x0802e2b8
                0x2000009c                        _sbss = .
                0x2000009c                        __bss_start__ = _sbss
 *(.bss)
 .bss           0x2000009c       0x1c C:/ST/STM32CubeIDE_1.19.0/STM32CubeIDE/plugins/com.st.stm32cube.ide.mcu.externaltools.gnu-tools-for-stm32.13.3.rel1.win32_1.0.0.202411081344/tools/bin/../lib/gcc/arm-none-eabi/13.3.1/thumb/v7e-m+fp/hard/crtbegin.o
 *(.bss*)
 .bss.s_pwm     0x200000b8        0x4 ./Core/Src/audio_pwm.o
 .bss.Timer1    0x200000bc        0x2 ./Core/Src/fatfs_sd.o
                0x200000bc                Timer1
 .bss.Timer2    0x200000be        0x2 ./Core/Src/fatfs_sd.o
                0x200000be                Timer2
 .bss.CardType  0x200000c0        0x1 ./Core/Src/fatfs_sd.o
 .bss.PowerFlag
                0x200000c1        0x1 ./Core/Src/fatfs_sd.o
 *fill*         0x200000c2        0x2 
 .bss.hi2c1     0x200000c4       0x54 ./Core/Src/main.o
                0x200000c4                hi2c1
 .bss.hspi1     0x20000118       0x58 ./Core/Src/main.o
                0x20000118                hspi1
 .bss.htim11    0x20000170       0x48 ./Core/Src/main.o
                0x20000170                htim11
 .bss.huart2    0x200001b8       0x48 ./Core/Src/main.o
                0x200001b8                huart2
 .bss.g_pk_up   0x20000200     0x1f40 ./Core/Src/main.o
 .bss.g_pk_dn   0x20002140     0x1f40 ./Core/Src/main.o
 .bss.g_car     0x20004080      0xb2c ./Core/Src/main.o
 .bss.g_semR    0x20004bac      0x510 ./Core/Src/main.o
 .bss.g_semV    0x200050bc      0x510 ./Core/Src/main.o
 .bss.g_car_comp
                0x200055cc      0xb2c ./Core/Src/main.o
 .bss.last_scan_ms
                0x200060f8        0x4 ./Core/Src/main.o
 .bss.pk_up_bits
                0x200060fc        0x1 ./Core/Src/main.o
 .bss.pk_dn_bits
                0x200060fd        0x1 ./Core/Src/main.o
 *fill*         0x200060fe        0x2 
 .bss.s_tim     0x20006100        0x4 ./Core/Src/song_loop.o
 .bss.s_notes   0x20006104     0x2000 ./Core/Src/song_loop.o
 .bss.s_note_count
                0x20008104        0x2 ./Core/Src/song_loop.o
 .bss.s_note_index
                0x20008106        0x2 ./Core/Src/song_loop.o
 .bss.s_arr     0x20008108        0x4 ./Core/Src/song_loop.o
 .bss.s_arr_len
                0x2000810c        0x4 ./Core/Src/song_loop.o
 .bss.s_arr_idx
                0x20008110        0x4 ./Core/Src/song_loop.o
 .bss.s_mode    0x20008114        0x1 ./Core/Src/song_loop.o
 *fill*         0x20008115        0x3 
 .bss.uwTick    0x20008118        0x4 ./Drivers/STM32F4xx_HAL_Driver/Src/stm32f4xx_hal.o
                0x20008118                uwTick
 .bss.retUSER   0x2000811c        0x1 ./FATFS/App/fatfs.o
                0x2000811c                retUSER
 *fill*         0x2000811d        0x3 
 .bss.USERPath  0x20008120        0x4 ./FATFS/App/fatfs.o
                0x20008120                USERPath
 .bss.disk      0x20008124        0xc ./Middlewares/Third_Party/FatFs/src/ff_gen_drv.o
                0x20008124                disk
 .bss.__sf      0x20008130      0x138 C:/ST/STM32CubeIDE_1.19.0/STM32CubeIDE/plugins/com.st.stm32cube.ide.mcu.externaltools.gnu-tools-for-stm32.13.3.rel1.win32_1.0.0.202411081344/tools/bin/../lib/gcc/arm-none-eabi/13.3.1/../../../../arm-none-eabi/lib/thumb/v7e-m+fp/hard\libc_nano.a(libc_a-findfp.o)
                0x20008130                __sf
 *(COMMON)
                0x20008268                        . = ALIGN (0x4)
                0x20008268                        _ebss = .
                0x20008268                        __bss_end__ = _ebss

._user_heap_stack
                0x20008268      0x600 load address 0x0802e2b8
                0x20008268                        . = ALIGN (0x8)
                [!provide]                        PROVIDE (end = .)
                0x20008268                        PROVIDE (_end = .)
                0x20008468                        . = (. + _Min_Heap_Size)
 *fill*         0x20008268      0x200 
                0x20008868                        . = (. + _Min_Stack_Size)
 *fill*         0x20008468      0x400 
                0x20008868                        . = ALIGN (0x8)

/DISCARD/
 libc.a(*)
 libm.a(*)
 libgcc.a(*)

.ARM.attributes
                0x00000000       0x30
 *(.ARM.attributes)
 .ARM.attributes
                0x00000000       0x22 C:/ST/STM32CubeIDE_1.19.0/STM32CubeIDE/plugins/com.st.stm32cube.ide.mcu.externaltools.gnu-tools-for-stm32.13.3.rel1.win32_1.0.0.202411081344/tools/bin/../lib/gcc/arm-none-eabi/13.3.1/thumb/v7e-m+fp/hard/crti.o
 .ARM.attributes
                0x00000022       0x34 C:/ST/STM32CubeIDE_1.19.0/STM32CubeIDE/plugins/com.st.stm32cube.ide.mcu.externaltools.gnu-tools-for-stm32.13.3.rel1.win32_1.0.0.202411081344/tools/bin/../lib/gcc/arm-none-eabi/13.3.1/thumb/v7e-m+fp/hard/crtbegin.o
 .ARM.attributes
                0x00000056       0x34 ./Core/Src/audio_pwm.o
 .ARM.attributes
                0x0000008a       0x34 ./Core/Src/bitmaps.o
 .ARM.attributes
                0x000000be       0x34 ./Core/Src/fatfs_sd.o
 .ARM.attributes
                0x000000f2       0x34 ./Core/Src/font.o
 .ARM.attributes
                0x00000126       0x34 ./Core/Src/ili9341.o
 .ARM.attributes
                0x0000015a       0x34 ./Core/Src/main.o
 .ARM.attributes
                0x0000018e       0x34 ./Core/Src/song_loop.o
 .ARM.attributes
                0x000001c2       0x34 ./Core/Src/stm32f4xx_hal_msp.o
 .ARM.attributes
                0x000001f6       0x34 ./Core/Src/stm32f4xx_it.o
 .ARM.attributes
                0x0000022a       0x34 ./Core/Src/system_stm32f4xx.o
 .ARM.attributes
                0x0000025e       0x21 ./Core/Startup/startup_stm32f446retx.o
 .ARM.attributes
                0x0000027f       0x34 ./Drivers/STM32F4xx_HAL_Driver/Src/stm32f4xx_hal.o
 .ARM.attributes
                0x000002b3       0x34 ./Drivers/STM32F4xx_HAL_Driver/Src/stm32f4xx_hal_cortex.o
 .ARM.attributes
                0x000002e7       0x34 ./Drivers/STM32F4xx_HAL_Driver/Src/stm32f4xx_hal_dma.o
 .ARM.attributes
                0x0000031b       0x34 ./Drivers/STM32F4xx_HAL_Driver/Src/stm32f4xx_hal_gpio.o
 .ARM.attributes
                0x0000034f       0x34 ./Drivers/STM32F4xx_HAL_Driver/Src/stm32f4xx_hal_i2c.o
 .ARM.attributes
                0x00000383       0x34 ./Drivers/STM32F4xx_HAL_Driver/Src/stm32f4xx_hal_rcc.o
 .ARM.attributes
                0x000003b7       0x34 ./Drivers/STM32F4xx_HAL_Driver/Src/stm32f4xx_hal_rcc_ex.o
 .ARM.attributes
                0x000003eb       0x34 ./Drivers/STM32F4xx_HAL_Driver/Src/stm32f4xx_hal_spi.o
 .ARM.attributes
                0x0000041f       0x34 ./Drivers/STM32F4xx_HAL_Driver/Src/stm32f4xx_hal_tim.o
 .ARM.attributes
                0x00000453       0x34 ./Drivers/STM32F4xx_HAL_Driver/Src/stm32f4xx_hal_tim_ex.o
 .ARM.attributes
                0x00000487       0x34 ./Drivers/STM32F4xx_HAL_Driver/Src/stm32f4xx_hal_uart.o
 .ARM.attributes
                0x000004bb       0x34 ./FATFS/App/fatfs.o
 .ARM.attributes
                0x000004ef       0x34 ./FATFS/Target/user_diskio.o
 .ARM.attributes
                0x00000523       0x34 ./Middlewares/Third_Party/FatFs/src/ff_gen_drv.o
 .ARM.attributes
                0x00000557       0x34 C:/ST/STM32CubeIDE_1.19.0/STM32CubeIDE/plugins/com.st.stm32cube.ide.mcu.externaltools.gnu-tools-for-stm32.13.3.rel1.win32_1.0.0.202411081344/tools/bin/../lib/gcc/arm-none-eabi/13.3.1/../../../../arm-none-eabi/lib/thumb/v7e-m+fp/hard\libc_nano.a(libc_a-findfp.o)
 .ARM.attributes
                0x0000058b       0x34 C:/ST/STM32CubeIDE_1.19.0/STM32CubeIDE/plugins/com.st.stm32cube.ide.mcu.externaltools.gnu-tools-for-stm32.13.3.rel1.win32_1.0.0.202411081344/tools/bin/../lib/gcc/arm-none-eabi/13.3.1/../../../../arm-none-eabi/lib/thumb/v7e-m+fp/hard\libc_nano.a(libc_a-memset.o)
 .ARM.attributes
                0x000005bf       0x34 C:/ST/STM32CubeIDE_1.19.0/STM32CubeIDE/plugins/com.st.stm32cube.ide.mcu.externaltools.gnu-tools-for-stm32.13.3.rel1.win32_1.0.0.202411081344/tools/bin/../lib/gcc/arm-none-eabi/13.3.1/../../../../arm-none-eabi/lib/thumb/v7e-m+fp/hard\libc_nano.a(libc_a-impure.o)
 .ARM.attributes
                0x000005f3       0x34 C:/ST/STM32CubeIDE_1.19.0/STM32CubeIDE/plugins/com.st.stm32cube.ide.mcu.externaltools.gnu-tools-for-stm32.13.3.rel1.win32_1.0.0.202411081344/tools/bin/../lib/gcc/arm-none-eabi/13.3.1/../../../../arm-none-eabi/lib/thumb/v7e-m+fp/hard\libc_nano.a(libc_a-errno.o)
 .ARM.attributes
                0x00000627       0x34 C:/ST/STM32CubeIDE_1.19.0/STM32CubeIDE/plugins/com.st.stm32cube.ide.mcu.externaltools.gnu-tools-for-stm32.13.3.rel1.win32_1.0.0.202411081344/tools/bin/../lib/gcc/arm-none-eabi/13.3.1/../../../../arm-none-eabi/lib/thumb/v7e-m+fp/hard\libc_nano.a(libc_a-init.o)
 .ARM.attributes
                0x0000065b       0x17 C:/ST/STM32CubeIDE_1.19.0/STM32CubeIDE/plugins/com.st.stm32cube.ide.mcu.externaltools.gnu-tools-for-stm32.13.3.rel1.win32_1.0.0.202411081344/tools/bin/../lib/gcc/arm-none-eabi/13.3.1/../../../../arm-none-eabi/lib/thumb/v7e-m+fp/hard\libc_nano.a(libc_a-strlen.o)
 .ARM.attributes
                0x00000672       0x34 C:/ST/STM32CubeIDE_1.19.0/STM32CubeIDE/plugins/com.st.stm32cube.ide.mcu.externaltools.gnu-tools-for-stm32.13.3.rel1.win32_1.0.0.202411081344/tools/bin/../lib/gcc/arm-none-eabi/13.3.1/../../../../arm-none-eabi/lib/thumb/v7e-m+fp/hard\libm.a(libm_a-wf_pow.o)
 .ARM.attributes
                0x000006a6       0x34 C:/ST/STM32CubeIDE_1.19.0/STM32CubeIDE/plugins/com.st.stm32cube.ide.mcu.externaltools.gnu-tools-for-stm32.13.3.rel1.win32_1.0.0.202411081344/tools/bin/../lib/gcc/arm-none-eabi/13.3.1/../../../../arm-none-eabi/lib/thumb/v7e-m+fp/hard\libm.a(libm_a-sf_finite.o)
 .ARM.attributes
                0x000006da       0x34 C:/ST/STM32CubeIDE_1.19.0/STM32CubeIDE/plugins/com.st.stm32cube.ide.mcu.externaltools.gnu-tools-for-stm32.13.3.rel1.win32_1.0.0.202411081344/tools/bin/../lib/gcc/arm-none-eabi/13.3.1/../../../../arm-none-eabi/lib/thumb/v7e-m+fp/hard\libm.a(libm_a-ef_pow.o)
 .ARM.attributes
                0x0000070e       0x34 C:/ST/STM32CubeIDE_1.19.0/STM32CubeIDE/plugins/com.st.stm32cube.ide.mcu.externaltools.gnu-tools-for-stm32.13.3.rel1.win32_1.0.0.202411081344/tools/bin/../lib/gcc/arm-none-eabi/13.3.1/../../../../arm-none-eabi/lib/thumb/v7e-m+fp/hard\libm.a(libm_a-sf_fabs.o)
 .ARM.attributes
                0x00000742       0x34 C:/ST/STM32CubeIDE_1.19.0/STM32CubeIDE/plugins/com.st.stm32cube.ide.mcu.externaltools.gnu-tools-for-stm32.13.3.rel1.win32_1.0.0.202411081344/tools/bin/../lib/gcc/arm-none-eabi/13.3.1/../../../../arm-none-eabi/lib/thumb/v7e-m+fp/hard\libm.a(libm_a-sf_scalbn.o)
 .ARM.attributes
                0x00000776       0x34 C:/ST/STM32CubeIDE_1.19.0/STM32CubeIDE/plugins/com.st.stm32cube.ide.mcu.externaltools.gnu-tools-for-stm32.13.3.rel1.win32_1.0.0.202411081344/tools/bin/../lib/gcc/arm-none-eabi/13.3.1/../../../../arm-none-eabi/lib/thumb/v7e-m+fp/hard\libm.a(libm_a-math_errf.o)
 .ARM.attributes
                0x000007aa       0x34 C:/ST/STM32CubeIDE_1.19.0/STM32CubeIDE/plugins/com.st.stm32cube.ide.mcu.externaltools.gnu-tools-for-stm32.13.3.rel1.win32_1.0.0.202411081344/tools/bin/../lib/gcc/arm-none-eabi/13.3.1/../../../../arm-none-eabi/lib/thumb/v7e-m+fp/hard\libm.a(libm_a-ef_sqrt.o)
 .ARM.attributes
                0x000007de       0x22 C:/ST/STM32CubeIDE_1.19.0/STM32CubeIDE/plugins/com.st.stm32cube.ide.mcu.externaltools.gnu-tools-for-stm32.13.3.rel1.win32_1.0.0.202411081344/tools/bin/../lib/gcc/arm-none-eabi/13.3.1/thumb/v7e-m+fp/hard\libgcc.a(_aeabi_uldivmod.o)
 .ARM.attributes
                0x00000800       0x34 C:/ST/STM32CubeIDE_1.19.0/STM32CubeIDE/plugins/com.st.stm32cube.ide.mcu.externaltools.gnu-tools-for-stm32.13.3.rel1.win32_1.0.0.202411081344/tools/bin/../lib/gcc/arm-none-eabi/13.3.1/thumb/v7e-m+fp/hard\libgcc.a(_udivmoddi4.o)
 .ARM.attributes
                0x00000834       0x22 C:/ST/STM32CubeIDE_1.19.0/STM32CubeIDE/plugins/com.st.stm32cube.ide.mcu.externaltools.gnu-tools-for-stm32.13.3.rel1.win32_1.0.0.202411081344/tools/bin/../lib/gcc/arm-none-eabi/13.3.1/thumb/v7e-m+fp/hard\libgcc.a(_dvmd_tls.o)
 .ARM.attributes
                0x00000856       0x22 C:/ST/STM32CubeIDE_1.19.0/STM32CubeIDE/plugins/com.st.stm32cube.ide.mcu.externaltools.gnu-tools-for-stm32.13.3.rel1.win32_1.0.0.202411081344/tools/bin/../lib/gcc/arm-none-eabi/13.3.1/thumb/v7e-m+fp/hard/crtn.o
OUTPUT(ILI9341.elf elf32-littlearm)
LOAD linker stubs
LOAD C:/ST/STM32CubeIDE_1.19.0/STM32CubeIDE/plugins/com.st.stm32cube.ide.mcu.externaltools.gnu-tools-for-stm32.13.3.rel1.win32_1.0.0.202411081344/tools/bin/../lib/gcc/arm-none-eabi/13.3.1/../../../../arm-none-eabi/lib/thumb/v7e-m+fp/hard\libc.a
LOAD C:/ST/STM32CubeIDE_1.19.0/STM32CubeIDE/plugins/com.st.stm32cube.ide.mcu.externaltools.gnu-tools-for-stm32.13.3.rel1.win32_1.0.0.202411081344/tools/bin/../lib/gcc/arm-none-eabi/13.3.1/../../../../arm-none-eabi/lib/thumb/v7e-m+fp/hard\libm.a
LOAD C:/ST/STM32CubeIDE_1.19.0/STM32CubeIDE/plugins/com.st.stm32cube.ide.mcu.externaltools.gnu-tools-for-stm32.13.3.rel1.win32_1.0.0.202411081344/tools/bin/../lib/gcc/arm-none-eabi/13.3.1/thumb/v7e-m+fp/hard\libgcc.a

.debug_info     0x00000000    0x1687c
 .debug_info    0x00000000      0x937 ./Core/Src/audio_pwm.o
 .debug_info    0x00000937      0x2fd ./Core/Src/bitmaps.o
 .debug_info    0x00000c34      0xc5e ./Core/Src/fatfs_sd.o
 .debug_info    0x00001892       0xf1 ./Core/Src/font.o
 .debug_info    0x00001983      0x81b ./Core/Src/ili9341.o
 .debug_info    0x0000219e     0x2119 ./Core/Src/main.o
 .debug_info    0x000042b7     0x13a7 ./Core/Src/song_loop.o
 .debug_info    0x0000565e     0x15ad ./Core/Src/stm32f4xx_hal_msp.o
 .debug_info    0x00006c0b      0xa29 ./Core/Src/stm32f4xx_it.o
 .debug_info    0x00007634      0x54a ./Core/Src/system_stm32f4xx.o
 .debug_info    0x00007b7e       0x30 ./Core/Startup/startup_stm32f446retx.o
 .debug_info    0x00007bae      0x99a ./Drivers/STM32F4xx_HAL_Driver/Src/stm32f4xx_hal.o
 .debug_info    0x00008548      0xdaa ./Drivers/STM32F4xx_HAL_Driver/Src/stm32f4xx_hal_cortex.o
 .debug_info    0x000092f2      0x8e7 ./Drivers/STM32F4xx_HAL_Driver/Src/stm32f4xx_hal_dma.o
 .debug_info    0x00009bd9      0x70b ./Drivers/STM32F4xx_HAL_Driver/Src/stm32f4xx_hal_gpio.o
 .debug_info    0x0000a2e4     0x2421 ./Drivers/STM32F4xx_HAL_Driver/Src/stm32f4xx_hal_i2c.o
 .debug_info    0x0000c705      0x8ff ./Drivers/STM32F4xx_HAL_Driver/Src/stm32f4xx_hal_rcc.o
 .debug_info    0x0000d004      0x960 ./Drivers/STM32F4xx_HAL_Driver/Src/stm32f4xx_hal_rcc_ex.o
 .debug_info    0x0000d964     0x1525 ./Drivers/STM32F4xx_HAL_Driver/Src/stm32f4xx_hal_spi.o
 .debug_info    0x0000ee89     0x299d ./Drivers/STM32F4xx_HAL_Driver/Src/stm32f4xx_hal_tim.o
 .debug_info    0x00011826     0x14db ./Drivers/STM32F4xx_HAL_Driver/Src/stm32f4xx_hal_tim_ex.o
 .debug_info    0x00012d01     0x2f4f ./Drivers/STM32F4xx_HAL_Driver/Src/stm32f4xx_hal_uart.o
 .debug_info    0x00015c50      0x508 ./FATFS/App/fatfs.o
 .debug_info    0x00016158      0x3a5 ./FATFS/Target/user_diskio.o
 .debug_info    0x000164fd      0x37f ./Middlewares/Third_Party/FatFs/src/ff_gen_drv.o

.debug_abbrev   0x00000000     0x33ce
 .debug_abbrev  0x00000000      0x1e1 ./Core/Src/audio_pwm.o
 .debug_abbrev  0x000001e1       0xc8 ./Core/Src/bitmaps.o
 .debug_abbrev  0x000002a9      0x2fa ./Core/Src/fatfs_sd.o
 .debug_abbrev  0x000005a3       0x64 ./Core/Src/font.o
 .debug_abbrev  0x00000607      0x203 ./Core/Src/ili9341.o
 .debug_abbrev  0x0000080a      0x416 ./Core/Src/main.o
 .debug_abbrev  0x00000c20      0x2ef ./Core/Src/song_loop.o
 .debug_abbrev  0x00000f0f      0x220 ./Core/Src/stm32f4xx_hal_msp.o
 .debug_abbrev  0x0000112f      0x1a7 ./Core/Src/stm32f4xx_it.o
 .debug_abbrev  0x000012d6      0x11a ./Core/Src/system_stm32f4xx.o
 .debug_abbrev  0x000013f0       0x24 ./Core/Startup/startup_stm32f446retx.o
 .debug_abbrev  0x00001414      0x214 ./Drivers/STM32F4xx_HAL_Driver/Src/stm32f4xx_hal.o
 .debug_abbrev  0x00001628      0x31d ./Drivers/STM32F4xx_HAL_Driver/Src/stm32f4xx_hal_cortex.o
 .debug_abbrev  0x00001945      0x264 ./Drivers/STM32F4xx_HAL_Driver/Src/stm32f4xx_hal_dma.o
 .debug_abbrev  0x00001ba9      0x1d4 ./Drivers/STM32F4xx_HAL_Driver/Src/stm32f4xx_hal_gpio.o
 .debug_abbrev  0x00001d7d      0x2ad ./Drivers/STM32F4xx_HAL_Driver/Src/stm32f4xx_hal_i2c.o
 .debug_abbrev  0x0000202a      0x2b7 ./Drivers/STM32F4xx_HAL_Driver/Src/stm32f4xx_hal_rcc.o
 .debug_abbrev  0x000022e1      0x211 ./Drivers/STM32F4xx_HAL_Driver/Src/stm32f4xx_hal_rcc_ex.o
 .debug_abbrev  0x000024f2      0x27a ./Drivers/STM32F4xx_HAL_Driver/Src/stm32f4xx_hal_spi.o
 .debug_abbrev  0x0000276c      0x278 ./Drivers/STM32F4xx_HAL_Driver/Src/stm32f4xx_hal_tim.o
 .debug_abbrev  0x000029e4      0x283 ./Drivers/STM32F4xx_HAL_Driver/Src/stm32f4xx_hal_tim_ex.o
 .debug_abbrev  0x00002c67      0x30e ./Drivers/STM32F4xx_HAL_Driver/Src/stm32f4xx_hal_uart.o
 .debug_abbrev  0x00002f75      0x15e ./FATFS/App/fatfs.o
 .debug_abbrev  0x000030d3      0x15c ./FATFS/Target/user_diskio.o
 .debug_abbrev  0x0000322f      0x19f ./Middlewares/Third_Party/FatFs/src/ff_gen_drv.o

.debug_aranges  0x00000000     0x14a0
 .debug_aranges
                0x00000000       0x30 ./Core/Src/audio_pwm.o
 .debug_aranges
                0x00000030       0x18 ./Core/Src/bitmaps.o
 .debug_aranges
                0x00000048       0xa8 ./Core/Src/fatfs_sd.o
 .debug_aranges
                0x000000f0       0x18 ./Core/Src/font.o
 .debug_aranges
                0x00000108       0x78 ./Core/Src/ili9341.o
 .debug_aranges
                0x00000180      0x130 ./Core/Src/main.o
 .debug_aranges
                0x000002b0       0x60 ./Core/Src/song_loop.o
 .debug_aranges
                0x00000310       0x60 ./Core/Src/stm32f4xx_hal_msp.o
 .debug_aranges
                0x00000370       0x78 ./Core/Src/stm32f4xx_it.o
 .debug_aranges
                0x000003e8       0x28 ./Core/Src/system_stm32f4xx.o
 .debug_aranges
                0x00000410       0x28 ./Core/Startup/startup_stm32f446retx.o
 .debug_aranges
                0x00000438       0xf0 ./Drivers/STM32F4xx_HAL_Driver/Src/stm32f4xx_hal.o
 .debug_aranges
                0x00000528      0x130 ./Drivers/STM32F4xx_HAL_Driver/Src/stm32f4xx_hal_cortex.o
 .debug_aranges
                0x00000658       0x90 ./Drivers/STM32F4xx_HAL_Driver/Src/stm32f4xx_hal_dma.o
 .debug_aranges
                0x000006e8       0x58 ./Drivers/STM32F4xx_HAL_Driver/Src/stm32f4xx_hal_gpio.o
 .debug_aranges
                0x00000740      0x2a8 ./Drivers/STM32F4xx_HAL_Driver/Src/stm32f4xx_hal_i2c.o
 .debug_aranges
                0x000009e8       0x88 ./Drivers/STM32F4xx_HAL_Driver/Src/stm32f4xx_hal_rcc.o
 .debug_aranges
                0x00000a70       0x78 ./Drivers/STM32F4xx_HAL_Driver/Src/stm32f4xx_hal_rcc_ex.o
 .debug_aranges
                0x00000ae8      0x1d0 ./Drivers/STM32F4xx_HAL_Driver/Src/stm32f4xx_hal_spi.o
 .debug_aranges
                0x00000cb8      0x3d0 ./Drivers/STM32F4xx_HAL_Driver/Src/stm32f4xx_hal_tim.o
 .debug_aranges
                0x00001088      0x168 ./Drivers/STM32F4xx_HAL_Driver/Src/stm32f4xx_hal_tim_ex.o
 .debug_aranges
                0x000011f0      0x208 ./Drivers/STM32F4xx_HAL_Driver/Src/stm32f4xx_hal_uart.o
 .debug_aranges
                0x000013f8       0x28 ./FATFS/App/fatfs.o
 .debug_aranges
                0x00001420       0x40 ./FATFS/Target/user_diskio.o
 .debug_aranges
                0x00001460       0x40 ./Middlewares/Third_Party/FatFs/src/ff_gen_drv.o

.debug_rnglists
                0x00000000     0x1024
 .debug_rnglists
                0x00000000       0x20 ./Core/Src/audio_pwm.o
 .debug_rnglists
                0x00000020       0x80 ./Core/Src/fatfs_sd.o
 .debug_rnglists
                0x000000a0       0x60 ./Core/Src/ili9341.o
 .debug_rnglists
                0x00000100       0xe7 ./Core/Src/main.o
 .debug_rnglists
                0x000001e7       0x57 ./Core/Src/song_loop.o
 .debug_rnglists
                0x0000023e       0x46 ./Core/Src/stm32f4xx_hal_msp.o
 .debug_rnglists
                0x00000284       0x55 ./Core/Src/stm32f4xx_it.o
 .debug_rnglists
                0x000002d9       0x1a ./Core/Src/system_stm32f4xx.o
 .debug_rnglists
                0x000002f3       0x19 ./Core/Startup/startup_stm32f446retx.o
 .debug_rnglists
                0x0000030c       0xaf ./Drivers/STM32F4xx_HAL_Driver/Src/stm32f4xx_hal.o
 .debug_rnglists
                0x000003bb       0xe0 ./Drivers/STM32F4xx_HAL_Driver/Src/stm32f4xx_hal_cortex.o
 .debug_rnglists
                0x0000049b       0x70 ./Drivers/STM32F4xx_HAL_Driver/Src/stm32f4xx_hal_dma.o
 .debug_rnglists
                0x0000050b       0x3f ./Drivers/STM32F4xx_HAL_Driver/Src/stm32f4xx_hal_gpio.o
 .debug_rnglists
                0x0000054a      0x23c ./Drivers/STM32F4xx_HAL_Driver/Src/stm32f4xx_hal_i2c.o
 .debug_rnglists
                0x00000786       0x66 ./Drivers/STM32F4xx_HAL_Driver/Src/stm32f4xx_hal_rcc.o
 .debug_rnglists
                0x000007ec       0x5e ./Drivers/STM32F4xx_HAL_Driver/Src/stm32f4xx_hal_rcc_ex.o
 .debug_rnglists
                0x0000084a      0x16f ./Drivers/STM32F4xx_HAL_Driver/Src/stm32f4xx_hal_spi.o
 .debug_rnglists
                0x000009b9      0x31a ./Drivers/STM32F4xx_HAL_Driver/Src/stm32f4xx_hal_tim.o
 .debug_rnglists
                0x00000cd3      0x125 ./Drivers/STM32F4xx_HAL_Driver/Src/stm32f4xx_hal_tim_ex.o
 .debug_rnglists
                0x00000df8      0x1bc ./Drivers/STM32F4xx_HAL_Driver/Src/stm32f4xx_hal_uart.o
 .debug_rnglists
                0x00000fb4       0x19 ./FATFS/App/fatfs.o
 .debug_rnglists
                0x00000fcd       0x2b ./FATFS/Target/user_diskio.o
 .debug_rnglists
                0x00000ff8       0x2c ./Middlewares/Third_Party/FatFs/src/ff_gen_drv.o

.debug_macro    0x00000000    0x24669
 .debug_macro   0x00000000      0x20a ./Core/Src/audio_pwm.o
 .debug_macro   0x0000020a      0xad8 ./Core/Src/audio_pwm.o
 .debug_macro   0x00000ce2      0x2a7 ./Core/Src/audio_pwm.o
 .debug_macro   0x00000f89       0x2e ./Core/Src/audio_pwm.o
 .debug_macro   0x00000fb7       0x28 ./Core/Src/audio_pwm.o
 .debug_macro   0x00000fdf       0x22 ./Core/Src/audio_pwm.o
 .debug_macro   0x00001001       0x8e ./Core/Src/audio_pwm.o
 .debug_macro   0x0000108f       0x51 ./Core/Src/audio_pwm.o
 .debug_macro   0x000010e0      0x103 ./Core/Src/audio_pwm.o
 .debug_macro   0x000011e3       0x6a ./Core/Src/audio_pwm.o
 .debug_macro   0x0000124d      0x1df ./Core/Src/audio_pwm.o
 .debug_macro   0x0000142c       0x1c ./Core/Src/audio_pwm.o
 .debug_macro   0x00001448       0x22 ./Core/Src/audio_pwm.o
 .debug_macro   0x0000146a       0xfb ./Core/Src/audio_pwm.o
 .debug_macro   0x00001565     0x1011 ./Core/Src/audio_pwm.o
 .debug_macro   0x00002576      0x11f ./Core/Src/audio_pwm.o
 .debug_macro   0x00002695    0x1675e ./Core/Src/audio_pwm.o
 .debug_macro   0x00018df3       0x6d ./Core/Src/audio_pwm.o
 .debug_macro   0x00018e60     0x3693 ./Core/Src/audio_pwm.o
 .debug_macro   0x0001c4f3      0x190 ./Core/Src/audio_pwm.o
 .debug_macro   0x0001c683       0x5c ./Core/Src/audio_pwm.o
 .debug_macro   0x0001c6df      0xca5 ./Core/Src/audio_pwm.o
 .debug_macro   0x0001d384      0x9e9 ./Core/Src/audio_pwm.o
 .debug_macro   0x0001dd6d      0x115 ./Core/Src/audio_pwm.o
 .debug_macro   0x0001de82      0x1a0 ./Core/Src/audio_pwm.o
 .debug_macro   0x0001e022       0xa5 ./Core/Src/audio_pwm.o
 .debug_macro   0x0001e0c7      0x16d ./Core/Src/audio_pwm.o
 .debug_macro   0x0001e234      0x287 ./Core/Src/audio_pwm.o
 .debug_macro   0x0001e4bb       0x5f ./Core/Src/audio_pwm.o
 .debug_macro   0x0001e51a      0x236 ./Core/Src/audio_pwm.o
 .debug_macro   0x0001e750      0x132 ./Core/Src/audio_pwm.o
 .debug_macro   0x0001e882      0x29c ./Core/Src/audio_pwm.o
 .debug_macro   0x0001eb1e       0x2e ./Core/Src/audio_pwm.o
 .debug_macro   0x0001eb4c      0x1b5 ./Core/Src/audio_pwm.o
 .debug_macro   0x0001ed01       0x22 ./Core/Src/audio_pwm.o
 .debug_macro   0x0001ed23       0xd6 ./Core/Src/audio_pwm.o
 .debug_macro   0x0001edf9      0x127 ./Core/Src/audio_pwm.o
 .debug_macro   0x0001ef20       0xe8 ./Core/Src/audio_pwm.o
 .debug_macro   0x0001f008       0x89 ./Core/Src/audio_pwm.o
 .debug_macro   0x0001f091      0x225 ./Core/Src/audio_pwm.o
 .debug_macro   0x0001f2b6      0x8ed ./Core/Src/audio_pwm.o
 .debug_macro   0x0001fba3       0x53 ./Core/Src/audio_pwm.o
 .debug_macro   0x0001fbf6      0x2aa ./Core/Src/audio_pwm.o
 .debug_macro   0x0001fea0      0x126 ./Core/Src/audio_pwm.o
 .debug_macro   0x0001ffc6       0xd0 ./Core/Src/audio_pwm.o
 .debug_macro   0x00020096       0x73 ./Core/Src/bitmaps.o
 .debug_macro   0x00020109      0x224 ./Core/Src/fatfs_sd.o
 .debug_macro   0x0002032d       0x16 ./Core/Src/fatfs_sd.o
 .debug_macro   0x00020343       0x7c ./Core/Src/fatfs_sd.o
 .debug_macro   0x000203bf       0x9a ./Core/Src/fatfs_sd.o
 .debug_macro   0x00020459       0x72 ./Core/Src/font.o
 .debug_macro   0x000204cb       0x34 ./Core/Src/font.o
 .debug_macro   0x000204ff      0x343 ./Core/Src/ili9341.o
 .debug_macro   0x00020842       0x34 ./Core/Src/ili9341.o
 .debug_macro   0x00020876       0x16 ./Core/Src/ili9341.o
 .debug_macro   0x0002088c      0x11c ./Core/Src/ili9341.o
 .debug_macro   0x000209a8       0x9b ./Core/Src/ili9341.o
 .debug_macro   0x00020a43      0x370 ./Core/Src/ili9341.o
 .debug_macro   0x00020db3       0x16 ./Core/Src/ili9341.o
 .debug_macro   0x00020dc9       0x4a ./Core/Src/ili9341.o
 .debug_macro   0x00020e13       0x34 ./Core/Src/ili9341.o
 .debug_macro   0x00020e47       0x10 ./Core/Src/ili9341.o
 .debug_macro   0x00020e57       0x58 ./Core/Src/ili9341.o
 .debug_macro   0x00020eaf       0x8e ./Core/Src/ili9341.o
 .debug_macro   0x00020f3d       0x1c ./Core/Src/ili9341.o
 .debug_macro   0x00020f59      0x185 ./Core/Src/ili9341.o
 .debug_macro   0x000210de       0x16 ./Core/Src/ili9341.o
 .debug_macro   0x000210f4       0x29 ./Core/Src/ili9341.o
 .debug_macro   0x0002111d       0x16 ./Core/Src/ili9341.o
 .debug_macro   0x00021133       0x3c ./Core/Src/ili9341.o
 .debug_macro   0x0002116f       0x20 ./Core/Src/ili9341.o
 .debug_macro   0x0002118f      0x118 ./Core/Src/ili9341.o
 .debug_macro   0x000212a7       0x3a ./Core/Src/ili9341.o
 .debug_macro   0x000212e1       0x56 ./Core/Src/ili9341.o
 .debug_macro   0x00021337      0x4b8 ./Core/Src/main.o
 .debug_macro   0x000217ef       0xeb ./Core/Src/main.o
 .debug_macro   0x000218da       0x12 ./Core/Src/main.o
 .debug_macro   0x000218ec       0xe2 ./Core/Src/main.o
 .debug_macro   0x000219ce       0x8e ./Core/Src/main.o
 .debug_macro   0x00021a5c      0x3cf ./Core/Src/song_loop.o
 .debug_macro   0x00021e2b       0xe5 ./Core/Src/song_loop.o
 .debug_macro   0x00021f10      0x19b ./Core/Src/song_loop.o
 .debug_macro   0x000220ab      0x200 ./Core/Src/stm32f4xx_hal_msp.o
 .debug_macro   0x000222ab      0x20a ./Core/Src/stm32f4xx_it.o
 .debug_macro   0x000224b5      0x1f1 ./Core/Src/system_stm32f4xx.o
 .debug_macro   0x000226a6      0x251 ./Drivers/STM32F4xx_HAL_Driver/Src/stm32f4xx_hal.o
 .debug_macro   0x000228f7      0x1f1 ./Drivers/STM32F4xx_HAL_Driver/Src/stm32f4xx_hal_cortex.o
 .debug_macro   0x00022ae8      0x1f7 ./Drivers/STM32F4xx_HAL_Driver/Src/stm32f4xx_hal_dma.o
 .debug_macro   0x00022cdf      0x1f7 ./Drivers/STM32F4xx_HAL_Driver/Src/stm32f4xx_hal_gpio.o
 .debug_macro   0x00022ed6      0x23f ./Drivers/STM32F4xx_HAL_Driver/Src/stm32f4xx_hal_i2c.o
 .debug_macro   0x00023115      0x215 ./Drivers/STM32F4xx_HAL_Driver/Src/stm32f4xx_hal_rcc.o
 .debug_macro   0x0002332a      0x1f1 ./Drivers/STM32F4xx_HAL_Driver/Src/stm32f4xx_hal_rcc_ex.o
 .debug_macro   0x0002351b      0x200 ./Drivers/STM32F4xx_HAL_Driver/Src/stm32f4xx_hal_spi.o
 .debug_macro   0x0002371b      0x1f2 ./Drivers/STM32F4xx_HAL_Driver/Src/stm32f4xx_hal_tim.o
 .debug_macro   0x0002390d      0x1f1 ./Drivers/STM32F4xx_HAL_Driver/Src/stm32f4xx_hal_tim_ex.o
 .debug_macro   0x00023afe      0x1f2 ./Drivers/STM32F4xx_HAL_Driver/Src/stm32f4xx_hal_uart.o
 .debug_macro   0x00023cf0      0x325 ./FATFS/App/fatfs.o
 .debug_macro   0x00024015      0x342 ./FATFS/Target/user_diskio.o
 .debug_macro   0x00024357      0x312 ./Middlewares/Third_Party/FatFs/src/ff_gen_drv.o

.debug_line     0x00000000    0x1ab6f
 .debug_line    0x00000000      0x83b ./Core/Src/audio_pwm.o
 .debug_line    0x0000083b      0x40e ./Core/Src/bitmaps.o
 .debug_line    0x00000c49      0xee8 ./Core/Src/fatfs_sd.o
 .debug_line    0x00001b31      0x408 ./Core/Src/font.o
 .debug_line    0x00001f39      0xe0e ./Core/Src/ili9341.o
 .debug_line    0x00002d47     0x11b3 ./Core/Src/main.o
 .debug_line    0x00003efa      0xdf4 ./Core/Src/song_loop.o
 .debug_line    0x00004cee      0x8b7 ./Core/Src/stm32f4xx_hal_msp.o
 .debug_line    0x000055a5      0x898 ./Core/Src/stm32f4xx_it.o
 .debug_line    0x00005e3d      0x813 ./Core/Src/system_stm32f4xx.o
 .debug_line    0x00006650       0x7a ./Core/Startup/startup_stm32f446retx.o
 .debug_line    0x000066ca      0xa80 ./Drivers/STM32F4xx_HAL_Driver/Src/stm32f4xx_hal.o
 .debug_line    0x0000714a      0xd50 ./Drivers/STM32F4xx_HAL_Driver/Src/stm32f4xx_hal_cortex.o
 .debug_line    0x00007e9a      0xfec ./Drivers/STM32F4xx_HAL_Driver/Src/stm32f4xx_hal_dma.o
 .debug_line    0x00008e86      0xbc4 ./Drivers/STM32F4xx_HAL_Driver/Src/stm32f4xx_hal_gpio.o
 .debug_line    0x00009a4a     0x3b2d ./Drivers/STM32F4xx_HAL_Driver/Src/stm32f4xx_hal_i2c.o
 .debug_line    0x0000d577      0xe99 ./Drivers/STM32F4xx_HAL_Driver/Src/stm32f4xx_hal_rcc.o
 .debug_line    0x0000e410     0x1549 ./Drivers/STM32F4xx_HAL_Driver/Src/stm32f4xx_hal_rcc_ex.o
 .debug_line    0x0000f959     0x1d1b ./Drivers/STM32F4xx_HAL_Driver/Src/stm32f4xx_hal_spi.o
 .debug_line    0x00011674     0x37f5 ./Drivers/STM32F4xx_HAL_Driver/Src/stm32f4xx_hal_tim.o
 .debug_line    0x00014e69     0x19e0 ./Drivers/STM32F4xx_HAL_Driver/Src/stm32f4xx_hal_tim_ex.o
 .debug_line    0x00016849     0x25c8 ./Drivers/STM32F4xx_HAL_Driver/Src/stm32f4xx_hal_uart.o
 .debug_line    0x00018e11      0x981 ./FATFS/App/fatfs.o
 .debug_line    0x00019792      0x9d3 ./FATFS/Target/user_diskio.o
 .debug_line    0x0001a165      0xa0a ./Middlewares/Third_Party/FatFs/src/ff_gen_drv.o

.debug_str      0x00000000    0xd9128
 .debug_str     0x00000000    0xd9128 ./Core/Src/audio_pwm.o
                              0xccff6 (size before relaxing)
 .debug_str     0x000d9128     0x3e9c ./Core/Src/bitmaps.o
 .debug_str     0x000d9128    0xccfb4 ./Core/Src/fatfs_sd.o
 .debug_str     0x000d9128     0x3e71 ./Core/Src/font.o
 .debug_str     0x000d9128    0xd1d33 ./Core/Src/ili9341.o
 .debug_str     0x000d9128    0xd2256 ./Core/Src/main.o
 .debug_str     0x000d9128    0xd20c9 ./Core/Src/song_loop.o
 .debug_str     0x000d9128    0xcdc03 ./Core/Src/stm32f4xx_hal_msp.o
 .debug_str     0x000d9128    0xcd20b ./Core/Src/stm32f4xx_it.o
 .debug_str     0x000d9128    0xcc7cd ./Core/Src/system_stm32f4xx.o
 .debug_str     0x000d9128       0x85 ./Core/Startup/startup_stm32f446retx.o
 .debug_str     0x000d9128    0xcd392 ./Drivers/STM32F4xx_HAL_Driver/Src/stm32f4xx_hal.o
 .debug_str     0x000d9128    0xcd0e9 ./Drivers/STM32F4xx_HAL_Driver/Src/stm32f4xx_hal_cortex.o
 .debug_str     0x000d9128    0xccbc2 ./Drivers/STM32F4xx_HAL_Driver/Src/stm32f4xx_hal_dma.o
 .debug_str     0x000d9128    0xcc948 ./Drivers/STM32F4xx_HAL_Driver/Src/stm32f4xx_hal_gpio.o
 .debug_str     0x000d9128    0xcd7cb ./Drivers/STM32F4xx_HAL_Driver/Src/stm32f4xx_hal_i2c.o
 .debug_str     0x000d9128    0xccc06 ./Drivers/STM32F4xx_HAL_Driver/Src/stm32f4xx_hal_rcc.o
 .debug_str     0x000d9128    0xccc39 ./Drivers/STM32F4xx_HAL_Driver/Src/stm32f4xx_hal_rcc_ex.o
 .debug_str     0x000d9128    0xcd066 ./Drivers/STM32F4xx_HAL_Driver/Src/stm32f4xx_hal_spi.o
 .debug_str     0x000d9128    0xcdb32 ./Drivers/STM32F4xx_HAL_Driver/Src/stm32f4xx_hal_tim.o
 .debug_str     0x000d9128    0xcd33e ./Drivers/STM32F4xx_HAL_Driver/Src/stm32f4xx_hal_tim_ex.o
 .debug_str     0x000d9128    0xcd1bd ./Drivers/STM32F4xx_HAL_Driver/Src/stm32f4xx_hal_uart.o
 .debug_str     0x000d9128    0xd033e ./FATFS/App/fatfs.o
 .debug_str     0x000d9128    0xd02f4 ./FATFS/Target/user_diskio.o
 .debug_str     0x000d9128    0xd028b ./Middlewares/Third_Party/FatFs/src/ff_gen_drv.o

.comment        0x00000000       0x43
 .comment       0x00000000       0x43 ./Core/Src/audio_pwm.o
                                 0x44 (size before relaxing)
 .comment       0x00000043       0x44 ./Core/Src/bitmaps.o
 .comment       0x00000043       0x44 ./Core/Src/fatfs_sd.o
 .comment       0x00000043       0x44 ./Core/Src/font.o
 .comment       0x00000043       0x44 ./Core/Src/ili9341.o
 .comment       0x00000043       0x44 ./Core/Src/main.o
 .comment       0x00000043       0x44 ./Core/Src/song_loop.o
 .comment       0x00000043       0x44 ./Core/Src/stm32f4xx_hal_msp.o
 .comment       0x00000043       0x44 ./Core/Src/stm32f4xx_it.o
 .comment       0x00000043       0x44 ./Core/Src/system_stm32f4xx.o
 .comment       0x00000043       0x44 ./Drivers/STM32F4xx_HAL_Driver/Src/stm32f4xx_hal.o
 .comment       0x00000043       0x44 ./Drivers/STM32F4xx_HAL_Driver/Src/stm32f4xx_hal_cortex.o
 .comment       0x00000043       0x44 ./Drivers/STM32F4xx_HAL_Driver/Src/stm32f4xx_hal_dma.o
 .comment       0x00000043       0x44 ./Drivers/STM32F4xx_HAL_Driver/Src/stm32f4xx_hal_gpio.o
 .comment       0x00000043       0x44 ./Drivers/STM32F4xx_HAL_Driver/Src/stm32f4xx_hal_i2c.o
 .comment       0x00000043       0x44 ./Drivers/STM32F4xx_HAL_Driver/Src/stm32f4xx_hal_rcc.o
 .comment       0x00000043       0x44 ./Drivers/STM32F4xx_HAL_Driver/Src/stm32f4xx_hal_rcc_ex.o
 .comment       0x00000043       0x44 ./Drivers/STM32F4xx_HAL_Driver/Src/stm32f4xx_hal_spi.o
 .comment       0x00000043       0x44 ./Drivers/STM32F4xx_HAL_Driver/Src/stm32f4xx_hal_tim.o
 .comment       0x00000043       0x44 ./Drivers/STM32F4xx_HAL_Driver/Src/stm32f4xx_hal_tim_ex.o
 .comment       0x00000043       0x44 ./Drivers/STM32F4xx_HAL_Driver/Src/stm32f4xx_hal_uart.o
 .comment       0x00000043       0x44 ./FATFS/App/fatfs.o
 .comment       0x00000043       0x44 ./FATFS/Target/user_diskio.o
 .comment       0x00000043       0x44 ./Middlewares/Third_Party/FatFs/src/ff_gen_drv.o

.debug_frame    0x00000000     0x59bc
 .debug_frame   0x00000000       0x78 ./Core/Src/audio_pwm.o
 .debug_frame   0x00000078      0x28c ./Core/Src/fatfs_sd.o
 .debug_frame   0x00000304      0x1c4 ./Core/Src/ili9341.o
 .debug_frame   0x000004c8      0x4e8 ./Core/Src/main.o
 .debug_frame   0x000009b0      0x158 ./Core/Src/song_loop.o
 .debug_frame   0x00000b08      0x158 ./Core/Src/stm32f4xx_hal_msp.o
 .debug_frame   0x00000c60      0x158 ./Core/Src/stm32f4xx_it.o
 .debug_frame   0x00000db8       0x58 ./Core/Src/system_stm32f4xx.o
 .debug_frame   0x00000e10      0x374 ./Drivers/STM32F4xx_HAL_Driver/Src/stm32f4xx_hal.o
 .debug_frame   0x00001184      0x508 ./Drivers/STM32F4xx_HAL_Driver/Src/stm32f4xx_hal_cortex.o
 .debug_frame   0x0000168c      0x250 ./Drivers/STM32F4xx_HAL_Driver/Src/stm32f4xx_hal_dma.o
 .debug_frame   0x000018dc      0x14c ./Drivers/STM32F4xx_HAL_Driver/Src/stm32f4xx_hal_gpio.o
 .debug_frame   0x00001a28      0xc84 ./Drivers/STM32F4xx_HAL_Driver/Src/stm32f4xx_hal_i2c.o
 .debug_frame   0x000026ac      0x1f4 ./Drivers/STM32F4xx_HAL_Driver/Src/stm32f4xx_hal_rcc.o
 .debug_frame   0x000028a0      0x1e8 ./Drivers/STM32F4xx_HAL_Driver/Src/stm32f4xx_hal_rcc_ex.o
 .debug_frame   0x00002a88      0x828 ./Drivers/STM32F4xx_HAL_Driver/Src/stm32f4xx_hal_spi.o
 .debug_frame   0x000032b0     0x11c0 ./Drivers/STM32F4xx_HAL_Driver/Src/stm32f4xx_hal_tim.o
 .debug_frame   0x00004470      0x638 ./Drivers/STM32F4xx_HAL_Driver/Src/stm32f4xx_hal_tim_ex.o
 .debug_frame   0x00004aa8      0x954 ./Drivers/STM32F4xx_HAL_Driver/Src/stm32f4xx_hal_uart.o
 .debug_frame   0x000053fc       0x4c ./FATFS/App/fatfs.o
 .debug_frame   0x00005448       0xc4 ./FATFS/Target/user_diskio.o
 .debug_frame   0x0000550c       0xc8 ./Middlewares/Third_Party/FatFs/src/ff_gen_drv.o
 .debug_frame   0x000055d4      0x144 C:/ST/STM32CubeIDE_1.19.0/STM32CubeIDE/plugins/com.st.stm32cube.ide.mcu.externaltools.gnu-tools-for-stm32.13.3.rel1.win32_1.0.0.202411081344/tools/bin/../lib/gcc/arm-none-eabi/13.3.1/../../../../arm-none-eabi/lib/thumb/v7e-m+fp/hard\libc_nano.a(libc_a-findfp.o)
 .debug_frame   0x00005718       0x20 C:/ST/STM32CubeIDE_1.19.0/STM32CubeIDE/plugins/com.st.stm32cube.ide.mcu.externaltools.gnu-tools-for-stm32.13.3.rel1.win32_1.0.0.202411081344/tools/bin/../lib/gcc/arm-none-eabi/13.3.1/../../../../arm-none-eabi/lib/thumb/v7e-m+fp/hard\libc_nano.a(libc_a-memset.o)
 .debug_frame   0x00005738       0x20 C:/ST/STM32CubeIDE_1.19.0/STM32CubeIDE/plugins/com.st.stm32cube.ide.mcu.externaltools.gnu-tools-for-stm32.13.3.rel1.win32_1.0.0.202411081344/tools/bin/../lib/gcc/arm-none-eabi/13.3.1/../../../../arm-none-eabi/lib/thumb/v7e-m+fp/hard\libc_nano.a(libc_a-errno.o)
 .debug_frame   0x00005758       0x2c C:/ST/STM32CubeIDE_1.19.0/STM32CubeIDE/plugins/com.st.stm32cube.ide.mcu.externaltools.gnu-tools-for-stm32.13.3.rel1.win32_1.0.0.202411081344/tools/bin/../lib/gcc/arm-none-eabi/13.3.1/../../../../arm-none-eabi/lib/thumb/v7e-m+fp/hard\libc_nano.a(libc_a-init.o)
 .debug_frame   0x00005784       0x48 C:/ST/STM32CubeIDE_1.19.0/STM32CubeIDE/plugins/com.st.stm32cube.ide.mcu.externaltools.gnu-tools-for-stm32.13.3.rel1.win32_1.0.0.202411081344/tools/bin/../lib/gcc/arm-none-eabi/13.3.1/../../../../arm-none-eabi/lib/thumb/v7e-m+fp/hard\libm.a(libm_a-wf_pow.o)
 .debug_frame   0x000057cc       0x20 C:/ST/STM32CubeIDE_1.19.0/STM32CubeIDE/plugins/com.st.stm32cube.ide.mcu.externaltools.gnu-tools-for-stm32.13.3.rel1.win32_1.0.0.202411081344/tools/bin/../lib/gcc/arm-none-eabi/13.3.1/../../../../arm-none-eabi/lib/thumb/v7e-m+fp/hard\libm.a(libm_a-sf_finite.o)
 .debug_frame   0x000057ec       0x88 C:/ST/STM32CubeIDE_1.19.0/STM32CubeIDE/plugins/com.st.stm32cube.ide.mcu.externaltools.gnu-tools-for-stm32.13.3.rel1.win32_1.0.0.202411081344/tools/bin/../lib/gcc/arm-none-eabi/13.3.1/../../../../arm-none-eabi/lib/thumb/v7e-m+fp/hard\libm.a(libm_a-ef_pow.o)
 .debug_frame   0x00005874       0x20 C:/ST/STM32CubeIDE_1.19.0/STM32CubeIDE/plugins/com.st.stm32cube.ide.mcu.externaltools.gnu-tools-for-stm32.13.3.rel1.win32_1.0.0.202411081344/tools/bin/../lib/gcc/arm-none-eabi/13.3.1/../../../../arm-none-eabi/lib/thumb/v7e-m+fp/hard\libm.a(libm_a-sf_fabs.o)
 .debug_frame   0x00005894       0x20 C:/ST/STM32CubeIDE_1.19.0/STM32CubeIDE/plugins/com.st.stm32cube.ide.mcu.externaltools.gnu-tools-for-stm32.13.3.rel1.win32_1.0.0.202411081344/tools/bin/../lib/gcc/arm-none-eabi/13.3.1/../../../../arm-none-eabi/lib/thumb/v7e-m+fp/hard\libm.a(libm_a-sf_scalbn.o)
 .debug_frame   0x000058b4       0x88 C:/ST/STM32CubeIDE_1.19.0/STM32CubeIDE/plugins/com.st.stm32cube.ide.mcu.externaltools.gnu-tools-for-stm32.13.3.rel1.win32_1.0.0.202411081344/tools/bin/../lib/gcc/arm-none-eabi/13.3.1/../../../../arm-none-eabi/lib/thumb/v7e-m+fp/hard\libm.a(libm_a-math_errf.o)
 .debug_frame   0x0000593c       0x20 C:/ST/STM32CubeIDE_1.19.0/STM32CubeIDE/plugins/com.st.stm32cube.ide.mcu.externaltools.gnu-tools-for-stm32.13.3.rel1.win32_1.0.0.202411081344/tools/bin/../lib/gcc/arm-none-eabi/13.3.1/../../../../arm-none-eabi/lib/thumb/v7e-m+fp/hard\libm.a(libm_a-ef_sqrt.o)
 .debug_frame   0x0000595c       0x2c C:/ST/STM32CubeIDE_1.19.0/STM32CubeIDE/plugins/com.st.stm32cube.ide.mcu.externaltools.gnu-tools-for-stm32.13.3.rel1.win32_1.0.0.202411081344/tools/bin/../lib/gcc/arm-none-eabi/13.3.1/thumb/v7e-m+fp/hard\libgcc.a(_aeabi_uldivmod.o)
 .debug_frame   0x00005988       0x34 C:/ST/STM32CubeIDE_1.19.0/STM32CubeIDE/plugins/com.st.stm32cube.ide.mcu.externaltools.gnu-tools-for-stm32.13.3.rel1.win32_1.0.0.202411081344/tools/bin/../lib/gcc/arm-none-eabi/13.3.1/thumb/v7e-m+fp/hard\libgcc.a(_udivmoddi4.o)

.debug_line_str
                0x00000000       0x69
 .debug_line_str
                0x00000000       0x69 ./Core/Startup/startup_stm32f446retx.o